Component: ARM Compiler 5.06 update 7 (build 960) Tool: armlink [4d3601]

==============================================================================

Section Cross References

    startup_stm32f072.o(RESET) refers to startup_stm32f072.o(STACK) for __initial_sp
    startup_stm32f072.o(RESET) refers to startup_stm32f072.o(.text) for Reset_Handler
    startup_stm32f072.o(RESET) refers to port.o(i.SVC_Handler) for SVC_Handler
    startup_stm32f072.o(RESET) refers to port.o(.emb_text) for PendSV_Handler
    startup_stm32f072.o(RESET) refers to port.o(i.SysTick_Handler) for SysTick_Handler
    startup_stm32f072.o(RESET) refers to spi.o(i.EXTI2_3_IRQHandler) for EXTI2_3_IRQHandler
    startup_stm32f072.o(RESET) refers to uart_3.o(i.DMA1_Channel2_3_IRQHandler) for DMA1_Channel2_3_IRQHandler
    startup_stm32f072.o(RESET) refers to universal_init.o(i.TIM2_IRQHandler) for TIM2_IRQHandler
    startup_stm32f072.o(.text) refers to system_stm32f0xx.o(i.SystemInit) for SystemInit
    startup_stm32f072.o(.text) refers to entry.o(.ARM.Collect$$$$00000000) for __main
    stm32f0xx_dac.o(i.DAC_DeInit) refers to stm32f0xx_rcc.o(i.RCC_APB1PeriphResetCmd) for RCC_APB1PeriphResetCmd
    stm32f0xx_flash.o(i.FLASH_EraseAllPages) refers to stm32f0xx_flash.o(i.FLASH_WaitForLastOperation) for FLASH_WaitForLastOperation
    stm32f0xx_flash.o(i.FLASH_ErasePage) refers to stm32f0xx_flash.o(i.FLASH_WaitForLastOperation) for FLASH_WaitForLastOperation
    stm32f0xx_flash.o(i.FLASH_ErasePage) refers to stm32f0xx_flash.o(.data) for temp_address
    stm32f0xx_flash.o(i.FLASH_OB_BOOT0Config) refers to stm32f0xx_flash.o(i.FLASH_WaitForLastOperation) for FLASH_WaitForLastOperation
    stm32f0xx_flash.o(i.FLASH_OB_BOOT0SWConfig) refers to stm32f0xx_flash.o(i.FLASH_WaitForLastOperation) for FLASH_WaitForLastOperation
    stm32f0xx_flash.o(i.FLASH_OB_BOOTConfig) refers to stm32f0xx_flash.o(i.FLASH_WaitForLastOperation) for FLASH_WaitForLastOperation
    stm32f0xx_flash.o(i.FLASH_OB_EnableWRP) refers to stm32f0xx_flash.o(i.FLASH_WaitForLastOperation) for FLASH_WaitForLastOperation
    stm32f0xx_flash.o(i.FLASH_OB_Erase) refers to stm32f0xx_flash.o(i.FLASH_OB_GetRDP) for FLASH_OB_GetRDP
    stm32f0xx_flash.o(i.FLASH_OB_Erase) refers to stm32f0xx_flash.o(i.FLASH_WaitForLastOperation) for FLASH_WaitForLastOperation
    stm32f0xx_flash.o(i.FLASH_OB_ProgramData) refers to stm32f0xx_flash.o(i.FLASH_WaitForLastOperation) for FLASH_WaitForLastOperation
    stm32f0xx_flash.o(i.FLASH_OB_RDPConfig) refers to stm32f0xx_flash.o(i.FLASH_WaitForLastOperation) for FLASH_WaitForLastOperation
    stm32f0xx_flash.o(i.FLASH_OB_SRAMParityConfig) refers to stm32f0xx_flash.o(i.FLASH_WaitForLastOperation) for FLASH_WaitForLastOperation
    stm32f0xx_flash.o(i.FLASH_OB_UserConfig) refers to stm32f0xx_flash.o(i.FLASH_WaitForLastOperation) for FLASH_WaitForLastOperation
    stm32f0xx_flash.o(i.FLASH_OB_VDDAConfig) refers to stm32f0xx_flash.o(i.FLASH_WaitForLastOperation) for FLASH_WaitForLastOperation
    stm32f0xx_flash.o(i.FLASH_OB_WriteUser) refers to stm32f0xx_flash.o(i.FLASH_WaitForLastOperation) for FLASH_WaitForLastOperation
    stm32f0xx_flash.o(i.FLASH_ProgramHalfWord) refers to stm32f0xx_flash.o(i.FLASH_WaitForLastOperation) for FLASH_WaitForLastOperation
    stm32f0xx_flash.o(i.FLASH_ProgramWord) refers to stm32f0xx_flash.o(i.FLASH_WaitForLastOperation) for FLASH_WaitForLastOperation
    stm32f0xx_flash.o(i.FLASH_ProgramWord) refers to stm32f0xx_flash.o(.data) for temp_Address
    stm32f0xx_flash.o(i.FLASH_WaitForLastOperation) refers to stm32f0xx_flash.o(i.FLASH_GetStatus) for FLASH_GetStatus
    stm32f0xx_gpio.o(i.GPIO_DeInit) refers to stm32f0xx_rcc.o(i.RCC_AHBPeriphResetCmd) for RCC_AHBPeriphResetCmd
    stm32f0xx_i2c.o(i.I2C_DeInit) refers to stm32f0xx_rcc.o(i.RCC_APB1PeriphResetCmd) for RCC_APB1PeriphResetCmd
    stm32f0xx_pwr.o(i.PWR_DeInit) refers to stm32f0xx_rcc.o(i.RCC_APB1PeriphResetCmd) for RCC_APB1PeriphResetCmd
    stm32f0xx_rcc.o(i.RCC_GetClocksFreq) refers to uidiv.o(.text) for __aeabi_uidivmod
    stm32f0xx_rcc.o(i.RCC_GetClocksFreq) refers to stm32f0xx_rcc.o(.data) for APBAHBPrescTable
    stm32f0xx_rcc.o(i.RCC_WaitForHSEStartUp) refers to stm32f0xx_rcc.o(i.RCC_GetFlagStatus) for RCC_GetFlagStatus
    stm32f0xx_rtc.o(i.RTC_DeInit) refers to stm32f0xx_rtc.o(i.RTC_EnterInitMode) for RTC_EnterInitMode
    stm32f0xx_rtc.o(i.RTC_DeInit) refers to stm32f0xx_rtc.o(i.RTC_WaitForSynchro) for RTC_WaitForSynchro
    stm32f0xx_rtc.o(i.RTC_GetAlarm) refers to stm32f0xx_rtc.o(i.RTC_Bcd2ToByte) for RTC_Bcd2ToByte
    stm32f0xx_rtc.o(i.RTC_GetDate) refers to stm32f0xx_rtc.o(i.RTC_Bcd2ToByte) for RTC_Bcd2ToByte
    stm32f0xx_rtc.o(i.RTC_GetTime) refers to stm32f0xx_rtc.o(i.RTC_Bcd2ToByte) for RTC_Bcd2ToByte
    stm32f0xx_rtc.o(i.RTC_GetTimeStamp) refers to stm32f0xx_rtc.o(i.RTC_Bcd2ToByte) for RTC_Bcd2ToByte
    stm32f0xx_rtc.o(i.RTC_Init) refers to stm32f0xx_rtc.o(i.RTC_EnterInitMode) for RTC_EnterInitMode
[...]
    .data                                    0x20000414   Section       10  variable.o(.data)
    .data                                    0x20000420   Section       32  heap_4.o(.data)
    xStart                                   0x20000420   Data           8  heap_4.o(.data)
    pxEnd                                    0x20000428   Data           4  heap_4.o(.data)
    xFreeBytesRemaining                      0x2000042c   Data           4  heap_4.o(.data)
    xMinimumEverFreeBytesRemaining           0x20000430   Data           4  heap_4.o(.data)
    xNumberOfSuccessfulAllocations           0x20000434   Data           4  heap_4.o(.data)
    xNumberOfSuccessfulFrees                 0x20000438   Data           4  heap_4.o(.data)
    xBlockAllocatedBit                       0x2000043c   Data           4  heap_4.o(.data)
    .data                                    0x20000440   Section       16  port.o(.data)
    uxCriticalNesting                        0x20000440   Data           4  port.o(.data)
    ulTimerCountsForOneTick                  0x20000444   Data           4  port.o(.data)
    xMaximumPossibleSuppressedTicks          0x20000448   Data           4  port.o(.data)
    ulStoppedTimerCompensation               0x2000044c   Data           4  port.o(.data)
    .data                                    0x20000450   Section       60  tasks.o(.data)
    pxDelayedTaskList                        0x20000454   Data           4  tasks.o(.data)
    pxOverflowDelayedTaskList                0x20000458   Data           4  tasks.o(.data)
    uxDeletedTasksWaitingCleanUp             0x2000045c   Data           4  tasks.o(.data)
    uxCurrentNumberOfTasks                   0x20000460   Data           4  tasks.o(.data)
    xTickCount                               0x20000464   Data           4  tasks.o(.data)
    uxTopReadyPriority                       0x20000468   Data           4  tasks.o(.data)
    xSchedulerRunning                        0x2000046c   Data           4  tasks.o(.data)
    xPendedTicks                             0x20000470   Data           4  tasks.o(.data)
    xYieldPending                            0x20000474   Data           4  tasks.o(.data)
    xNumOfOverflows                          0x20000478   Data           4  tasks.o(.data)
    uxTaskNumber                             0x2000047c   Data           4  tasks.o(.data)
    xNextTaskUnblockTime                     0x20000480   Data           4  tasks.o(.data)
    xIdleTaskHandle                          0x20000484   Data           4  tasks.o(.data)
    uxSchedulerSuspended                     0x20000488   Data           4  tasks.o(.data)
    .data                                    0x2000048c   Section       20  timers.o(.data)
    pxCurrentTimerList                       0x2000048c   Data           4  timers.o(.data)
    pxOverflowTimerList                      0x20000490   Data           4  timers.o(.data)
    xTimerQueue                              0x20000494   Data           4  timers.o(.data)
    xTimerTaskHandle                         0x20000498   Data           4  timers.o(.data)
    xLastTime                                0x2000049c   Data           4  timers.o(.data)
    .bss                                     0x200004a0   Section       96  universal_init.o(.bss)
    .bss                                     0x20000500   Section      950  uart_3.o(.bss)
    Uart3SendDMAInitStructure                0x200007f4   Data          44  uart_3.o(.bss)
    s_RXBuf                                  0x20000820   Data         150  uart_3.o(.bss)
    .bss                                     0x200008b6   Section       88  led_others.o(.bss)
    m_LED_DMABuff                            0x200008b6   Data          88  led_others.o(.bss)
    .bss                                     0x20000910   Section       40  ambient_light_app.o(.bss)
    .bss                                     0x20000938   Section       24  iic.o(.bss)
    .bss                                     0x20000950   Section      252  iap.o(.bss)
    .bss                                     0x20000a4c   Section       32  mifare.o(.bss)
    .bss                                     0x20000a6c   Section       86  reader_api.o(.bss)
    .bss                                     0x20000ac2   Section      166  variable.o(.bss)
    .bss                                     0x20000b68   Section     5120  heap_4.o(.bss)
    ucHeap                                   0x20000b68   Data        5120  heap_4.o(.bss)
    .bss                                     0x20001f68   Section      300  tasks.o(.bss)
    pxReadyTasksLists                        0x20001f68   Data         200  tasks.o(.bss)
    xDelayedTaskList1                        0x20002030   Data          20  tasks.o(.bss)
    xDelayedTaskList2                        0x20002044   Data          20  tasks.o(.bss)
    xPendingReadyList                        0x20002058   Data          20  tasks.o(.bss)
    xTasksWaitingTermination                 0x2000206c   Data          20  tasks.o(.bss)
    xSuspendedTaskList                       0x20002080   Data          20  tasks.o(.bss)
    .bss                                     0x20002094   Section       40  timers.o(.bss)
    xActiveTimerList1                        0x20002094   Data          20  timers.o(.bss)
    xActiveTimerList2                        0x200020a8   Data          20  timers.o(.bss)
    STACK                                    0x200020c0   Section     3072  startup_stm32f072.o(STACK)

    Global Symbols

    Symbol Name                              Value     Ov Type        Size  Object(Section)

    BuildAttributes$$THM_ISAv3M$S$PE$A:L22$X:L11$S22$IEEE1$IW$USESV6$~STKCKD$USESV7$~SHL$OSPACE$EBA8$MICROLIB$REQ8$PRES8$EABIv2 0x00000000   Number         0  anon$$obj.o ABSOLUTE
    __ARM_use_no_argv                        0x00000000   Number         0  main.o ABSOLUTE
    __arm_fini_                               - Undefined Weak Reference
    __cpp_initialize__aeabi_                  - Undefined Weak Reference
    __cxa_finalize                            - Undefined Weak Reference
    _clock_init                               - Undefined Weak Reference
    _microlib_exit                            - Undefined Weak Reference
    __Vectors_Size                           0x000000c0   Number         0  startup_stm32f072.o ABSOLUTE
    __Vectors                                0x08001000   Data           4  startup_stm32f072.o(RESET)
    __Vectors_End                            0x080010c0   Data           0  startup_stm32f072.o(RESET)
    __main                                   0x080010c1   Thumb Code     0  entry.o(.ARM.Collect$$$$00000000)
    _main_stk                                0x080010c1   Thumb Code     0  entry2.o(.ARM.Collect$$$$00000001)
    _main_scatterload                        0x080010c5   Thumb Code     0  entry5.o(.ARM.Collect$$$$00000004)
    __main_after_scatterload                 0x080010c9   Thumb Code     0  entry5.o(.ARM.Collect$$$$00000004)
    _main_clock                              0x080010c9   Thumb Code     0  entry7b.o(.ARM.Collect$$$$00000008)
    _main_cpp_init                           0x080010c9   Thumb Code     0  entry8b.o(.ARM.Collect$$$$0000000A)
    _main_init                               0x080010c9   Thumb Code     0  entry9a.o(.ARM.Collect$$$$0000000B)
    __rt_lib_shutdown_fini                   0x080010d1   Thumb Code     0  entry12b.o(.ARM.Collect$$$$0000000E)
    __rt_final_cpp                           0x080010d5   Thumb Code     0  entry10a.o(.ARM.Collect$$$$0000000F)
    __rt_final_exit                          0x080010d5   Thumb Code     0  entry11a.o(.ARM.Collect$$$$00000011)
    Reset_Handler                            0x080010d9   Thumb Code     8  startup_stm32f072.o(.text)
    NMI_Handler                              0x080010e1   Thumb Code     2  startup_stm32f072.o(.text)
    HardFault_Handler                        0x080010e3   Thumb Code     2  startup_stm32f072.o(.text)
    ADC1_COMP_IRQHandler                     0x080010eb   Thumb Code     0  startup_stm32f072.o(.text)
    CEC_CAN_IRQHandler                       0x080010eb   Thumb Code     0  startup_stm32f072.o(.text)
    DMA1_Channel1_IRQHandler                 0x080010eb   Thumb Code     0  startup_stm32f072.o(.text)
    DMA1_Channel4_5_6_7_IRQHandler           0x080010eb   Thumb Code     0  startup_stm32f072.o(.text)
    EXTI0_1_IRQHandler                       0x080010eb   Thumb Code     0  startup_stm32f072.o(.text)
    EXTI4_15_IRQHandler                      0x080010eb   Thumb Code     0  startup_stm32f072.o(.text)
    FLASH_IRQHandler                         0x080010eb   Thumb Code     0  startup_stm32f072.o(.text)
    I2C1_IRQHandler                          0x080010eb   Thumb Code     0  startup_stm32f072.o(.text)
    I2C2_IRQHandler                          0x080010eb   Thumb Code     0  startup_stm32f072.o(.text)
    PVD_VDDIO2_IRQHandler                    0x080010eb   Thumb Code     0  startup_stm32f072.o(.text)
    RCC_CRS_IRQHandler                       0x080010eb   Thumb Code     0  startup_stm32f072.o(.text)
    RTC_IRQHandler                           0x080010eb   Thumb Code     0  startup_stm32f072.o(.text)
    SPI1_IRQHandler                          0x080010eb   Thumb Code     0  startup_stm32f072.o(.text)
    SPI2_IRQHandler                          0x080010eb   Thumb Code     0  startup_stm32f072.o(.text)
    TIM14_IRQHandler                         0x080010eb   Thumb Code     0  startup_stm32f072.o(.text)
    TIM15_IRQHandler                         0x080010eb   Thumb Code     0  startup_stm32f072.o(.text)
    TIM16_IRQHandler                         0x080010eb   Thumb Code     0  startup_stm32f072.o(.text)
    TIM17_IRQHandler                         0x080010eb   Thumb Code     0  startup_stm32f072.o(.text)
    TIM1_BRK_UP_TRG_COM_IRQHandler           0x080010eb   Thumb Code     0  startup_stm32f072.o(.text)
    TIM1_CC_IRQHandler                       0x080010eb   Thumb Code     0  startup_stm32f072.o(.text)
    TIM3_IRQHandler                          0x080010eb   Thumb Code     0  startup_stm32f072.o(.text)
    TIM6_DAC_IRQHandler                      0x080010eb   Thumb Code     0  startup_stm32f072.o(.text)
    TIM7_IRQHandler                          0x080010eb   Thumb Code     0  startup_stm32f072.o(.text)
    TSC_IRQHandler                           0x080010eb   Thumb Code     0  startup_stm32f072.o(.text)
    USART1_IRQHandler                        0x080010eb   Thumb Code     0  startup_stm32f072.o(.text)
    USART2_IRQHandler                        0x080010eb   Thumb Code     0  startup_stm32f072.o(.text)
    USART3_4_IRQHandler                      0x080010eb   Thumb Code     0  startup_stm32f072.o(.text)
    USB_IRQHandler                           0x080010eb   Thumb Code     0  startup_stm32f072.o(.text)
    WWDG_IRQHandler                          0x080010eb   Thumb Code     0  startup_stm32f072.o(.text)
    ADC_StartOfConversion                    0x080010f5   Thumb Code    10  stm32f0xx_adc.o(i.ADC_StartOfConversion)
    RE_LPCD_CALIBRATION                      0x080010ff   Thumb Code     2  reader_api.o(i.RE_LPCD_CALIBRATION)
    __asm___6_port_c_39a90d8d__prvPortStartFirstTask 0x08001111   Thumb Code    36  port.o(.emb_text)
    ulSetInterruptMaskFromISR                0x08001139   Thumb Code     8  port.o(.emb_text)
    vClearInterruptMaskFromISR               0x08001141   Thumb Code     6  port.o(.emb_text)
    PendSV_Handler                           0x08001147   Thumb Code    62  port.o(.emb_text)
    __aeabi_uidiv                            0x08001189   Thumb Code     0  uidiv.o(.text)
    __aeabi_uidivmod                         0x08001189   Thumb Code    44  uidiv.o(.text)
    __aeabi_idiv                             0x080011b5   Thumb Code     0  idiv.o(.text)
    __aeabi_idivmod                          0x080011b5   Thumb Code    40  idiv.o(.text)
    __aeabi_memcpy                           0x080011dd   Thumb Code    36  memcpya.o(.text)
    __aeabi_memcpy4                          0x080011dd   Thumb Code     0  memcpya.o(.text)
    __aeabi_memcpy8                          0x080011dd   Thumb Code     0  memcpya.o(.text)
    __aeabi_memset                           0x08001201   Thumb Code    14  memseta.o(.text)
    __aeabi_memset4                          0x08001201   Thumb Code     0  memseta.o(.text)
    __aeabi_memset8                          0x08001201   Thumb Code     0  memseta.o(.text)
    __aeabi_memclr                           0x0800120f   Thumb Code     4  memseta.o(.text)
    __aeabi_memclr4                          0x0800120f   Thumb Code     0  memseta.o(.text)
    __aeabi_memclr8                          0x0800120f   Thumb Code     0  memseta.o(.text)
    _memset$wrapper                          0x08001213   Thumb Code    18  memseta.o(.text)
    __scatterload                            0x08001225   Thumb Code    28  init.o(.text)
    __scatterload_rt2                        0x08001225   Thumb Code     0  init.o(.text)
    __decompress                             0x08001249   Thumb Code     0  __dczerorl2.o(.text)
    __decompress1                            0x08001249   Thumb Code    86  __dczerorl2.o(.text)
    ADCDMAConfiguration                      0x080012a1   Thumb Code    74  universal_init.o(i.ADCDMAConfiguration)
    ADC_ChannelConfig                        0x080012f9   Thumb Code    24  stm32f0xx_adc.o(i.ADC_ChannelConfig)
    ADC_Cmd                                  0x08001311   Thumb Code    24  stm32f0xx_adc.o(i.ADC_Cmd)
    ADC_DMACmd                               0x08001329   Thumb Code    24  stm32f0xx_adc.o(i.ADC_DMACmd)
    ADC_DMARequestModeConfig                 0x08001341   Thumb Code    16  stm32f0xx_adc.o(i.ADC_DMARequestModeConfig)
    ADC_DeInit                               0x08001351   Thumb Code    28  stm32f0xx_adc.o(i.ADC_DeInit)
    ADC_GetCalibrationFactor                 0x08001371   Thumb Code    60  stm32f0xx_adc.o(i.ADC_GetCalibrationFactor)
    ADC_GetFlagStatus                        0x080013ad   Thumb Code    48  stm32f0xx_adc.o(i.ADC_GetFlagStatus)
    ADC_Get_ConversionValue                  0x080013dd   Thumb Code    40  universal_init.o(i.ADC_Get_ConversionValue)
    ADC_Init                                 0x08001409   Thumb Code    40  stm32f0xx_adc.o(i.ADC_Init)
    ADC_Int                                  0x08001435   Thumb Code   282  universal_init.o(i.ADC_Int)
    ADC_StructInit                           0x08001561   Thumb Code    16  stm32f0xx_adc.o(i.ADC_StructInit)
    ALL_RGB_OFF                              0x08001571   Thumb Code    14  led_others.o(i.ALL_RGB_OFF)
    Ambient_ClearColor                       0x0800157f   Thumb Code    10  ambient_light_app.o(i.Ambient_ClearColor)
    Ambient_Light_Malloc_Init                0x08001589   Thumb Code    58  ambient_light_app.o(i.Ambient_Light_Malloc_Init)
    Ambient_Set_RGB_Value                    0x080015cd   Thumb Code    78  ambient_light_app.o(i.Ambient_Set_RGB_Value)
    Ambient_Timer_Cmp_Update                 0x0800161d   Thumb Code    30  ambient_light_app.o(i.Ambient_Timer_Cmp_Update)
    Ambient_Timer_Init                       0x08001641   Thumb Code   188  universal_init.o(i.Ambient_Timer_Init)
    Ambient_light_Start                      0x08001709   Thumb Code    10  ambient_light_app.o(i.Ambient_light_Start)
    Ambientlight_breath                      0x08001715   Thumb Code   154  led_others.o(i.Ambientlight_breath)
    Beep_Ctrl_Pro                            0x080017bd   Thumb Code   222  control_task.o(i.Beep_Ctrl_Pro)
    COM1_Task                                0x080018b1   Thumb Code   102  user_com_task.o(i.COM1_Task)
    CheckSum                                 0x08001a17   Thumb Code    30  parseframe.o(i.CheckSum)
    Check_IAP_Mode                           0x08001a35   Thumb Code    56  stateupdate.o(i.Check_IAP_Mode)
    ClearErrorByte                           0x08001a79   Thumb Code    16  system_config.o(i.ClearErrorByte)
    Clear_FIFO                               0x08001a8d   Thumb Code    32  fm175xx.o(i.Clear_FIFO)
    Command_Execute                          0x08001aad   Thumb Code   572  reader_api.o(i.Command_Execute)
    Control_Task                             0x08001ce9   Thumb Code    18  control_task.o(i.Control_Task)
    DMA1_Channel2_3_IRQHandler               0x08001cfd   Thumb Code    72  uart_3.o(i.DMA1_Channel2_3_IRQHandler)
    DMA_ClearFlag                            0x08001d51   Thumb Code     6  stm32f0xx_dma.o(i.DMA_ClearFlag)
    DMA_ClearITPendingBit                    0x08001d5d   Thumb Code     6  stm32f0xx_dma.o(i.DMA_ClearITPendingBit)
    DMA_Cmd                                  0x08001d69   Thumb Code    24  stm32f0xx_dma.o(i.DMA_Cmd)
    DMA_DeInit                               0x08001d85   Thumb Code   208  stm32f0xx_dma.o(i.DMA_DeInit)
    DMA_GetITStatus                          0x08001e5d   Thumb Code    22  stm32f0xx_dma.o(i.DMA_GetITStatus)
    DMA_ITConfig                             0x08001e79   Thumb Code    20  stm32f0xx_dma.o(i.DMA_ITConfig)
    DMA_Init                                 0x08001e8d   Thumb Code    58  stm32f0xx_dma.o(i.DMA_Init)
    DMA_SetCurrDataCounter                   0x08001ecd   Thumb Code     4  stm32f0xx_dma.o(i.DMA_SetCurrDataCounter)
    DMA_StructInit                           0x08001ed1   Thumb Code    26  stm32f0xx_dma.o(i.DMA_StructInit)
    Dis_4LED                                 0x08001eed   Thumb Code   374  dis_task.o(i.Dis_4LED)
    Disable_Interrupt                        0x08002075   Thumb Code     4  system_config.o(i.Disable_Interrupt)
    Display_Task                             0x08002079   Thumb Code    48  dis_task.o(i.Display_Task)
    EXTI2_3_IRQHandler                       0x080020b1   Thumb Code    26  spi.o(i.EXTI2_3_IRQHandler)
    EXTI_ClearITPendingBit                   0x080020d1   Thumb Code     6  stm32f0xx_exti.o(i.EXTI_ClearITPendingBit)
    EXTI_Config                              0x080020dd   Thumb Code    62  spi.o(i.EXTI_Config)
    EXTI_GetITStatus                         0x08002121   Thumb Code    22  stm32f0xx_exti.o(i.EXTI_GetITStatus)
    EXTI_Init                                0x0800213d   Thumb Code   132  stm32f0xx_exti.o(i.EXTI_Init)
    Enable_Interrupt                         0x080021c5   Thumb Code     4  system_config.o(i.Enable_Interrupt)
    FLASH_ErasePage                          0x080021c9   Thumb Code    76  stm32f0xx_flash.o(i.FLASH_ErasePage)
    FLASH_GetStatus                          0x0800221d   Thumb Code    54  stm32f0xx_flash.o(i.FLASH_GetStatus)
    FLASH_Lock                               0x08002259   Thumb Code    14  stm32f0xx_flash.o(i.FLASH_Lock)
    FLASH_ProgramHalfWord                    0x0800226d   Thumb Code    62  stm32f0xx_flash.o(i.FLASH_ProgramHalfWord)
    FLASH_ProgramWord                        0x080022b1   Thumb Code   108  stm32f0xx_flash.o(i.FLASH_ProgramWord)
    FLASH_Unlock                             0x08002325   Thumb Code    24  stm32f0xx_flash.o(i.FLASH_Unlock)
    FLASH_WaitForLastOperation               0x08002349   Thumb Code    40  stm32f0xx_flash.o(i.FLASH_WaitForLastOperation)
    FM175XX_HPD                              0x08002371   Thumb Code    40  fm175xx.o(i.FM175XX_HPD)
    FM175XX_HardReset                        0x0800239d   Thumb Code    56  fm175xx.o(i.FM175XX_HardReset)
    FM175XX_Initial_ReaderA                  0x080023d9   Thumb Code    78  reader_api.o(i.FM175XX_Initial_ReaderA)
    FM175XX_Polling                          0x08002427   Thumb Code    56  reader_api.o(i.FM175XX_Polling)
    Flash_PagesMask                          0x0800245f   Thumb Code    24  flash.o(i.Flash_PagesMask)
    Flash_Prepared                           0x08002477   Thumb Code    74  flash.o(i.Flash_Prepared)
    Flash_Read                               0x080024c1   Thumb Code    20  flash.o(i.Flash_Read)
    Flash_Write                              0x080024d5   Thumb Code    80  flash.o(i.Flash_Write)
    Flash_Write_Word                         0x08002525   Thumb Code    98  flash.o(i.Flash_Write_Word)
    FormatFrame                              0x08002587   Thumb Code   134  parseframe.o(i.FormatFrame)
    FrontLightProcess                        0x0800260d   Thumb Code    30  control_task.o(i.FrontLightProcess)
    GPIO_Init                                0x08002631   Thumb Code   144  stm32f0xx_gpio.o(i.GPIO_Init)
    GPIO_PinAFConfig                         0x080026c1   Thumb Code    68  stm32f0xx_gpio.o(i.GPIO_PinAFConfig)
    GPIO_ReadInputDataBit                    0x08002705   Thumb Code    20  stm32f0xx_gpio.o(i.GPIO_ReadInputDataBit)
    GPIO_ReadOutputDataBit                   0x08002719   Thumb Code    20  stm32f0xx_gpio.o(i.GPIO_ReadOutputDataBit)
    GPIO_ResetBits                           0x0800272d   Thumb Code     4  stm32f0xx_gpio.o(i.GPIO_ResetBits)
    GPIO_SetBits                             0x08002731   Thumb Code     4  stm32f0xx_gpio.o(i.GPIO_SetBits)
    GPIO_StructInit                          0x08002735   Thumb Code    20  stm32f0xx_gpio.o(i.GPIO_StructInit)
    GetReg                                   0x0800274d   Thumb Code   124  fm175xx.o(i.GetReg)
    GetReg_Ext                               0x080027cd   Thumb Code    28  fm175xx.o(i.GetReg_Ext)
    Get_RealVaule                            0x080027e9   Thumb Code   188  universal_init.o(i.Get_RealVaule)
    Handle_RGB_Control                       0x080028b9   Thumb Code   126  led_others.o(i.Handle_RGB_Control)
    Handle_Temp_Ctr                          0x08002941   Thumb Code   350  handletemperature.o(i.Handle_Temp_Ctr)
    Handle_Temp_Set                          0x08002aa9   Thumb Code    28  universal_init.o(i.Handle_Temp_Set)
    Handle_Timer_Init                        0x08002ac9   Thumb Code   142  universal_init.o(i.Handle_Timer_Init)
    IAP_EraseSWFlash                         0x08002b61   Thumb Code    30  iap.o(i.IAP_EraseSWFlash)
    IAP_Init                                 0x08002b81   Thumb Code    42  iap.o(i.IAP_Init)
    IAP_ParseFrame                           0x08002bb9   Thumb Code   806  iap.o(i.IAP_ParseFrame)
    IAP_Reset                                0x08002f11   Thumb Code    64  iap.o(i.IAP_Reset)
    IAP_SaveFCtrlmap                         0x08002f71   Thumb Code    42  iap.o(i.IAP_SaveFCtrlmap)
    IAP_decrypt                              0x08002fa5   Thumb Code   192  iap.o(i.IAP_decrypt)
    IIC_Init                                 0x0800306d   Thumb Code    38  iic.o(i.IIC_Init)
    IIC_PushFrame                            0x08003099   Thumb Code    56  iic.o(i.IIC_PushFrame)
    IIC_Send_Byte                            0x080030d5   Thumb Code   182  iic.o(i.IIC_Send_Byte)
    IicProcess                               0x08003419   Thumb Code    80  iic.o(i.IicProcess)
    InitAllPeripherals                       0x0800346d   Thumb Code   118  system_config.o(i.InitAllPeripherals)
    JUDGE                                    0x08003529   Thumb Code    34  reader_api.o(i.JUDGE)
    LED_DMA_Refresh                          0x0800354d   Thumb Code    66  led_others.o(i.LED_DMA_Refresh)
    LPCD_Read                                0x0800359d   Thumb Code   298  reader_api.o(i.LPCD_Read)
    Lpcd_Calibrate_Driver                    0x08003725   Thumb Code   228  reader_api.o(i.Lpcd_Calibrate_Driver)
    Lpcd_Calibrate_Reference                 0x08003819   Thumb Code   116  reader_api.o(i.Lpcd_Calibrate_Reference)
    Lpcd_Calibration_Backup                  0x08003895   Thumb Code    20  reader_api.o(i.Lpcd_Calibration_Backup)
    Lpcd_Calibration_Event                   0x080038ad   Thumb Code    52  reader_api.o(i.Lpcd_Calibration_Event)
    Lpcd_Calibration_Restore                 0x080038e1   Thumb Code    64  reader_api.o(i.Lpcd_Calibration_Restore)
    Lpcd_Get_Calibration_Value               0x08003931   Thumb Code    74  reader_api.o(i.Lpcd_Get_Calibration_Value)
    Lpcd_Get_IRQ                             0x0800397b   Thumb Code    16  reader_api.o(i.Lpcd_Get_IRQ)
    Lpcd_Get_Value                           0x0800398b   Thumb Code    48  reader_api.o(i.Lpcd_Get_Value)
    Lpcd_IRQ_Event                           0x080039bb   Thumb Code    14  reader_api.o(i.Lpcd_IRQ_Event)
    Lpcd_Init_Register                       0x080039c9   Thumb Code    42  reader_api.o(i.Lpcd_Init_Register)
    Lpcd_Reset_Status                        0x080039f3   Thumb Code    22  reader_api.o(i.Lpcd_Reset_Status)
    Lpcd_Set_Driver                          0x08003a09   Thumb Code    94  reader_api.o(i.Lpcd_Set_Driver)
    Lpcd_Set_Gain                            0x08003a67   Thumb Code    20  reader_api.o(i.Lpcd_Set_Gain)
    Lpcd_Set_IE                              0x08003a7b   Thumb Code    28  reader_api.o(i.Lpcd_Set_IE)
    Lpcd_Set_IRQ_pin                         0x08003a97   Thumb Code    20  reader_api.o(i.Lpcd_Set_IRQ_pin)
    Lpcd_Set_Mode                            0x08003aab   Thumb Code    34  reader_api.o(i.Lpcd_Set_Mode)
    Lpcd_Set_Reference                       0x08003acd   Thumb Code    42  reader_api.o(i.Lpcd_Set_Reference)
    Lpcd_Set_Threshold                       0x08003af7   Thumb Code    56  reader_api.o(i.Lpcd_Set_Threshold)
    Lpcd_Set_Timer                           0x08003b31   Thumb Code   178  reader_api.o(i.Lpcd_Set_Timer)
    Lpcd_WaitFor_Irq                         0x08003be9   Thumb Code    58  reader_api.o(i.Lpcd_WaitFor_Irq)
    MasterPowerCtrl                          0x08003c25   Thumb Code    44  stateupdate.o(i.MasterPowerCtrl)
    Mifare_Auth                              0x08003c59   Thumb Code   182  mifare.o(i.Mifare_Auth)
    Mifare_Blockread                         0x08003d0f   Thumb Code    98  mifare.o(i.Mifare_Blockread)
    Mifare_Blockwrite                        0x08003d71   Thumb Code   152  mifare.o(i.Mifare_Blockwrite)
    ModifyReg                                0x08003e09   Thumb Code    50  fm175xx.o(i.ModifyReg)
    ModifyReg_Ext                            0x08003e3b   Thumb Code    50  fm175xx.o(i.ModifyReg_Ext)
    NVIC_Configuration                       0x08003f3d   Thumb Code    50  system_config.o(i.NVIC_Configuration)
    NVIC_Init                                0x08003f71   Thumb Code   106  stm32f0xx_misc.o(i.NVIC_Init)
    Normal_Tasks_Remarks                     0x08004011   Thumb Code    72  control_task.o(i.Normal_Tasks_Remarks)
    ParseFrame                               0x0800405d   Thumb Code   258  parseframe.o(i.ParseFrame)
    Peripherals_Clock_Init                   0x0800416d   Thumb Code   158  system_config.o(i.Peripherals_Clock_Init)
    PowerON_RGB                              0x0800420d   Thumb Code    20  led_others.o(i.PowerON_RGB)
    PushMiniFrame                            0x08004225   Thumb Code    34  parseframe.o(i.PushMiniFrame)
    Query_Send_Data_Pro                      0x08004249   Thumb Code   126  stateupdate.o(i.Query_Send_Data_Pro)
    RCC_ADCCLKConfig                         0x080042d5   Thumb Code    52  stm32f0xx_rcc.o(i.RCC_ADCCLKConfig)
    RCC_AHBPeriphClockCmd                    0x0800430d   Thumb Code    28  stm32f0xx_rcc.o(i.RCC_AHBPeriphClockCmd)
    RCC_APB1PeriphClockCmd                   0x0800432d   Thumb Code    28  stm32f0xx_rcc.o(i.RCC_APB1PeriphClockCmd)
    RCC_APB1PeriphResetCmd                   0x0800434d   Thumb Code    28  stm32f0xx_rcc.o(i.RCC_APB1PeriphResetCmd)
    RCC_APB2PeriphClockCmd                   0x0800436d   Thumb Code    28  stm32f0xx_rcc.o(i.RCC_APB2PeriphClockCmd)
    RCC_APB2PeriphResetCmd                   0x0800438d   Thumb Code    28  stm32f0xx_rcc.o(i.RCC_APB2PeriphResetCmd)
    RCC_GetClocksFreq                        0x080043ad   Thumb Code   468  stm32f0xx_rcc.o(i.RCC_GetClocksFreq)
    RGB_Bit_Set                              0x0800459d   Thumb Code   236  led_others.o(i.RGB_Bit_Set)
    RGB_Buff_Init                            0x08004699   Thumb Code    50  led_others.o(i.RGB_Buff_Init)
    RGB_Time_Init                            0x080046d1   Thumb Code   244  led_others.o(i.RGB_Time_Init)
    ReadUniqueID                             0x080047d1   Thumb Code    64  system_config.o(i.ReadUniqueID)
    ReaderA_AntiColl                         0x08004819   Thumb Code   182  reader_api.o(i.ReaderA_AntiColl)
    ReaderA_CardActivate                     0x080048d9   Thumb Code   122  reader_api.o(i.ReaderA_CardActivate)
    ReaderA_Select                           0x08004959   Thumb Code   162  reader_api.o(i.ReaderA_Select)
    ReaderA_Wakeup                           0x08004a05   Thumb Code    90  reader_api.o(i.ReaderA_Wakeup)
    SPI1_Configuration                       0x08004a65   Thumb Code   198  spi.o(i.SPI1_Configuration)
    SPI_Cmd                                  0x08004b35   Thumb Code    24  stm32f0xx_spi.o(i.SPI_Cmd)
    SPI_I2S_ClearFlag                        0x08004b51   Thumb Code     6  stm32f0xx_spi.o(i.SPI_I2S_ClearFlag)
    SPI_I2S_GetFlagStatus                    0x08004b57   Thumb Code    20  stm32f0xx_spi.o(i.SPI_I2S_GetFlagStatus)
    SPI_Init                                 0x08004b6d   Thumb Code    76  stm32f0xx_spi.o(i.SPI_Init)
    SPI_Read_FIFO                            0x08004bc5   Thumb Code   142  fm175xx.o(i.SPI_Read_FIFO)
    SPI_ReceiveData8                         0x08004c59   Thumb Code    12  stm32f0xx_spi.o(i.SPI_ReceiveData8)
    SPI_RxFIFOThresholdConfig                0x08004c65   Thumb Code    16  stm32f0xx_spi.o(i.SPI_RxFIFOThresholdConfig)
    SPI_SendData8                            0x08004c79   Thumb Code    10  stm32f0xx_spi.o(i.SPI_SendData8)
    SPI_Write_FIFO                           0x08004c85   Thumb Code   106  fm175xx.o(i.SPI_Write_FIFO)
    SVC_Handler                              0x08004cf5   Thumb Code     2  port.o(i.SVC_Handler)
    SYSCFG_EXTILineConfig                    0x08004cf9   Thumb Code    60  stm32f0xx_syscfg.o(i.SYSCFG_EXTILineConfig)
    SYSCFG_MemoryRemapConfig                 0x08004d39   Thumb Code    24  stm32f0xx_syscfg.o(i.SYSCFG_MemoryRemapConfig)
    SaveFDatamap                             0x08004d55   Thumb Code   234  system_config.o(i.SaveFDatamap)
    SetErrorByte                             0x08004e59   Thumb Code    22  system_config.o(i.SetErrorByte)
    SetReceiveCRC                            0x08004e75   Thumb Code    32  reader_api.o(i.SetReceiveCRC)
    SetReg                                   0x08004e95   Thumb Code   108  fm175xx.o(i.SetReg)
    SetReg_Ext                               0x08004f05   Thumb Code    32  fm175xx.o(i.SetReg_Ext)
    SetRf                                    0x08004f25   Thumb Code    88  reader_api.o(i.SetRf)
    SetSendCRC                               0x08004f81   Thumb Code    32  reader_api.o(i.SetSendCRC)
    SetTimeOut                               0x08004fa1   Thumb Code    96  reader_api.o(i.SetTimeOut)
    SysTick_CLKSourceConfig                  0x0800500d   Thumb Code    32  stm32f0xx_misc.o(i.SysTick_CLKSourceConfig)
    SysTick_Handler                          0x08005031   Thumb Code    32  port.o(i.SysTick_Handler)
    SystemCoreClockConfigure                 0x08005055   Thumb Code   206  system_config.o(i.SystemCoreClockConfigure)
    SystemCoreClockUpdate                    0x0800512d   Thumb Code   154  system_stm32f0xx.o(i.SystemCoreClockUpdate)
    SystemInit                               0x080051dd   Thumb Code   104  system_stm32f0xx.o(i.SystemInit)
    TIM2_IRQHandler                          0x08005251   Thumb Code    28  universal_init.o(i.TIM2_IRQHandler)
    TIM_ARRPreloadConfig                     0x0800526d   Thumb Code    24  stm32f0xx_tim.o(i.TIM_ARRPreloadConfig)
    TIM_ClearFlag                            0x08005289   Thumb Code     6  stm32f0xx_tim.o(i.TIM_ClearFlag)
    TIM_ClearITPendingBit                    0x0800528f   Thumb Code     6  stm32f0xx_tim.o(i.TIM_ClearITPendingBit)
    TIM_Cmd                                  0x08005295   Thumb Code    24  stm32f0xx_tim.o(i.TIM_Cmd)
    TIM_CtrlPWMOutputs                       0x080052b1   Thumb Code    34  stm32f0xx_tim.o(i.TIM_CtrlPWMOutputs)
    TIM_DMACmd                               0x080052d3   Thumb Code    20  stm32f0xx_tim.o(i.TIM_DMACmd)
    TIM_DeInit                               0x080052e9   Thumb Code   228  stm32f0xx_tim.o(i.TIM_DeInit)
    TIM_GetITStatus                          0x080053ed   Thumb Code    38  stm32f0xx_tim.o(i.TIM_GetITStatus)
    TIM_ITConfig                             0x08005413   Thumb Code    20  stm32f0xx_tim.o(i.TIM_ITConfig)
    TIM_OC1Init                              0x08005429   Thumb Code   122  stm32f0xx_tim.o(i.TIM_OC1Init)
    TIM_OC1PreloadConfig                     0x080054bd   Thumb Code    20  stm32f0xx_tim.o(i.TIM_OC1PreloadConfig)
    TIM_OC2Init                              0x080054d5   Thumb Code   142  stm32f0xx_tim.o(i.TIM_OC2Init)
    TIM_OC2PreloadConfig                     0x08005581   Thumb Code    20  stm32f0xx_tim.o(i.TIM_OC2PreloadConfig)
    TIM_OC3Init                              0x08005599   Thumb Code   124  stm32f0xx_tim.o(i.TIM_OC3Init)
    TIM_OC3PreloadConfig                     0x08005631   Thumb Code    20  stm32f0xx_tim.o(i.TIM_OC3PreloadConfig)
    TIM_OCStructInit                         0x08005649   Thumb Code    20  stm32f0xx_tim.o(i.TIM_OCStructInit)
    TIM_SetCompare1                          0x0800565d   Thumb Code     4  stm32f0xx_tim.o(i.TIM_SetCompare1)
    TIM_SetCompare2                          0x08005661   Thumb Code     4  stm32f0xx_tim.o(i.TIM_SetCompare2)
    TIM_SetCompare3                          0x08005665   Thumb Code     4  stm32f0xx_tim.o(i.TIM_SetCompare3)
    TIM_TimeBaseInit                         0x08005669   Thumb Code    90  stm32f0xx_tim.o(i.TIM_TimeBaseInit)
    TIM_TimeBaseStructInit                   0x080056e5   Thumb Code    18  stm32f0xx_tim.o(i.TIM_TimeBaseStructInit)
    TYPE_A_EVENT                             0x080056f9   Thumb Code   272  reader_api.o(i.TYPE_A_EVENT)
    Timer2Init                               0x0800582d   Thumb Code    56  universal_init.o(i.Timer2Init)
    UART3_CheckReceive                       0x08005865   Thumb Code   120  uart_3.o(i.UART3_CheckReceive)
    UART3_CheckSend                          0x080058f1   Thumb Code    76  uart_3.o(i.UART3_CheckSend)
    UART3_DMAConfiguration                   0x08005951   Thumb Code   192  uart_3.o(i.UART3_DMAConfiguration)
    UART3_InitVariables                      0x08005a51   Thumb Code     8  uart_3.o(i.UART3_InitVariables)
    UART3_Int                                0x08005a5d   Thumb Code   136  uart_3.o(i.UART3_Int)
    UART3_ParseData                          0x08005aed   Thumb Code   256  uart_3.o(i.UART3_ParseData)
    UART3_PushFrame                          0x08005c05   Thumb Code   148  uart_3.o(i.UART3_PushFrame)
    USART_Cmd                                0x08005d29   Thumb Code    24  stm32f0xx_usart.o(i.USART_Cmd)
    USART_DMACmd                             0x08005d41   Thumb Code    20  stm32f0xx_usart.o(i.USART_DMACmd)
    USART_DeInit                             0x08005d55   Thumb Code   108  stm32f0xx_usart.o(i.USART_DeInit)
    USART_HalfDuplexCmd                      0x08005dd1   Thumb Code    24  stm32f0xx_usart.o(i.USART_HalfDuplexCmd)
    USART_Init                               0x08005de9   Thumb Code   214  stm32f0xx_usart.o(i.USART_Init)
    Variables_Init                           0x08005ed1   Thumb Code    84  system_config.o(i.Variables_Init)
    Wireless_Power_Ctr_Handler               0x08005f3d   Thumb Code   318  control_task.o(i.Wireless_Power_Ctr_Handler)
    __ARM_common_switch8                     0x080060a5   Thumb Code    28  iic.o(i.__ARM_common_switch8)
    __scatterload_copy                       0x080060c1   Thumb Code    14  handlers.o(i.__scatterload_copy)
    __scatterload_null                       0x080060cf   Thumb Code     2  handlers.o(i.__scatterload_null)
    __scatterload_zeroinit                   0x080060d1   Thumb Code    14  handlers.o(i.__scatterload_zeroinit)
    check_NFC_key                            0x080060e1   Thumb Code    32  reader_api.o(i.check_NFC_key)
    delay_init                               0x0800610d   Thumb Code    62  system_config.o(i.delay_init)
    delay_us                                 0x08006161   Thumb Code    62  system_config.o(i.delay_us)
    eTaskConfirmSleepModeStatus              0x080061a9   Thumb Code    46  tasks.o(i.eTaskConfirmSleepModeStatus)
    gpioGetInput                             0x080061e9   Thumb Code    74  gpio.o(i.gpioGetInput)
    gpioGetOutput                            0x08006239   Thumb Code    34  gpio.o(i.gpioGetOutput)
    gpioInitialize                           0x08006261   Thumb Code    34  gpio.o(i.gpioInitialize)
    gpioSetOutput                            0x08006289   Thumb Code    54  gpio.o(i.gpioSetOutput)
    gpioSetToggle                            0x080062c5   Thumb Code    44  gpio.o(i.gpioSetToggle)
    mDelay                                   0x080062f5   Thumb Code    52  fm175xx.o(i.mDelay)
    main                                     0x0800632d   Thumb Code    46  main.o(i.main)
    pvPortMalloc                             0x08006e39   Thumb Code   274  heap_4.o(i.pvPortMalloc)
    pxPortInitialiseStack                    0x08006f65   Thumb Code    26  port.o(i.pxPortInitialiseStack)
    start_task                               0x08006f85   Thumb Code    96  main.o(i.start_task)
    turnLightProcess                         0x08007029   Thumb Code   442  turnlightprocess.o(i.turnLightProcess)
    uDelay                                   0x08007205   Thumb Code    22  reader_api.o(i.uDelay)
    uxListRemove                             0x0800721b   Thumb Code    40  list.o(i.uxListRemove)
    vListInitialise                          0x08007243   Thumb Code    26  list.o(i.vListInitialise)
    vListInitialiseItem                      0x0800725d   Thumb Code     6  list.o(i.vListInitialiseItem)
    vListInsert                              0x08007263   Thumb Code    54  list.o(i.vListInsert)
    vListInsertEnd                           0x08007299   Thumb Code    24  list.o(i.vListInsertEnd)
    vPortEnterCritical                       0x080072b1   Thumb Code    22  port.o(i.vPortEnterCritical)
    vPortExitCritical                        0x080072cd   Thumb Code    36  port.o(i.vPortExitCritical)
    vPortFree                                0x080072f5   Thumb Code   130  heap_4.o(i.vPortFree)
    vPortSetupTimerInterrupt                 0x08007385   Thumb Code    70  port.o(i.vPortSetupTimerInterrupt)
    vPortSuppressTicksAndSleep               0x080073e5   Thumb Code   306  port.o(i.vPortSuppressTicksAndSleep)
    vPortYield                               0x08007529   Thumb Code    18  port.o(i.vPortYield)
    vQueueWaitForMessageRestricted           0x08007541   Thumb Code    76  queue.o(i.vQueueWaitForMessageRestricted)
    vTaskDelay                               0x0800758d   Thumb Code    62  tasks.o(i.vTaskDelay)
    vTaskDelete                              0x080075d1   Thumb Code   150  tasks.o(i.vTaskDelete)
    vTaskInternalSetTimeOutState             0x08007685   Thumb Code    14  tasks.o(i.vTaskInternalSetTimeOutState)
    vTaskMissedYield                         0x0800769d   Thumb Code     8  tasks.o(i.vTaskMissedYield)
    vTaskPlaceOnEventList                    0x080076a9   Thumb Code    38  tasks.o(i.vTaskPlaceOnEventList)
    vTaskPlaceOnEventListRestricted          0x080076d5   Thumb Code    48  tasks.o(i.vTaskPlaceOnEventListRestricted)
    vTaskStartScheduler                      0x08007709   Thumb Code    90  tasks.o(i.vTaskStartScheduler)
    vTaskStepTick                            0x08007781   Thumb Code    42  tasks.o(i.vTaskStepTick)
    vTaskSuspendAll                          0x080077b5   Thumb Code    12  tasks.o(i.vTaskSuspendAll)
    vTaskSwitchContext                       0x080077c5   Thumb Code   108  tasks.o(i.vTaskSwitchContext)
    xPortStartScheduler                      0x08007845   Thumb Code    48  port.o(i.xPortStartScheduler)
    xQueueGenericCreate                      0x0800787d   Thumb Code    76  queue.o(i.xQueueGenericCreate)
    xQueueGenericReset                       0x080078c9   Thumb Code   130  queue.o(i.xQueueGenericReset)
    xQueueGenericSend                        0x0800794b   Thumb Code   382  queue.o(i.xQueueGenericSend)
    xQueueGenericSendFromISR                 0x08007ac9   Thumb Code   228  queue.o(i.xQueueGenericSendFromISR)
    xQueueReceive                            0x08007bad   Thumb Code   312  queue.o(i.xQueueReceive)
    xTaskCheckForTimeOut                     0x08007ce5   Thumb Code   132  tasks.o(i.xTaskCheckForTimeOut)
    xTaskCreate                              0x08007d75   Thumb Code    92  tasks.o(i.xTaskCreate)
    xTaskGetSchedulerState                   0x08007dd1   Thumb Code    28  tasks.o(i.xTaskGetSchedulerState)
    xTaskGetTickCount                        0x08007df5   Thumb Code     6  tasks.o(i.xTaskGetTickCount)
    xTaskIncrementTick                       0x08007e01   Thumb Code   270  tasks.o(i.xTaskIncrementTick)
    xTaskPriorityDisinherit                  0x08007f3d   Thumb Code   124  tasks.o(i.xTaskPriorityDisinherit)
    xTaskRemoveFromEventList                 0x08007fc5   Thumb Code   116  tasks.o(i.xTaskRemoveFromEventList)
    xTaskResumeAll                           0x08008051   Thumb Code   206  tasks.o(i.xTaskResumeAll)
    xTimerCreateTimerTask                    0x08008141   Thumb Code    52  timers.o(i.xTimerCreateTimerTask)
    xTimerGenericCommand                     0x08008189   Thumb Code   110  timers.o(i.xTimerGenericCommand)
    Region$$Table$$Base                      0x0800821c   Number         0  anon$$obj.o(Region$$Table)
    Region$$Table$$Limit                     0x0800823c   Number         0  anon$$obj.o(Region$$Table)
    temp_address                             0x200000c0   Data           4  stm32f0xx_flash.o(.data)
    temp_Address                             0x200000c4   Data           4  stm32f0xx_flash.o(.data)
    SystemCoreClock                          0x200000d8   Data           4  system_stm32f0xx.o(.data)
    AHBPrescTable                            0x200000dc   Data          16  system_stm32f0xx.o(.data)
    StartTask_Handler                        0x200000ec   Data           4  main.o(.data)
    Task1Task_Handler                        0x200000f0   Data           4  main.o(.data)
    Task2Task_Handler                        0x200000f4   Data           4  main.o(.data)
    Task3Task_Handler                        0x200000f8   Data           4  main.o(.data)
    COM1_Message_Queue                       0x200001e4   Data           4  user_com_task.o(.data)
    m_EUART3_TxFrm_Tail                      0x200001ec   Data           1  uart_3.o(.data)
    m_EUART3_TxFrm_Head                      0x200001ed   Data           1  uart_3.o(.data)
    m_EUART3_TxFrm_FreeFrmLen                0x200001ee   Data           1  uart_3.o(.data)
    m_EUART3_DMA_RXPtr                       0x200001f0   Data           4  uart_3.o(.data)
    m_bEUART3PushingFrms                     0x200001f4   Data           1  uart_3.o(.data)
    m_bEUART3CheckingRec                     0x200001f5   Data           1  uart_3.o(.data)
    m_bEUART3CheckingSend                    0x200001f6   Data           1  uart_3.o(.data)
    m_bEUART3TxEn                            0x200001f7   Data           1  uart_3.o(.data)
    g_FCtrlMap_Default                       0x20000284   Data          12  iap.o(.data)
    m_BinOldSliceForDecr                     0x20000290   Data           8  iap.o(.data)
    m_BinNewSliceForDecr                     0x20000298   Data           8  iap.o(.data)
    X_Temp_Handle                            0x200002a0   Data          48  handletemperature.o(.data)
    Y_Res_Handle                             0x200002d0   Data          48  handletemperature.o(.data)
    _temperature_object                      0x20000300   Data          12  handletemperature.o(.data)
    NFC_SECTOR                               0x2000031a   Data           1  mifare.o(.data)
    NFC_BLOCK                                0x2000031b   Data           1  mifare.o(.data)
    NFC_BLOCK_NUM                            0x2000031c   Data           1  mifare.o(.data)
    BLOCK_DATA                               0x2000031d   Data          16  mifare.o(.data)
    BLOCK_DATA_W                             0x2000032d   Data          16  mifare.o(.data)
    KEY_A                                    0x2000033d   Data          96  mifare.o(.data)
    KEY_B                                    0x2000039d   Data          96  mifare.o(.data)
    succeed                                  0x20000400   Data           1  reader_api.o(.data)
    NFC_INT                                  0x20000401   Data           1  reader_api.o(.data)
    NFC_set                                  0x20000402   Data           2  reader_api.o(.data)
    _my_id                                   0x20000404   Data           8  reader_api.o(.data)
    Lpcd_Debug_Info                          0x2000040c   Data           1  reader_api.o(.data)
    Lpcd_Debug_Test                          0x2000040d   Data           1  reader_api.o(.data)
    s_error_cnt                              0x2000040e   Data           1  reader_api.o(.data)
    g_Clear_error_cnt                        0x20000414   Data           2  variable.o(.data)
    g_ErrorByte                              0x20000416   Data           1  variable.o(.data)
    g_wireless_charger_vol                   0x20000417   Data           1  variable.o(.data)
    g_leftBreakGnd_vol                       0x20000418   Data           2  variable.o(.data)
    g_rightBreakGnd_vol                      0x2000041a   Data           2  variable.o(.data)
    g_accGnd_vol                             0x2000041c   Data           2  variable.o(.data)
    pxCurrentTCB                             0x20000450   Data           4  tasks.o(.data)
    m_ADCValue                               0x200004a0   Data          96  universal_init.o(.bss)
    m_EUART3_TxFrames                        0x20000500   Data         604  uart_3.o(.bss)
    m_EUART3_DMA_RXBuf                       0x2000075c   Data         150  uart_3.o(.bss)
    Ambient_light_object                     0x20000910   Data          40  ambient_light_app.o(.bss)
    iic_t                                    0x20000938   Data          24  iic.o(.bss)
    g_FCtrlMap                               0x20000950   Data          12  iap.o(.bss)
    m_key                                    0x2000095c   Data          16  iap.o(.bss)
    g_DecryptDataBuf                         0x2000096c   Data         200  iap.o(.bss)
    iap_state                                0x20000a34   Data          24  iap.o(.bss)
    BLOCK_DATA_R                             0x20000a4c   Data          16  mifare.o(.bss)
    DATA_W_RAND                              0x20000a5c   Data          16  mifare.o(.bss)
    PICC_A                                   0x20000a6c   Data          25  reader_api.o(.bss)
    PICC_B                                   0x20000a85   Data          41  reader_api.o(.bss)
    Lpcd                                     0x20000aae   Data          20  reader_api.o(.bss)
    g_NBCmdMap                               0x20000ac2   Data          32  variable.o(.bss)
    g_myself_data                            0x20000ae2   Data         108  variable.o(.bss)
    g_bool                                   0x20000b4e   Data          26  variable.o(.bss)
    __initial_sp                             0x20002cc0   Data           0  startup_stm32f072.o(STACK)



==============================================================================

Memory Map of the image

  Image Entry point : 0x080010c1

  Load Region LR_IROM1 (Base: 0x08001000, Size: 0x0000761c, Max: 0x00020000, ABSOLUTE, COMPRESSED[0x00007368])

    Execution Region ER_IROM1 (Exec base: 0x08001000, Load base: 0x08001000, Size: 0x0000723c, Max: 0x00020000, ABSOLUTE)

    Exec Addr    Load Addr    Size         Type   Attr      Idx    E Section Name        Object

    0x08001000   0x08001000   0x000000c0   Data   RO            3    RESET               startup_stm32f072.o
    0x080010c0   0x080010c0   0x00000000   Code   RO         6495  * .ARM.Collect$$$$00000000  mc_p.l(entry.o)
    0x080010c0   0x080010c0   0x00000004   Code   RO         6510    .ARM.Collect$$$$00000001  mc_p.l(entry2.o)
    0x080010c4   0x080010c4   0x00000004   Code   RO         6513    .ARM.Collect$$$$00000004  mc_p.l(entry5.o)
    0x080010c8   0x080010c8   0x00000000   Code   RO         6515    .ARM.Collect$$$$00000008  mc_p.l(entry7b.o)
    0x080010c8   0x080010c8   0x00000000   Code   RO         6517    .ARM.Collect$$$$0000000A  mc_p.l(entry8b.o)
    0x080010c8   0x080010c8   0x00000008   Code   RO         6518    .ARM.Collect$$$$0000000B  mc_p.l(entry9a.o)
    0x080010d0   0x080010d0   0x00000004   Code   RO         6525    .ARM.Collect$$$$0000000E  mc_p.l(entry12b.o)
    0x080010d4   0x080010d4   0x00000000   Code   RO         6520    .ARM.Collect$$$$0000000F  mc_p.l(entry10a.o)
    0x080010d4   0x080010d4   0x00000000   Code   RO         6522    .ARM.Collect$$$$00000011  mc_p.l(entry11a.o)
    0x080010d4   0x080010d4   0x00000004   Code   RO         6511    .ARM.Collect$$$$00002712  mc_p.l(entry2.o)
    0x080010d8   0x080010d8   0x0000001c   Code   RO            4    .text               startup_stm32f072.o
    0x080010f4   0x080010f4   0x0000000a   Code   RO         2734    i.ADC_StartOfConversion  stm32f0xx_adc.o
    0x080010fe   0x080010fe   0x00000002   Code   RO         5063    i.RE_LPCD_CALIBRATION  reader_api.o
    0x08001100   0x08001100   0x00000010   Data   RO         4707    .ARM.__AT_0x08001100  iap.o
    0x08001110   0x08001110   0x00000078   Code   RO         5603    .emb_text           port.o
    0x08001188   0x08001188   0x0000002c   Code   RO         6498    .text               mc_p.l(uidiv.o)
    0x080011b4   0x080011b4   0x00000028   Code   RO         6500    .text               mc_p.l(idiv.o)
    0x080011dc   0x080011dc   0x00000024   Code   RO         6502    .text               mc_p.l(memcpya.o)
    0x08001200   0x08001200   0x00000024   Code   RO         6504    .text               mc_p.l(memseta.o)
    0x08001224   0x08001224   0x00000024   Code   RO         6526    .text               mc_p.l(init.o)
    0x08001248   0x08001248   0x00000056   Code   RO         6536    .text               mc_p.l(__dczerorl2.o)
    0x0800129e   0x0800129e   0x00000002   PAD
    0x080012a0   0x080012a0   0x00000058   Code   RO         4032    i.ADCDMAConfiguration  universal_init.o
    0x080012f8   0x080012f8   0x00000018   Code   RO         2716    i.ADC_ChannelConfig  stm32f0xx_adc.o
    0x08001310   0x08001310   0x00000018   Code   RO         2720    i.ADC_Cmd           stm32f0xx_adc.o
    0x08001328   0x08001328   0x00000018   Code   RO         2722    i.ADC_DMACmd        stm32f0xx_adc.o
    0x08001340   0x08001340   0x00000010   Code   RO         2723    i.ADC_DMARequestModeConfig  stm32f0xx_adc.o
    0x08001350   0x08001350   0x00000020   Code   RO         2724    i.ADC_DeInit        stm32f0xx_adc.o
    0x08001370   0x08001370   0x0000003c   Code   RO         2726    i.ADC_GetCalibrationFactor  stm32f0xx_adc.o
    0x080013ac   0x080013ac   0x00000030   Code   RO         2728    i.ADC_GetFlagStatus  stm32f0xx_adc.o
    0x080013dc   0x080013dc   0x0000002c   Code   RO         4033    i.ADC_Get_ConversionValue  universal_init.o
    0x08001408   0x08001408   0x0000002c   Code   RO         2731    i.ADC_Init          stm32f0xx_adc.o
    0x08001434   0x08001434   0x0000012c   Code   RO         4034    i.ADC_Int           universal_init.o
    0x08001560   0x08001560   0x00000010   Code   RO         2736    i.ADC_StructInit    stm32f0xx_adc.o
    0x08001570   0x08001570   0x0000000e   Code   RO         4363    i.ALL_RGB_OFF       led_others.o
    0x0800157e   0x0800157e   0x0000000a   Code   RO         4429    i.Ambient_ClearColor  ambient_light_app.o
    0x08001588   0x08001588   0x00000044   Code   RO         4432    i.Ambient_Light_Malloc_Init  ambient_light_app.o
    0x080015cc   0x080015cc   0x0000004e   Code   RO         4433    i.Ambient_Set_RGB_Value  ambient_light_app.o
    0x0800161a   0x0800161a   0x00000002   PAD
    0x0800161c   0x0800161c   0x00000024   Code   RO         4434    i.Ambient_Timer_Cmp_Update  ambient_light_app.o
    0x08001640   0x08001640   0x000000c8   Code   RO         4035    i.Ambient_Timer_Init  universal_init.o
    0x08001708   0x08001708   0x0000000a   Code   RO         4435    i.Ambient_light_Start  ambient_light_app.o
    0x08001712   0x08001712   0x00000002   PAD
    0x08001714   0x08001714   0x000000a8   Code   RO         4364    i.Ambientlight_breath  led_others.o
    0x080017bc   0x080017bc   0x000000f4   Code   RO         4589    i.Beep_Ctrl_Pro     control_task.o
    0x080018b0   0x080018b0   0x00000078   Code   RO         4204    i.COM1_Task         user_com_task.o
    0x08001928   0x08001928   0x0000005c   Code   RO         4590    i.COM_Overtime_Check_Pro  control_task.o
    0x08001984   0x08001984   0x00000092   Code   RO         4765    i.Calculate_Value_By_Linertable  handletemperature.o
    0x08001a16   0x08001a16   0x0000001e   Code   RO         4164    i.CheckSum          parseframe.o
    0x08001a34   0x08001a34   0x00000044   Code   RO         4804    i.Check_IAP_Mode    stateupdate.o
    0x08001a78   0x08001a78   0x00000014   Code   RO         3909    i.ClearErrorByte    system_config.o
    0x08001a8c   0x08001a8c   0x00000020   Code   RO         4867    i.Clear_FIFO        fm175xx.o
    0x08001aac   0x08001aac   0x0000023c   Code   RO         5037    i.Command_Execute   reader_api.o
    0x08001ce8   0x08001ce8   0x00000012   Code   RO         4591    i.Control_Task      control_task.o
    0x08001cfa   0x08001cfa   0x00000002   PAD
    0x08001cfc   0x08001cfc   0x00000054   Code   RO         4238    i.DMA1_Channel2_3_IRQHandler  uart_3.o
    0x08001d50   0x08001d50   0x0000000c   Code   RO          362    i.DMA_ClearFlag     stm32f0xx_dma.o
    0x08001d5c   0x08001d5c   0x0000000c   Code   RO          363    i.DMA_ClearITPendingBit  stm32f0xx_dma.o
    0x08001d68   0x08001d68   0x0000001c   Code   RO          364    i.DMA_Cmd           stm32f0xx_dma.o
    0x08001d84   0x08001d84   0x000000d8   Code   RO          365    i.DMA_DeInit        stm32f0xx_dma.o
    0x08001e5c   0x08001e5c   0x0000001c   Code   RO          368    i.DMA_GetITStatus   stm32f0xx_dma.o
    0x08001e78   0x08001e78   0x00000014   Code   RO          369    i.DMA_ITConfig      stm32f0xx_dma.o
    0x08001e8c   0x08001e8c   0x00000040   Code   RO          370    i.DMA_Init          stm32f0xx_dma.o
    0x08001ecc   0x08001ecc   0x00000004   Code   RO          371    i.DMA_SetCurrDataCounter  stm32f0xx_dma.o
    0x08001ed0   0x08001ed0   0x0000001a   Code   RO          372    i.DMA_StructInit    stm32f0xx_dma.o
    0x08001eea   0x08001eea   0x00000002   PAD
    0x08001eec   0x08001eec   0x00000188   Code   RO         4326    i.Dis_4LED          dis_task.o
    0x08002074   0x08002074   0x00000004   Code   RO         3910    i.Disable_Interrupt  system_config.o
    0x08002078   0x08002078   0x00000038   Code   RO         4327    i.Display_Task      dis_task.o
    0x080020b0   0x080020b0   0x00000020   Code   RO         5343    i.EXTI2_3_IRQHandler  spi.o
    0x080020d0   0x080020d0   0x0000000c   Code   RO          443    i.EXTI_ClearITPendingBit  stm32f0xx_exti.o
    0x080020dc   0x080020dc   0x00000044   Code   RO         5344    i.EXTI_Config       spi.o
    0x08002120   0x08002120   0x0000001c   Code   RO          447    i.EXTI_GetITStatus  stm32f0xx_exti.o
    0x0800213c   0x0800213c   0x00000088   Code   RO          448    i.EXTI_Init         stm32f0xx_exti.o
    0x080021c4   0x080021c4   0x00000004   Code   RO         3911    i.Enable_Interrupt  system_config.o
    0x080021c8   0x080021c8   0x00000054   Code   RO          506    i.FLASH_ErasePage   stm32f0xx_flash.o
    0x0800221c   0x0800221c   0x0000003c   Code   RO          509    i.FLASH_GetStatus   stm32f0xx_flash.o
    0x08002258   0x08002258   0x00000014   Code   RO          511    i.FLASH_Lock        stm32f0xx_flash.o
    0x0800226c   0x0800226c   0x00000044   Code   RO          530    i.FLASH_ProgramHalfWord  stm32f0xx_flash.o
    0x080022b0   0x080022b0   0x00000074   Code   RO          531    i.FLASH_ProgramWord  stm32f0xx_flash.o
    0x08002324   0x08002324   0x00000024   Code   RO          533    i.FLASH_Unlock      stm32f0xx_flash.o
    0x08002348   0x08002348   0x00000028   Code   RO          534    i.FLASH_WaitForLastOperation  stm32f0xx_flash.o
    0x08002370   0x08002370   0x0000002c   Code   RO         4868    i.FM175XX_HPD       fm175xx.o
    0x0800239c   0x0800239c   0x0000003c   Code   RO         4869    i.FM175XX_HardReset  fm175xx.o
    0x080023d8   0x080023d8   0x0000004e   Code   RO         5038    i.FM175XX_Initial_ReaderA  reader_api.o
    0x08002426   0x08002426   0x00000038   Code   RO         5040    i.FM175XX_Polling   reader_api.o
    0x0800245e   0x0800245e   0x00000018   Code   RO         4654    i.Flash_PagesMask   flash.o
    0x08002476   0x08002476   0x0000004a   Code   RO         4655    i.Flash_Prepared    flash.o
    0x080024c0   0x080024c0   0x00000014   Code   RO         4656    i.Flash_Read        flash.o
    0x080024d4   0x080024d4   0x00000050   Code   RO         4657    i.Flash_Write       flash.o
    0x08002524   0x08002524   0x00000062   Code   RO         4658    i.Flash_Write_Word  flash.o
    0x08002586   0x08002586   0x00000086   Code   RO         4165    i.FormatFrame       parseframe.o
    0x0800260c   0x0800260c   0x00000024   Code   RO         4592    i.FrontLightProcess  control_task.o
    0x08002630   0x08002630   0x00000090   Code   RO          708    i.GPIO_Init         stm32f0xx_gpio.o
    0x080026c0   0x080026c0   0x00000044   Code   RO          709    i.GPIO_PinAFConfig  stm32f0xx_gpio.o
    0x08002704   0x08002704   0x00000014   Code   RO          712    i.GPIO_ReadInputDataBit  stm32f0xx_gpio.o
    0x08002718   0x08002718   0x00000014   Code   RO          714    i.GPIO_ReadOutputDataBit  stm32f0xx_gpio.o
    0x0800272c   0x0800272c   0x00000004   Code   RO          715    i.GPIO_ResetBits    stm32f0xx_gpio.o
    0x08002730   0x08002730   0x00000004   Code   RO          716    i.GPIO_SetBits      stm32f0xx_gpio.o
    0x08002734   0x08002734   0x00000018   Code   RO          717    i.GPIO_StructInit   stm32f0xx_gpio.o
    0x0800274c   0x0800274c   0x00000080   Code   RO         4871    i.GetReg            fm175xx.o
    0x080027cc   0x080027cc   0x0000001c   Code   RO         4872    i.GetReg_Ext        fm175xx.o
    0x080027e8   0x080027e8   0x000000d0   Code   RO         4036    i.Get_RealVaule     universal_init.o
    0x080028b8   0x080028b8   0x00000088   Code   RO         4365    i.Handle_RGB_Control  led_others.o
    0x08002940   0x08002940   0x00000168   Code   RO         4766    i.Handle_Temp_Ctr   handletemperature.o
    0x08002aa8   0x08002aa8   0x00000020   Code   RO         4039    i.Handle_Temp_Set   universal_init.o
    0x08002ac8   0x08002ac8   0x00000098   Code   RO         4040    i.Handle_Timer_Init  universal_init.o
    0x08002b60   0x08002b60   0x0000001e   Code   RO         4700    i.IAP_EraseSWFlash  iap.o
    0x08002b7e   0x08002b7e   0x00000002   PAD
    0x08002b80   0x08002b80   0x00000038   Code   RO         4701    i.IAP_Init          iap.o
    0x08002bb8   0x08002bb8   0x00000358   Code   RO         4702    i.IAP_ParseFrame    iap.o
    0x08002f10   0x08002f10   0x00000060   Code   RO         4703    i.IAP_Reset         iap.o
    0x08002f70   0x08002f70   0x00000034   Code   RO         4704    i.IAP_SaveFCtrlmap  iap.o
    0x08002fa4   0x08002fa4   0x000000c8   Code   RO         4705    i.IAP_decrypt       iap.o
    0x0800306c   0x0800306c   0x0000002c   Code   RO         4494    i.IIC_Init          iic.o
    0x08003098   0x08003098   0x0000003c   Code   RO         4496    i.IIC_PushFrame     iic.o
    0x080030d4   0x080030d4   0x000000c4   Code   RO         4499    i.IIC_Send_Byte     iic.o
    0x08003198   0x08003198   0x0000008c   Code   RO         4500    i.IIC_Send_Bytes    iic.o
    0x08003224   0x08003224   0x00000048   Code   RO         4501    i.IIC_Send_Command  iic.o
    0x0800326c   0x0800326c   0x0000008c   Code   RO         4502    i.IIC_Start         iic.o
    0x080032f8   0x080032f8   0x0000008c   Code   RO         4503    i.IIC_Stop          iic.o
    0x08003384   0x08003384   0x00000094   Code   RO         4504    i.IIC_Wait_Ack      iic.o
    0x08003418   0x08003418   0x00000054   Code   RO         4506    i.IicProcess        iic.o
    0x0800346c   0x0800346c   0x00000084   Code   RO         3912    i.InitAllPeripherals  system_config.o
    0x080034f0   0x080034f0   0x00000038   Code   RO         4328    i.Init_Show_Process  dis_task.o
    0x08003528   0x08003528   0x00000022   Code   RO         5041    i.JUDGE             reader_api.o
    0x0800354a   0x0800354a   0x00000002   PAD
    0x0800354c   0x0800354c   0x00000050   Code   RO         4366    i.LED_DMA_Refresh   led_others.o
    0x0800359c   0x0800359c   0x00000148   Code   RO         5042    i.LPCD_Read         reader_api.o
    0x080036e4   0x080036e4   0x00000040   Code   RO         4767    i.Linear_Table      handletemperature.o
    0x08003724   0x08003724   0x000000f4   Code   RO         5043    i.Lpcd_Calibrate_Driver  reader_api.o
    0x08003818   0x08003818   0x0000007c   Code   RO         5044    i.Lpcd_Calibrate_Reference  reader_api.o
    0x08003894   0x08003894   0x00000018   Code   RO         5045    i.Lpcd_Calibration_Backup  reader_api.o
    0x080038ac   0x080038ac   0x00000034   Code   RO         5046    i.Lpcd_Calibration_Event  reader_api.o
    0x080038e0   0x080038e0   0x00000050   Code   RO         5047    i.Lpcd_Calibration_Restore  reader_api.o
    0x08003930   0x08003930   0x0000004a   Code   RO         5048    i.Lpcd_Get_Calibration_Value  reader_api.o
    0x0800397a   0x0800397a   0x00000010   Code   RO         5049    i.Lpcd_Get_IRQ      reader_api.o
    0x0800398a   0x0800398a   0x00000030   Code   RO         5050    i.Lpcd_Get_Value    reader_api.o
    0x080039ba   0x080039ba   0x0000000e   Code   RO         5051    i.Lpcd_IRQ_Event    reader_api.o
    0x080039c8   0x080039c8   0x0000002a   Code   RO         5052    i.Lpcd_Init_Register  reader_api.o
    0x080039f2   0x080039f2   0x00000016   Code   RO         5053    i.Lpcd_Reset_Status  reader_api.o
    0x08003a08   0x08003a08   0x0000005e   Code   RO         5054    i.Lpcd_Set_Driver   reader_api.o
    0x08003a66   0x08003a66   0x00000014   Code   RO         5055    i.Lpcd_Set_Gain     reader_api.o
    0x08003a7a   0x08003a7a   0x0000001c   Code   RO         5056    i.Lpcd_Set_IE       reader_api.o
    0x08003a96   0x08003a96   0x00000014   Code   RO         5057    i.Lpcd_Set_IRQ_pin  reader_api.o
    0x08003aaa   0x08003aaa   0x00000022   Code   RO         5058    i.Lpcd_Set_Mode     reader_api.o
    0x08003acc   0x08003acc   0x0000002a   Code   RO         5059    i.Lpcd_Set_Reference  reader_api.o
    0x08003af6   0x08003af6   0x00000038   Code   RO         5060    i.Lpcd_Set_Threshold  reader_api.o
    0x08003b2e   0x08003b2e   0x00000002   PAD
    0x08003b30   0x08003b30   0x000000b8   Code   RO         5061    i.Lpcd_Set_Timer    reader_api.o
    0x08003be8   0x08003be8   0x0000003a   Code   RO         5062    i.Lpcd_WaitFor_Irq  reader_api.o
    0x08003c22   0x08003c22   0x00000002   PAD
    0x08003c24   0x08003c24   0x00000034   Code   RO         4805    i.MasterPowerCtrl   stateupdate.o
    0x08003c58   0x08003c58   0x000000b6   Code   RO         4961    i.Mifare_Auth       mifare.o
    0x08003d0e   0x08003d0e   0x00000062   Code   RO         4964    i.Mifare_Blockread  mifare.o
    0x08003d70   0x08003d70   0x00000098   Code   RO         4966    i.Mifare_Blockwrite  mifare.o
    0x08003e08   0x08003e08   0x00000032   Code   RO         4873    i.ModifyReg         fm175xx.o
    0x08003e3a   0x08003e3a   0x00000032   Code   RO         4874    i.ModifyReg_Ext     fm175xx.o
    0x08003e6c   0x08003e6c   0x00000088   Code   RO         4593    i.NFC_Card_ID_Pro   control_task.o
    0x08003ef4   0x08003ef4   0x00000048   Code   RO         4768    i.NTC_GET_Temperature  handletemperature.o
    0x08003f3c   0x08003f3c   0x00000032   Code   RO         3913    i.NVIC_Configuration  system_config.o
    0x08003f6e   0x08003f6e   0x00000002   PAD
    0x08003f70   0x08003f70   0x00000070   Code   RO         1121    i.NVIC_Init         stm32f0xx_misc.o
    0x08003fe0   0x08003fe0   0x00000030   Code   RO         4594    i.Normal_Tasks_Process  control_task.o
    0x08004010   0x08004010   0x0000004c   Code   RO         4595    i.Normal_Tasks_Remarks  control_task.o
    0x0800405c   0x0800405c   0x00000110   Code   RO         4166    i.ParseFrame        parseframe.o
    0x0800416c   0x0800416c   0x0000009e   Code   RO         3914    i.Peripherals_Clock_Init  system_config.o
    0x0800420a   0x0800420a   0x00000002   PAD
    0x0800420c   0x0800420c   0x00000018   Code   RO         4367    i.PowerON_RGB       led_others.o
    0x08004224   0x08004224   0x00000022   Code   RO         4167    i.PushMiniFrame     parseframe.o
    0x08004246   0x08004246   0x00000002   PAD
    0x08004248   0x08004248   0x0000008c   Code   RO         4806    i.Query_Send_Data_Pro  stateupdate.o
    0x080042d4   0x080042d4   0x00000038   Code   RO         1227    i.RCC_ADCCLKConfig  stm32f0xx_rcc.o
    0x0800430c   0x0800430c   0x00000020   Code   RO         1228    i.RCC_AHBPeriphClockCmd  stm32f0xx_rcc.o
    0x0800432c   0x0800432c   0x00000020   Code   RO         1230    i.RCC_APB1PeriphClockCmd  stm32f0xx_rcc.o
    0x0800434c   0x0800434c   0x00000020   Code   RO         1231    i.RCC_APB1PeriphResetCmd  stm32f0xx_rcc.o
    0x0800436c   0x0800436c   0x00000020   Code   RO         1232    i.RCC_APB2PeriphClockCmd  stm32f0xx_rcc.o
    0x0800438c   0x0800438c   0x00000020   Code   RO         1233    i.RCC_APB2PeriphResetCmd  stm32f0xx_rcc.o
    0x080043ac   0x080043ac   0x000001f0   Code   RO         1242    i.RCC_GetClocksFreq  stm32f0xx_rcc.o
    0x0800459c   0x0800459c   0x000000fc   Code   RO         4368    i.RGB_Bit_Set       led_others.o
    0x08004698   0x08004698   0x00000038   Code   RO         4369    i.RGB_Buff_Init     led_others.o
    0x080046d0   0x080046d0   0x00000100   Code   RO         4370    i.RGB_Time_Init     led_others.o
    0x080047d0   0x080047d0   0x00000048   Code   RO         3915    i.ReadUniqueID      system_config.o
    0x08004818   0x08004818   0x000000c0   Code   RO         5064    i.ReaderA_AntiColl  reader_api.o
    0x080048d8   0x080048d8   0x00000080   Code   RO         5065    i.ReaderA_CardActivate  reader_api.o
    0x08004958   0x08004958   0x000000ac   Code   RO         5068    i.ReaderA_Select    reader_api.o
    0x08004a04   0x08004a04   0x00000060   Code   RO         5069    i.ReaderA_Wakeup    reader_api.o
    0x08004a64   0x08004a64   0x000000d0   Code   RO         5345    i.SPI1_Configuration  spi.o
    0x08004b34   0x08004b34   0x0000001c   Code   RO         1825    i.SPI_Cmd           stm32f0xx_spi.o
    0x08004b50   0x08004b50   0x00000006   Code   RO         1831    i.SPI_I2S_ClearFlag  stm32f0xx_spi.o
    0x08004b56   0x08004b56   0x00000014   Code   RO         1834    i.SPI_I2S_GetFlagStatus  stm32f0xx_spi.o
    0x08004b6a   0x08004b6a   0x00000002   PAD
    0x08004b6c   0x08004b6c   0x00000058   Code   RO         1839    i.SPI_Init          stm32f0xx_spi.o
    0x08004bc4   0x08004bc4   0x00000094   Code   RO         4875    i.SPI_Read_FIFO     fm175xx.o
    0x08004c58   0x08004c58   0x0000000c   Code   RO         1843    i.SPI_ReceiveData8  stm32f0xx_spi.o
    0x08004c64   0x08004c64   0x00000014   Code   RO         1844    i.SPI_RxFIFOThresholdConfig  stm32f0xx_spi.o
    0x08004c78   0x08004c78   0x0000000a   Code   RO         1846    i.SPI_SendData8     stm32f0xx_spi.o
    0x08004c82   0x08004c82   0x00000002   PAD
    0x08004c84   0x08004c84   0x00000070   Code   RO         4876    i.SPI_Write_FIFO    fm175xx.o
    0x08004cf4   0x08004cf4   0x00000002   Code   RO         5604    i.SVC_Handler       port.o
    0x08004cf6   0x08004cf6   0x00000002   PAD
    0x08004cf8   0x08004cf8   0x00000040   Code   RO         2023    i.SYSCFG_EXTILineConfig  stm32f0xx_syscfg.o
    0x08004d38   0x08004d38   0x0000001c   Code   RO         2026    i.SYSCFG_MemoryRemapConfig  stm32f0xx_syscfg.o
    0x08004d54   0x08004d54   0x00000104   Code   RO         3916    i.SaveFDatamap      system_config.o
    0x08004e58   0x08004e58   0x0000001c   Code   RO         3917    i.SetErrorByte      system_config.o
    0x08004e74   0x08004e74   0x00000020   Code   RO         5074    i.SetReceiveCRC     reader_api.o
    0x08004e94   0x08004e94   0x00000070   Code   RO         4877    i.SetReg            fm175xx.o
    0x08004f04   0x08004f04   0x00000020   Code   RO         4878    i.SetReg_Ext        fm175xx.o
    0x08004f24   0x08004f24   0x0000005c   Code   RO         5075    i.SetRf             reader_api.o
    0x08004f80   0x08004f80   0x00000020   Code   RO         5076    i.SetSendCRC        reader_api.o
    0x08004fa0   0x08004fa0   0x0000006c   Code   RO         5077    i.SetTimeOut        reader_api.o
    0x0800500c   0x0800500c   0x00000024   Code   RO         1123    i.SysTick_CLKSourceConfig  stm32f0xx_misc.o
    0x08005030   0x08005030   0x00000024   Code   RO         5605    i.SysTick_Handler   port.o
    0x08005054   0x08005054   0x000000d8   Code   RO         3918    i.SystemCoreClockConfigure  system_config.o
    0x0800512c   0x0800512c   0x000000b0   Code   RO         3677    i.SystemCoreClockUpdate  system_stm32f0xx.o
    0x080051dc   0x080051dc   0x00000074   Code   RO         3678    i.SystemInit        system_stm32f0xx.o
    0x08005250   0x08005250   0x0000001c   Code   RO         4041    i.TIM2_IRQHandler   universal_init.o
    0x0800526c   0x0800526c   0x0000001c   Code   RO         2085    i.TIM_ARRPreloadConfig  stm32f0xx_tim.o
    0x08005288   0x08005288   0x00000006   Code   RO         2091    i.TIM_ClearFlag     stm32f0xx_tim.o
    0x0800528e   0x0800528e   0x00000006   Code   RO         2092    i.TIM_ClearITPendingBit  stm32f0xx_tim.o
    0x08005294   0x08005294   0x0000001c   Code   RO         2097    i.TIM_Cmd           stm32f0xx_tim.o
    0x080052b0   0x080052b0   0x00000022   Code   RO         2099    i.TIM_CtrlPWMOutputs  stm32f0xx_tim.o
    0x080052d2   0x080052d2   0x00000014   Code   RO         2100    i.TIM_DMACmd        stm32f0xx_tim.o
    0x080052e6   0x080052e6   0x00000002   PAD
    0x080052e8   0x080052e8   0x00000104   Code   RO         2102    i.TIM_DeInit        stm32f0xx_tim.o
    0x080053ec   0x080053ec   0x00000026   Code   RO         2118    i.TIM_GetITStatus   stm32f0xx_tim.o
    0x08005412   0x08005412   0x00000014   Code   RO         2122    i.TIM_ITConfig      stm32f0xx_tim.o
    0x08005426   0x08005426   0x00000002   PAD
    0x08005428   0x08005428   0x00000094   Code   RO         2126    i.TIM_OC1Init       stm32f0xx_tim.o
    0x080054bc   0x080054bc   0x00000018   Code   RO         2129    i.TIM_OC1PreloadConfig  stm32f0xx_tim.o
    0x080054d4   0x080054d4   0x000000ac   Code   RO         2131    i.TIM_OC2Init       stm32f0xx_tim.o
    0x08005580   0x08005580   0x00000018   Code   RO         2134    i.TIM_OC2PreloadConfig  stm32f0xx_tim.o
    0x08005598   0x08005598   0x00000098   Code   RO         2136    i.TIM_OC3Init       stm32f0xx_tim.o
    0x08005630   0x08005630   0x00000018   Code   RO         2139    i.TIM_OC3PreloadConfig  stm32f0xx_tim.o
    0x08005648   0x08005648   0x00000014   Code   RO         2144    i.TIM_OCStructInit  stm32f0xx_tim.o
    0x0800565c   0x0800565c   0x00000004   Code   RO         2160    i.TIM_SetCompare1   stm32f0xx_tim.o
    0x08005660   0x08005660   0x00000004   Code   RO         2161    i.TIM_SetCompare2   stm32f0xx_tim.o
    0x08005664   0x08005664   0x00000004   Code   RO         2162    i.TIM_SetCompare3   stm32f0xx_tim.o
    0x08005668   0x08005668   0x0000007c   Code   RO         2170    i.TIM_TimeBaseInit  stm32f0xx_tim.o
    0x080056e4   0x080056e4   0x00000012   Code   RO         2171    i.TIM_TimeBaseStructInit  stm32f0xx_tim.o
    0x080056f6   0x080056f6   0x00000002   PAD
    0x080056f8   0x080056f8   0x00000134   Code   RO         5078    i.TYPE_A_EVENT      reader_api.o
    0x0800582c   0x0800582c   0x00000038   Code   RO         4042    i.Timer2Init        universal_init.o
    0x08005864   0x08005864   0x0000008c   Code   RO         4239    i.UART3_CheckReceive  uart_3.o
    0x080058f0   0x080058f0   0x00000060   Code   RO         4240    i.UART3_CheckSend   uart_3.o
    0x08005950   0x08005950   0x000000d4   Code   RO         4241    i.UART3_DMAConfiguration  uart_3.o
    0x08005a24   0x08005a24   0x0000002c   Code   RO         4242    i.UART3_DmaSend     uart_3.o
    0x08005a50   0x08005a50   0x0000000c   Code   RO         4243    i.UART3_InitVariables  uart_3.o
    0x08005a5c   0x08005a5c   0x00000090   Code   RO         4244    i.UART3_Int         uart_3.o
    0x08005aec   0x08005aec   0x00000118   Code   RO         4245    i.UART3_ParseData   uart_3.o
    0x08005c04   0x08005c04   0x000000a4   Code   RO         4247    i.UART3_PushFrame   uart_3.o
    0x08005ca8   0x08005ca8   0x00000040   Code   RO         4248    i.UART3_SetPinToRx  uart_3.o
    0x08005ce8   0x08005ce8   0x00000040   Code   RO         4249    i.UART3_SetPinToTx  uart_3.o
    0x08005d28   0x08005d28   0x00000018   Code   RO         3375    i.USART_Cmd         stm32f0xx_usart.o
    0x08005d40   0x08005d40   0x00000014   Code   RO         3378    i.USART_DMACmd      stm32f0xx_usart.o
    0x08005d54   0x08005d54   0x0000007c   Code   RO         3381    i.USART_DeInit      stm32f0xx_usart.o
    0x08005dd0   0x08005dd0   0x00000018   Code   RO         3385    i.USART_HalfDuplexCmd  stm32f0xx_usart.o
    0x08005de8   0x08005de8   0x000000e8   Code   RO         3387    i.USART_Init        stm32f0xx_usart.o
    0x08005ed0   0x08005ed0   0x0000006c   Code   RO         3919    i.Variables_Init    system_config.o
    0x08005f3c   0x08005f3c   0x00000168   Code   RO         4596    i.Wireless_Power_Ctr_Handler  control_task.o
    0x080060a4   0x080060a4   0x0000001c   Code   RO         4582    i.__ARM_common_switch8  iic.o
    0x080060c0   0x080060c0   0x0000000e   Code   RO         6530    i.__scatterload_copy  mc_p.l(handlers.o)
    0x080060ce   0x080060ce   0x00000002   Code   RO         6531    i.__scatterload_null  mc_p.l(handlers.o)
    0x080060d0   0x080060d0   0x0000000e   Code   RO         6532    i.__scatterload_zeroinit  mc_p.l(handlers.o)
    0x080060de   0x080060de   0x00000002   PAD
    0x080060e0   0x080060e0   0x0000002c   Code   RO         5079    i.check_NFC_key     reader_api.o
    0x0800610c   0x0800610c   0x00000054   Code   RO         3920    i.delay_init        system_config.o
    0x08006160   0x08006160   0x00000048   Code   RO         3922    i.delay_us          system_config.o
    0x080061a8   0x080061a8   0x00000040   Code   RO         5920    i.eTaskConfirmSleepModeStatus  tasks.o
    0x080061e8   0x080061e8   0x00000050   Code   RO         4117    i.gpioGetInput      gpio.o
    0x08006238   0x08006238   0x00000028   Code   RO         4118    i.gpioGetOutput     gpio.o
    0x08006260   0x08006260   0x00000028   Code   RO         4119    i.gpioInitialize    gpio.o
    0x08006288   0x08006288   0x0000003c   Code   RO         4120    i.gpioSetOutput     gpio.o
    0x080062c4   0x080062c4   0x00000030   Code   RO         4121    i.gpioSetToggle     gpio.o
    0x080062f4   0x080062f4   0x00000038   Code   RO         4879    i.mDelay            fm175xx.o
    0x0800632c   0x0800632c   0x00000044   Code   RO         3713    i.main              main.o
    0x08006370   0x08006370   0x00000040   Code   RO         4807    i.powerCtrl         stateupdate.o
    0x080063b0   0x080063b0   0x00000088   Code   RO         5923    i.prvAddCurrentTaskToDelayedList  tasks.o
    0x08006438   0x08006438   0x000000ac   Code   RO         5924    i.prvAddNewTaskToReadyList  tasks.o
    0x080064e4   0x080064e4   0x00000050   Code   RO         6338    i.prvCheckForValidListAndQueue  timers.o
    0x08006534   0x08006534   0x00000048   Code   RO         5925    i.prvCheckTasksWaitingTermination  tasks.o
    0x0800657c   0x0800657c   0x0000002c   Code   RO         5680    i.prvCopyDataFromQueue  queue.o
    0x080065a8   0x080065a8   0x00000080   Code   RO         5681    i.prvCopyDataToQueue  queue.o
    0x08006628   0x08006628   0x00000012   Code   RO         5926    i.prvDeleteTCB      tasks.o
    0x0800663a   0x0800663a   0x00000002   PAD
    0x0800663c   0x0800663c   0x00000050   Code   RO         5927    i.prvGetExpectedIdleTime  tasks.o
    0x0800668c   0x0800668c   0x0000002c   Code   RO         6339    i.prvGetNextExpireTime  timers.o
    0x080066b8   0x080066b8   0x0000007c   Code   RO         5548    i.prvHeapInit       heap_4.o
    0x08006734   0x08006734   0x00000050   Code   RO         5928    i.prvIdleTask       tasks.o
    0x08006784   0x08006784   0x00000030   Code   RO         5684    i.prvInitialiseNewQueue  queue.o
    0x080067b4   0x080067b4   0x000000c0   Code   RO         5929    i.prvInitialiseNewTask  tasks.o
    0x08006874   0x08006874   0x00000064   Code   RO         5930    i.prvInitialiseTaskLists  tasks.o
    0x080068d8   0x080068d8   0x00000068   Code   RO         5549    i.prvInsertBlockIntoFreeList  heap_4.o
    0x08006940   0x08006940   0x00000054   Code   RO         6341    i.prvInsertTimerInActiveList  timers.o
    0x08006994   0x08006994   0x0000001c   Code   RO         5685    i.prvIsQueueEmpty   queue.o
    0x080069b0   0x080069b0   0x0000001e   Code   RO         5686    i.prvIsQueueFull    queue.o
    0x080069ce   0x080069ce   0x00000076   Code   RO         5687    i.prvNotifyQueueSetContainer  queue.o
    0x08006a44   0x08006a44   0x00000068   Code   RO         6342    i.prvProcessExpiredTimer  timers.o
    0x08006aac   0x08006aac   0x00000144   Code   RO         6343    i.prvProcessReceivedCommands  timers.o
    0x08006bf0   0x08006bf0   0x0000006c   Code   RO         6344    i.prvProcessTimerOrBlockTask  timers.o
    0x08006c5c   0x08006c5c   0x00000038   Code   RO         5932    i.prvResetNextTaskUnblockTime  tasks.o
    0x08006c94   0x08006c94   0x0000002c   Code   RO         6345    i.prvSampleTimeNow  timers.o
    0x08006cc0   0x08006cc0   0x00000094   Code   RO         6346    i.prvSwitchTimerLists  timers.o
    0x08006d54   0x08006d54   0x00000024   Code   RO         5606    i.prvTaskExitError  port.o
    0x08006d78   0x08006d78   0x0000001a   Code   RO         6347    i.prvTimerTask      timers.o
    0x08006d92   0x08006d92   0x000000a4   Code   RO         5688    i.prvUnlockQueue    queue.o
    0x08006e36   0x08006e36   0x00000002   PAD
    0x08006e38   0x08006e38   0x0000012c   Code   RO         5550    i.pvPortMalloc      heap_4.o
    0x08006f64   0x08006f64   0x00000020   Code   RO         5607    i.pxPortInitialiseStack  port.o
    0x08006f84   0x08006f84   0x000000a4   Code   RO         3714    i.start_task        main.o
    0x08007028   0x08007028   0x000001dc   Code   RO         4844    i.turnLightProcess  turnlightprocess.o
    0x08007204   0x08007204   0x00000016   Code   RO         5080    i.uDelay            reader_api.o
    0x0800721a   0x0800721a   0x00000028   Code   RO         5512    i.uxListRemove      list.o
    0x08007242   0x08007242   0x0000001a   Code   RO         5513    i.vListInitialise   list.o
    0x0800725c   0x0800725c   0x00000006   Code   RO         5514    i.vListInitialiseItem  list.o
    0x08007262   0x08007262   0x00000036   Code   RO         5515    i.vListInsert       list.o
    0x08007298   0x08007298   0x00000018   Code   RO         5516    i.vListInsertEnd    list.o
    0x080072b0   0x080072b0   0x0000001c   Code   RO         5609    i.vPortEnterCritical  port.o
    0x080072cc   0x080072cc   0x00000028   Code   RO         5610    i.vPortExitCritical  port.o
    0x080072f4   0x080072f4   0x00000090   Code   RO         5551    i.vPortFree         heap_4.o
    0x08007384   0x08007384   0x00000060   Code   RO         5611    i.vPortSetupTimerInterrupt  port.o
    0x080073e4   0x080073e4   0x00000144   Code   RO         5612    i.vPortSuppressTicksAndSleep  port.o
    0x08007528   0x08007528   0x00000018   Code   RO         5613    i.vPortYield        port.o
    0x08007540   0x08007540   0x0000004c   Code   RO         5696    i.vQueueWaitForMessageRestricted  queue.o
    0x0800758c   0x0800758c   0x00000044   Code   RO         5947    i.vTaskDelay        tasks.o
    0x080075d0   0x080075d0   0x000000b4   Code   RO         5949    i.vTaskDelete       tasks.o
    0x08007684   0x08007684   0x00000018   Code   RO         5952    i.vTaskInternalSetTimeOutState  tasks.o
    0x0800769c   0x0800769c   0x0000000c   Code   RO         5953    i.vTaskMissedYield  tasks.o
    0x080076a8   0x080076a8   0x0000002c   Code   RO         5955    i.vTaskPlaceOnEventList  tasks.o
    0x080076d4   0x080076d4   0x00000034   Code   RO         5956    i.vTaskPlaceOnEventListRestricted  tasks.o
    0x08007708   0x08007708   0x00000078   Code   RO         5964    i.vTaskStartScheduler  tasks.o
    0x08007780   0x08007780   0x00000034   Code   RO         5965    i.vTaskStepTick     tasks.o
    0x080077b4   0x080077b4   0x00000010   Code   RO         5967    i.vTaskSuspendAll   tasks.o
    0x080077c4   0x080077c4   0x00000080   Code   RO         5968    i.vTaskSwitchContext  tasks.o
    0x08007844   0x08007844   0x00000038   Code   RO         5614    i.xPortStartScheduler  port.o
    0x0800787c   0x0800787c   0x0000004c   Code   RO         5701    i.xQueueGenericCreate  queue.o
    0x080078c8   0x080078c8   0x00000082   Code   RO         5702    i.xQueueGenericReset  queue.o
    0x0800794a   0x0800794a   0x0000017e   Code   RO         5703    i.xQueueGenericSend  queue.o
    0x08007ac8   0x08007ac8   0x000000e4   Code   RO         5704    i.xQueueGenericSendFromISR  queue.o
    0x08007bac   0x08007bac   0x00000138   Code   RO         5713    i.xQueueReceive     queue.o
    0x08007ce4   0x08007ce4   0x00000090   Code   RO         5971    i.xTaskCheckForTimeOut  tasks.o
    0x08007d74   0x08007d74   0x0000005c   Code   RO         5972    i.xTaskCreate       tasks.o
    0x08007dd0   0x08007dd0   0x00000024   Code   RO         5978    i.xTaskGetSchedulerState  tasks.o
    0x08007df4   0x08007df4   0x0000000c   Code   RO         5979    i.xTaskGetTickCount  tasks.o
    0x08007e00   0x08007e00   0x0000013c   Code   RO         5981    i.xTaskIncrementTick  tasks.o
    0x08007f3c   0x08007f3c   0x00000088   Code   RO         5984    i.xTaskPriorityDisinherit  tasks.o
    0x08007fc4   0x08007fc4   0x0000008c   Code   RO         5986    i.xTaskRemoveFromEventList  tasks.o
    0x08008050   0x08008050   0x000000f0   Code   RO         5987    i.xTaskResumeAll    tasks.o
    0x08008140   0x08008140   0x00000048   Code   RO         6355    i.xTimerCreateTimerTask  timers.o
    0x08008188   0x08008188   0x00000074   Code   RO         6356    i.xTimerGenericCommand  timers.o
    0x080081fc   0x080081fc   0x0000001f   Data   RO         5082    .constdata          reader_api.o
    0x0800821b   0x0800821b   0x00000001   PAD
    0x0800821c   0x0800821c   0x00000020   Data   RO         6528    Region$$Table       anon$$obj.o


    Execution Region RW_IRAM1 (Exec base: 0x200000c0, Load base: 0x0800823c, Size: 0x00002c00, Max: 0x00004000, ABSOLUTE, COMPRESSED[0x0000012c])

    Exec Addr    Load Addr    Size         Type   Attr      Idx    E Section Name        Object

    0x200000c0   COMPRESSED   0x00000008   Data   RW          535    .data               stm32f0xx_flash.o
    0x200000c8   COMPRESSED   0x00000010   Data   RW         1268    .data               stm32f0xx_rcc.o
    0x200000d8   COMPRESSED   0x00000014   Data   RW         3679    .data               system_stm32f0xx.o
    0x200000ec   COMPRESSED   0x00000010   Data   RW         3716    .data               main.o
    0x200000fc   COMPRESSED   0x00000005   Data   RW         3924    .data               system_config.o
    0x20000101   COMPRESSED   0x00000003   PAD
    0x20000104   COMPRESSED   0x000000e0   Data   RW         4123    .data               gpio.o
    0x200001e4   COMPRESSED   0x00000005   Data   RW         4206    .data               user_com_task.o
    0x200001e9   COMPRESSED   0x00000003   PAD
    0x200001ec   COMPRESSED   0x00000014   Data   RW         4252    .data               uart_3.o
    0x20000200   COMPRESSED   0x00000005   Data   RW         4330    .data               dis_task.o
    0x20000205   COMPRESSED   0x00000001   PAD
    0x20000206   COMPRESSED   0x0000000a   Data   RW         4373    .data               led_others.o
    0x20000210   COMPRESSED   0x00000007   Data   RW         4509    .data               iic.o
    0x20000217   COMPRESSED   0x00000001   PAD
    0x20000218   COMPRESSED   0x0000006a   Data   RW         4598    .data               control_task.o
    0x20000282   COMPRESSED   0x00000002   PAD
    0x20000284   COMPRESSED   0x0000001c   Data   RW         4710    .data               iap.o
    0x200002a0   COMPRESSED   0x0000006c   Data   RW         4770    .data               handletemperature.o
    0x2000030c   COMPRESSED   0x00000004   Data   RW         4809    .data               stateupdate.o
    0x20000310   COMPRESSED   0x0000000a   Data   RW         4846    .data               turnlightprocess.o
    0x2000031a   COMPRESSED   0x000000e3   Data   RW         4972    .data               mifare.o
    0x200003fd   COMPRESSED   0x00000003   PAD
    0x20000400   COMPRESSED   0x00000014   Data   RW         5083    .data               reader_api.o
    0x20000414   COMPRESSED   0x0000000a   Data   RW         5379    .data               variable.o
    0x2000041e   COMPRESSED   0x00000002   PAD
    0x20000420   COMPRESSED   0x00000020   Data   RW         5557    .data               heap_4.o
    0x20000440   COMPRESSED   0x00000010   Data   RW         5615    .data               port.o
    0x20000450   COMPRESSED   0x0000003c   Data   RW         5990    .data               tasks.o
    0x2000048c   COMPRESSED   0x00000014   Data   RW         6364    .data               timers.o
    0x200004a0        -       0x00000060   Zero   RW         4043    .bss                universal_init.o
    0x20000500        -       0x000003b6   Zero   RW         4250    .bss                uart_3.o
    0x200008b6        -       0x00000058   Zero   RW         4371    .bss                led_others.o
    0x2000090e   COMPRESSED   0x00000002   PAD
    0x20000910        -       0x00000028   Zero   RW         4436    .bss                ambient_light_app.o
    0x20000938        -       0x00000018   Zero   RW         4507    .bss                iic.o
    0x20000950        -       0x000000fc   Zero   RW         4708    .bss                iap.o
    0x20000a4c        -       0x00000020   Zero   RW         4970    .bss                mifare.o
    0x20000a6c        -       0x00000056   Zero   RW         5081    .bss                reader_api.o
    0x20000ac2        -       0x000000a6   Zero   RW         5377    .bss                variable.o
    0x20000b68        -       0x00001400   Zero   RW         5556    .bss                heap_4.o
    0x20001f68        -       0x0000012c   Zero   RW         5989    .bss                tasks.o
    0x20002094        -       0x00000028   Zero   RW         6363    .bss                timers.o
    0x200020bc   COMPRESSED   0x00000004   PAD
    0x200020c0        -       0x00000c00   Zero   RW            1    STACK               startup_stm32f072.o


==============================================================================

Image component sizes


      Code (inc. data)   RO Data    RW Data    ZI Data      Debug   Object Name

       202         16          0          0         40       4917   ambient_light_app.o
      1010        102          0        106          0       5547   control_task.o
       504         32          0          5          0       2106   dis_task.o
       296          0          0          0          0       4249   flash.o
       852         32          0          0          0       7549   fm175xx.o
       268         28          0        224          0       3620   gpio.o
       642         20          0        108          0       4423   handletemperature.o
       672         72          0         32       5120       4319   heap_4.o
      1290        114         16         28        252       6647   iap.o
      1052         66          0          7         24       7772   iic.o
       986         76          0         10         88       5983   led_others.o
       150          0          0          0          0       3138   list.o
       232         90          0         16          0      18910   main.o
       432          0          0        227         32       3883   mifare.o
       470         14          0          0          0       3630   parseframe.o
       794         92          0         16          0       8180   port.o
      1764          0          0          0          0      14955   queue.o
      3572        176         31         20         86      27629   reader_api.o
       308         22          0          0          0       1724   spi.o
        28          8        192          0       3072        748   startup_stm32f072.o
       324         38          0          4          0       2185   stateupdate.o
       298          8          0          0          0       6838   stm32f0xx_adc.o
         0          0          0          0          0     228580   stm32f0xx_crc.o
       410         36          0          0          0       6577   stm32f0xx_dma.o
       176         16          0          0          0       2300   stm32f0xx_exti.o
       424         46          0          8          0       5237   stm32f0xx_flash.o
       284          4          0          0          0       5038   stm32f0xx_gpio.o
       148         10          0          0          0       1634   stm32f0xx_misc.o
       712         52          0         16          0       5691   stm32f0xx_rcc.o
       184         20          0          0          0       4948   stm32f0xx_spi.o
        92          8          0          0          0       1315   stm32f0xx_syscfg.o
      1158        170          0          0          0      14153   stm32f0xx_tim.o
       424         34          0          0          0       4137   stm32f0xx_usart.o
      1208        124          0          5          0      10784   system_config.o
       292         34          0         20          0       2069   system_stm32f0xx.o
      2782        422          0         60        300      24862   tasks.o
      1150        102          0         20         40      11747   timers.o
       476         34          0         10          0       1795   turnlightprocess.o
      1304        146          0         20        950       8213   uart_3.o
      1108         82          0          0         96       6442   universal_init.o
       120         18          0          5          0       6805   user_com_task.o
         0          0          0         10        166       5016   variable.o

    ----------------------------------------------------------------------
     28636       2364        272        992      10272     506295   Object Totals
         0          0         32          0          0          0   (incl. Generated)
        38          0          1         15          6          0   (incl. Padding)

    ----------------------------------------------------------------------

      Code (inc. data)   RO Data    RW Data    ZI Data      Debug   Library Member Name

        86          0          0          0          0          0   __dczerorl2.o
         0          0          0          0          0          0   entry.o
         0          0          0          0          0          0   entry10a.o
         0          0          0          0          0          0   entry11a.o
         4          0          0          0          0          0   entry12b.o
         8          4          0          0          0          0   entry2.o
         4          0          0          0          0          0   entry5.o
         0          0          0          0          0          0   entry7b.o
         0          0          0          0          0          0   entry8b.o
         8          4          0          0          0          0   entry9a.o
        30          0          0          0          0          0   handlers.o
        40          0          0          0          0         72   idiv.o
        36          8          0          0          0         68   init.o
        36          0          0          0          0         60   memcpya.o
        36          0          0          0          0        100   memseta.o
        44          0          0          0          0         72   uidiv.o

    ----------------------------------------------------------------------
       336         16          0          0          0        372   Library Totals
         4          0          0          0          0          0   (incl. Padding)

    ----------------------------------------------------------------------

      Code (inc. data)   RO Data    RW Data    ZI Data      Debug   Library Name

       332         16          0          0          0        372   mc_p.l

    ----------------------------------------------------------------------
       336         16          0          0          0        372   Library Totals

    ----------------------------------------------------------------------

==============================================================================


      Code (inc. data)   RO Data    RW Data    ZI Data      Debug   

     28972       2380        272        992      10272     493375   Grand Totals
     28972       2380        272        300      10272     493375   ELF Image Totals (compressed)
     28972       2380        272        300          0          0   ROM Totals

==============================================================================

    Total RO  Size (Code + RO Data)                29244 (  28.56kB)
    Total RW  Size (RW Data + ZI Data)             11264 (  11.00kB)
    Total ROM Size (Code + RO Data + RW Data)      29544 (  28.85kB)

==============================================================================

