Component: ARM Compiler 5.06 update 7 (build 960) Tool: armlink [4d3601]

==============================================================================

Section Cross References

    startup_stm32f072.o(RESET) refers to startup_stm32f072.o(STACK) for __initial_sp
    startup_stm32f072.o(RESET) refers to startup_stm32f072.o(.text) for Reset_Handler
    startup_stm32f072.o(RESET) refers to port.o(i.SVC_Handler) for SVC_Handler
    startup_stm32f072.o(RESET) refers to port.o(.emb_text) for PendSV_Handler
    startup_stm32f072.o(RESET) refers to port.o(i.SysTick_Handler) for SysTick_Handler
    startup_stm32f072.o(RESET) refers to spi.o(i.EXTI2_3_IRQHandler) for EXTI2_3_IRQHandler
    startup_stm32f072.o(RESET) refers to uart_3.o(i.DMA1_Channel2_3_IRQHandler) for DMA1_Channel2_3_IRQHandler
    startup_stm32f072.o(RESET) refers to universal_init.o(i.TIM2_IRQHandler) for TIM2_IRQHandler
    startup_stm32f072.o(.text) refers to system_stm32f0xx.o(i.SystemInit) for SystemInit
    startup_stm32f072.o(.text) refers to entry.o(.ARM.Collect$$$$00000000) for __main
    stm32f0xx_dac.o(i.DAC_DeInit) refers to stm32f0xx_rcc.o(i.RCC_APB1PeriphResetCmd) for RCC_APB1PeriphResetCmd
    stm32f0xx_flash.o(i.FLASH_EraseAllPages) refers to stm32f0xx_flash.o(i.FLASH_WaitForLastOperation) for FLASH_WaitForLastOperation
    stm32f0xx_flash.o(i.FLASH_ErasePage) refers to stm32f0xx_flash.o(i.FLASH_WaitForLastOperation) for FLASH_WaitForLastOperation
    stm32f0xx_flash.o(i.FLASH_ErasePage) refers to stm32f0xx_flash.o(.data) for temp_address
    stm32f0xx_flash.o(i.FLASH_OB_BOOT0Config) refers to stm32f0xx_flash.o(i.FLASH_WaitForLastOperation) for FLASH_WaitForLastOperation
    stm32f0xx_flash.o(i.FLASH_OB_BOOT0SWConfig) refers to stm32f0xx_flash.o(i.FLASH_WaitForLastOperation) for FLASH_WaitForLastOperation
    stm32f0xx_flash.o(i.FLASH_OB_BOOTConfig) refers to stm32f0xx_flash.o(i.FLASH_WaitForLastOperation) for FLASH_WaitForLastOperation
    stm32f0xx_flash.o(i.FLASH_OB_EnableWRP) refers to stm32f0xx_flash.o(i.FLASH_WaitForLastOperation) for FLASH_WaitForLastOperation
    stm32f0xx_flash.o(i.FLASH_OB_Erase) refers to stm32f0xx_flash.o(i.FLASH_OB_GetRDP) for FLASH_OB_GetRDP
    stm32f0xx_flash.o(i.FLASH_OB_Erase) refers to stm32f0xx_flash.o(i.FLASH_WaitForLastOperation) for FLASH_WaitForLastOperation
    stm32f0xx_flash.o(i.FLASH_OB_ProgramData) refers to stm32f0xx_flash.o(i.FLASH_WaitForLastOperation) for FLASH_WaitForLastOperation
    stm32f0xx_flash.o(i.FLASH_OB_RDPConfig) refers to stm32f0xx_flash.o(i.FLASH_WaitForLastOperation) for FLASH_WaitForLastOperation
    stm32f0xx_flash.o(i.FLASH_OB_SRAMParityConfig) refers to stm32f0xx_flash.o(i.FLASH_WaitForLastOperation) for FLASH_WaitForLastOperation
    stm32f0xx_flash.o(i.FLASH_OB_UserConfig) refers to stm32f0xx_flash.o(i.FLASH_WaitForLastOperation) for FLASH_WaitForLastOperation
    stm32f0xx_flash.o(i.FLASH_OB_VDDAConfig) refers to stm32f0xx_flash.o(i.FLASH_WaitForLastOperation) for FLASH_WaitForLastOperation
    stm32f0xx_flash.o(i.FLASH_OB_WriteUser) refers to stm32f0xx_flash.o(i.FLASH_WaitForLastOperation) for FLASH_WaitForLastOperation
    stm32f0xx_flash.o(i.FLASH_ProgramHalfWord) refers to stm32f0xx_flash.o(i.FLASH_WaitForLastOperation) for FLASH_WaitForLastOperation
    stm32f0xx_flash.o(i.FLASH_ProgramWord) refers to stm32f0xx_flash.o(i.FLASH_WaitForLastOperation) for FLASH_WaitForLastOperation
    stm32f0xx_flash.o(i.FLASH_ProgramWord) refers to stm32f0xx_flash.o(.data) for temp_Address
    stm32f0xx_flash.o(i.FLASH_WaitForLastOperation) refers to stm32f0xx_flash.o(i.FLASH_GetStatus) for FLASH_GetStatus
    stm32f0xx_gpio.o(i.GPIO_DeInit) refers to stm32f0xx_rcc.o(i.RCC_AHBPeriphResetCmd) for RCC_AHBPeriphResetCmd
    stm32f0xx_i2c.o(i.I2C_DeInit) refers to stm32f0xx_rcc.o(i.RCC_APB1PeriphResetCmd) for RCC_APB1PeriphResetCmd
    stm32f0xx_pwr.o(i.PWR_DeInit) refers to stm32f0xx_rcc.o(i.RCC_APB1PeriphResetCmd) for RCC_APB1PeriphResetCmd
    stm32f0xx_rcc.o(i.RCC_GetClocksFreq) refers to uidiv.o(.text) for __aeabi_uidivmod
    stm32f0xx_rcc.o(i.RCC_GetClocksFreq) refers to stm32f0xx_rcc.o(.data) for APBAHBPrescTable
    stm32f0xx_rcc.o(i.RCC_WaitForHSEStartUp) refers to stm32f0xx_rcc.o(i.RCC_GetFlagStatus) for RCC_GetFlagStatus
    stm32f0xx_rtc.o(i.RTC_DeInit) refers to stm32f0xx_rtc.o(i.RTC_EnterInitMode) for RTC_EnterInitMode
    stm32f0xx_rtc.o(i.RTC_DeInit) refers to stm32f0xx_rtc.o(i.RTC_WaitForSynchro) for RTC_WaitForSynchro
    stm32f0xx_rtc.o(i.RTC_GetAlarm) refers to stm32f0xx_rtc.o(i.RTC_Bcd2ToByte) for RTC_Bcd2ToByte
    stm32f0xx_rtc.o(i.RTC_GetDate) refers to stm32f0xx_rtc.o(i.RTC_Bcd2ToByte) for RTC_Bcd2ToByte
    stm32f0xx_rtc.o(i.RTC_GetTime) refers to stm32f0xx_rtc.o(i.RTC_Bcd2ToByte) for RTC_Bcd2ToByte
    stm32f0xx_rtc.o(i.RTC_GetTimeStamp) refers to stm32f0xx_rtc.o(i.RTC_Bcd2ToByte) for RTC_Bcd2ToByte
    stm32f0xx_rtc.o(i.RTC_Init) refers to stm32f0xx_rtc.o(i.RTC_EnterInitMode) for RTC_EnterInitMode
[...]
    .data                                    0x2000040c   Section       12  variable.o(.data)
    .data                                    0x20000418   Section       32  heap_4.o(.data)
    xStart                                   0x20000418   Data           8  heap_4.o(.data)
    pxEnd                                    0x20000420   Data           4  heap_4.o(.data)
    xFreeBytesRemaining                      0x20000424   Data           4  heap_4.o(.data)
    xMinimumEverFreeBytesRemaining           0x20000428   Data           4  heap_4.o(.data)
    xNumberOfSuccessfulAllocations           0x2000042c   Data           4  heap_4.o(.data)
    xNumberOfSuccessfulFrees                 0x20000430   Data           4  heap_4.o(.data)
    xBlockAllocatedBit                       0x20000434   Data           4  heap_4.o(.data)
    .data                                    0x20000438   Section       16  port.o(.data)
    uxCriticalNesting                        0x20000438   Data           4  port.o(.data)
    ulTimerCountsForOneTick                  0x2000043c   Data           4  port.o(.data)
    xMaximumPossibleSuppressedTicks          0x20000440   Data           4  port.o(.data)
    ulStoppedTimerCompensation               0x20000444   Data           4  port.o(.data)
    .data                                    0x20000448   Section       60  tasks.o(.data)
    pxDelayedTaskList                        0x2000044c   Data           4  tasks.o(.data)
    pxOverflowDelayedTaskList                0x20000450   Data           4  tasks.o(.data)
    uxDeletedTasksWaitingCleanUp             0x20000454   Data           4  tasks.o(.data)
    uxCurrentNumberOfTasks                   0x20000458   Data           4  tasks.o(.data)
    xTickCount                               0x2000045c   Data           4  tasks.o(.data)
    uxTopReadyPriority                       0x20000460   Data           4  tasks.o(.data)
    xSchedulerRunning                        0x20000464   Data           4  tasks.o(.data)
    xPendedTicks                             0x20000468   Data           4  tasks.o(.data)
    xYieldPending                            0x2000046c   Data           4  tasks.o(.data)
    xNumOfOverflows                          0x20000470   Data           4  tasks.o(.data)
    uxTaskNumber                             0x20000474   Data           4  tasks.o(.data)
    xNextTaskUnblockTime                     0x20000478   Data           4  tasks.o(.data)
    xIdleTaskHandle                          0x2000047c   Data           4  tasks.o(.data)
    uxSchedulerSuspended                     0x20000480   Data           4  tasks.o(.data)
    .data                                    0x20000484   Section       20  timers.o(.data)
    pxCurrentTimerList                       0x20000484   Data           4  timers.o(.data)
    pxOverflowTimerList                      0x20000488   Data           4  timers.o(.data)
    xTimerQueue                              0x2000048c   Data           4  timers.o(.data)
    xTimerTaskHandle                         0x20000490   Data           4  timers.o(.data)
    xLastTime                                0x20000494   Data           4  timers.o(.data)
    .bss                                     0x20000498   Section       96  universal_init.o(.bss)
    .bss                                     0x200004f8   Section      950  uart_3.o(.bss)
    Uart3SendDMAInitStructure                0x200007ec   Data          44  uart_3.o(.bss)
    s_RXBuf                                  0x20000818   Data         150  uart_3.o(.bss)
    .bss                                     0x200008ae   Section       88  led_others.o(.bss)
    m_LED_DMABuff                            0x200008ae   Data          88  led_others.o(.bss)
    .bss                                     0x20000908   Section       40  ambient_light_app.o(.bss)
    .bss                                     0x20000930   Section       24  iic.o(.bss)
    .bss                                     0x20000948   Section      252  iap.o(.bss)
    .bss                                     0x20000a44   Section       32  mifare.o(.bss)
    .bss                                     0x20000a64   Section       86  reader_api.o(.bss)
    .bss                                     0x20000aba   Section      166  variable.o(.bss)
    .bss                                     0x20000b60   Section     5120  heap_4.o(.bss)
    ucHeap                                   0x20000b60   Data        5120  heap_4.o(.bss)
    .bss                                     0x20001f60   Section      300  tasks.o(.bss)
    pxReadyTasksLists                        0x20001f60   Data         200  tasks.o(.bss)
    xDelayedTaskList1                        0x20002028   Data          20  tasks.o(.bss)
    xDelayedTaskList2                        0x2000203c   Data          20  tasks.o(.bss)
    xPendingReadyList                        0x20002050   Data          20  tasks.o(.bss)
    xTasksWaitingTermination                 0x20002064   Data          20  tasks.o(.bss)
    xSuspendedTaskList                       0x20002078   Data          20  tasks.o(.bss)
    .bss                                     0x2000208c   Section       40  timers.o(.bss)
    xActiveTimerList1                        0x2000208c   Data          20  timers.o(.bss)
    xActiveTimerList2                        0x200020a0   Data          20  timers.o(.bss)
    STACK                                    0x200020b8   Section     3072  startup_stm32f072.o(STACK)

    Global Symbols

    Symbol Name                              Value     Ov Type        Size  Object(Section)

    BuildAttributes$$THM_ISAv3M$S$PE$A:L22$X:L11$S22$IEEE1$IW$USESV6$~STKCKD$USESV7$~SHL$OSPACE$EBA8$MICROLIB$REQ8$PRES8$EABIv2 0x00000000   Number         0  anon$$obj.o ABSOLUTE
    __ARM_use_no_argv                        0x00000000   Number         0  main.o ABSOLUTE
    __arm_fini_                               - Undefined Weak Reference
    __cpp_initialize__aeabi_                  - Undefined Weak Reference
    __cxa_finalize                            - Undefined Weak Reference
    _clock_init                               - Undefined Weak Reference
    _microlib_exit                            - Undefined Weak Reference
    __Vectors_Size                           0x000000c0   Number         0  startup_stm32f072.o ABSOLUTE
    __Vectors                                0x08001000   Data           4  startup_stm32f072.o(RESET)
    __Vectors_End                            0x080010c0   Data           0  startup_stm32f072.o(RESET)
    __main                                   0x080010c1   Thumb Code     0  entry.o(.ARM.Collect$$$$00000000)
    _main_stk                                0x080010c1   Thumb Code     0  entry2.o(.ARM.Collect$$$$00000001)
    _main_scatterload                        0x080010c5   Thumb Code     0  entry5.o(.ARM.Collect$$$$00000004)
    __main_after_scatterload                 0x080010c9   Thumb Code     0  entry5.o(.ARM.Collect$$$$00000004)
    _main_clock                              0x080010c9   Thumb Code     0  entry7b.o(.ARM.Collect$$$$00000008)
    _main_cpp_init                           0x080010c9   Thumb Code     0  entry8b.o(.ARM.Collect$$$$0000000A)
    _main_init                               0x080010c9   Thumb Code     0  entry9a.o(.ARM.Collect$$$$0000000B)
    __rt_lib_shutdown_fini                   0x080010d1   Thumb Code     0  entry12b.o(.ARM.Collect$$$$0000000E)
    __rt_final_cpp                           0x080010d5   Thumb Code     0  entry10a.o(.ARM.Collect$$$$0000000F)
    __rt_final_exit                          0x080010d5   Thumb Code     0  entry11a.o(.ARM.Collect$$$$00000011)
    Reset_Handler                            0x080010d9   Thumb Code     8  startup_stm32f072.o(.text)
    NMI_Handler                              0x080010e1   Thumb Code     2  startup_stm32f072.o(.text)
    HardFault_Handler                        0x080010e3   Thumb Code     2  startup_stm32f072.o(.text)
    ADC1_COMP_IRQHandler                     0x080010eb   Thumb Code     0  startup_stm32f072.o(.text)
    CEC_CAN_IRQHandler                       0x080010eb   Thumb Code     0  startup_stm32f072.o(.text)
    DMA1_Channel1_IRQHandler                 0x080010eb   Thumb Code     0  startup_stm32f072.o(.text)
    DMA1_Channel4_5_6_7_IRQHandler           0x080010eb   Thumb Code     0  startup_stm32f072.o(.text)
    EXTI0_1_IRQHandler                       0x080010eb   Thumb Code     0  startup_stm32f072.o(.text)
    EXTI4_15_IRQHandler                      0x080010eb   Thumb Code     0  startup_stm32f072.o(.text)
    FLASH_IRQHandler                         0x080010eb   Thumb Code     0  startup_stm32f072.o(.text)
    I2C1_IRQHandler                          0x080010eb   Thumb Code     0  startup_stm32f072.o(.text)
    I2C2_IRQHandler                          0x080010eb   Thumb Code     0  startup_stm32f072.o(.text)
    PVD_VDDIO2_IRQHandler                    0x080010eb   Thumb Code     0  startup_stm32f072.o(.text)
    RCC_CRS_IRQHandler                       0x080010eb   Thumb Code     0  startup_stm32f072.o(.text)
    RTC_IRQHandler                           0x080010eb   Thumb Code     0  startup_stm32f072.o(.text)
    SPI1_IRQHandler                          0x080010eb   Thumb Code     0  startup_stm32f072.o(.text)
    SPI2_IRQHandler                          0x080010eb   Thumb Code     0  startup_stm32f072.o(.text)
    TIM14_IRQHandler                         0x080010eb   Thumb Code     0  startup_stm32f072.o(.text)
    TIM15_IRQHandler                         0x080010eb   Thumb Code     0  startup_stm32f072.o(.text)
    TIM16_IRQHandler                         0x080010eb   Thumb Code     0  startup_stm32f072.o(.text)
    TIM17_IRQHandler                         0x080010eb   Thumb Code     0  startup_stm32f072.o(.text)
    TIM1_BRK_UP_TRG_COM_IRQHandler           0x080010eb   Thumb Code     0  startup_stm32f072.o(.text)
    TIM1_CC_IRQHandler                       0x080010eb   Thumb Code     0  startup_stm32f072.o(.text)
    TIM3_IRQHandler                          0x080010eb   Thumb Code     0  startup_stm32f072.o(.text)
    TIM6_DAC_IRQHandler                      0x080010eb   Thumb Code     0  startup_stm32f072.o(.text)
    TIM7_IRQHandler                          0x080010eb   Thumb Code     0  startup_stm32f072.o(.text)
    TSC_IRQHandler                           0x080010eb   Thumb Code     0  startup_stm32f072.o(.text)
    USART1_IRQHandler                        0x080010eb   Thumb Code     0  startup_stm32f072.o(.text)
    USART2_IRQHandler                        0x080010eb   Thumb Code     0  startup_stm32f072.o(.text)
    USART3_4_IRQHandler                      0x080010eb   Thumb Code     0  startup_stm32f072.o(.text)
    USB_IRQHandler                           0x080010eb   Thumb Code     0  startup_stm32f072.o(.text)
    WWDG_IRQHandler                          0x080010eb   Thumb Code     0  startup_stm32f072.o(.text)
    ADC_StartOfConversion                    0x080010f5   Thumb Code    10  stm32f0xx_adc.o(i.ADC_StartOfConversion)
    RE_LPCD_CALIBRATION                      0x080010ff   Thumb Code     2  reader_api.o(i.RE_LPCD_CALIBRATION)
    __asm___6_port_c_39a90d8d__prvPortStartFirstTask 0x08001111   Thumb Code    36  port.o(.emb_text)
    ulSetInterruptMaskFromISR                0x08001139   Thumb Code     8  port.o(.emb_text)
    vClearInterruptMaskFromISR               0x08001141   Thumb Code     6  port.o(.emb_text)
    PendSV_Handler                           0x08001147   Thumb Code    62  port.o(.emb_text)
    __aeabi_uidiv                            0x08001189   Thumb Code     0  uidiv.o(.text)
    __aeabi_uidivmod                         0x08001189   Thumb Code    44  uidiv.o(.text)
    __aeabi_idiv                             0x080011b5   Thumb Code     0  idiv.o(.text)
    __aeabi_idivmod                          0x080011b5   Thumb Code    40  idiv.o(.text)
    __aeabi_memcpy                           0x080011dd   Thumb Code    36  memcpya.o(.text)
    __aeabi_memcpy4                          0x080011dd   Thumb Code     0  memcpya.o(.text)
    __aeabi_memcpy8                          0x080011dd   Thumb Code     0  memcpya.o(.text)
    __aeabi_memset                           0x08001201   Thumb Code    14  memseta.o(.text)
    __aeabi_memset4                          0x08001201   Thumb Code     0  memseta.o(.text)
    __aeabi_memset8                          0x08001201   Thumb Code     0  memseta.o(.text)
    __aeabi_memclr                           0x0800120f   Thumb Code     4  memseta.o(.text)
    __aeabi_memclr4                          0x0800120f   Thumb Code     0  memseta.o(.text)
    __aeabi_memclr8                          0x0800120f   Thumb Code     0  memseta.o(.text)
    _memset$wrapper                          0x08001213   Thumb Code    18  memseta.o(.text)
    __scatterload                            0x08001225   Thumb Code    28  init.o(.text)
    __scatterload_rt2                        0x08001225   Thumb Code     0  init.o(.text)
    __decompress                             0x08001249   Thumb Code     0  __dczerorl2.o(.text)
    __decompress1                            0x08001249   Thumb Code    86  __dczerorl2.o(.text)
    ADCDMAConfiguration                      0x080012a1   Thumb Code    74  universal_init.o(i.ADCDMAConfiguration)
    ADC_ChannelConfig                        0x080012f9   Thumb Code    24  stm32f0xx_adc.o(i.ADC_ChannelConfig)
    ADC_Cmd                                  0x08001311   Thumb Code    24  stm32f0xx_adc.o(i.ADC_Cmd)
    ADC_DMACmd                               0x08001329   Thumb Code    24  stm32f0xx_adc.o(i.ADC_DMACmd)
    ADC_DMARequestModeConfig                 0x08001341   Thumb Code    16  stm32f0xx_adc.o(i.ADC_DMARequestModeConfig)
    ADC_DeInit                               0x08001351   Thumb Code    28  stm32f0xx_adc.o(i.ADC_DeInit)
    ADC_GetCalibrationFactor                 0x08001371   Thumb Code    60  stm32f0xx_adc.o(i.ADC_GetCalibrationFactor)
    ADC_GetFlagStatus                        0x080013ad   Thumb Code    48  stm32f0xx_adc.o(i.ADC_GetFlagStatus)
    ADC_Get_ConversionValue                  0x080013dd   Thumb Code    40  universal_init.o(i.ADC_Get_ConversionValue)
    ADC_Init                                 0x08001409   Thumb Code    40  stm32f0xx_adc.o(i.ADC_Init)
    ADC_Int                                  0x08001435   Thumb Code   282  universal_init.o(i.ADC_Int)
    ADC_StructInit                           0x08001561   Thumb Code    16  stm32f0xx_adc.o(i.ADC_StructInit)
    ALL_RGB_OFF                              0x08001571   Thumb Code    14  led_others.o(i.ALL_RGB_OFF)
    Ambient_ClearColor                       0x0800157f   Thumb Code    10  ambient_light_app.o(i.Ambient_ClearColor)
    Ambient_Light_ALL_Pro                    0x08001589   Thumb Code   262  ambient_light_app.o(i.Ambient_Light_ALL_Pro)
    Ambient_Light_Breathe_Pro                0x0800169d   Thumb Code   272  ambient_light_app.o(i.Ambient_Light_Breathe_Pro)
    Ambient_Light_Changliang                 0x080017b5   Thumb Code    94  ambient_light_app.o(i.Ambient_Light_Changliang)
    Ambient_Light_Malloc_Init                0x08001819   Thumb Code    58  ambient_light_app.o(i.Ambient_Light_Malloc_Init)
    Ambient_Light_Set                        0x0800185d   Thumb Code    72  ambient_light_app.o(i.Ambient_Light_Set)
    Ambient_Timer_Cmp_Update                 0x080018ad   Thumb Code    30  ambient_light_app.o(i.Ambient_Timer_Cmp_Update)
    Ambient_Timer_Init                       0x080018d1   Thumb Code   188  universal_init.o(i.Ambient_Timer_Init)
    Ambient_light_Start                      0x08001999   Thumb Code    10  ambient_light_app.o(i.Ambient_light_Start)
    Ambientlight_breath                      0x080019a5   Thumb Code   150  led_others.o(i.Ambientlight_breath)
    Beep_Ctrl_Pro                            0x08001a49   Thumb Code   222  control_task.o(i.Beep_Ctrl_Pro)
    COM1_Task                                0x08001b3d   Thumb Code   102  user_com_task.o(i.COM1_Task)
    CheckSum                                 0x08001ca3   Thumb Code    30  parseframe.o(i.CheckSum)
    Check_IAP_Mode                           0x08001cc1   Thumb Code    56  stateupdate.o(i.Check_IAP_Mode)
    ClearErrorByte                           0x08001d05   Thumb Code    16  system_config.o(i.ClearErrorByte)
    Clear_FIFO                               0x08001d19   Thumb Code    32  fm175xx.o(i.Clear_FIFO)
    Command_Execute                          0x08001d39   Thumb Code   572  reader_api.o(i.Command_Execute)
    Control_Task                             0x08001f75   Thumb Code    18  control_task.o(i.Control_Task)
    DMA1_Channel2_3_IRQHandler               0x08001f89   Thumb Code    72  uart_3.o(i.DMA1_Channel2_3_IRQHandler)
    DMA_ClearFlag                            0x08001fdd   Thumb Code     6  stm32f0xx_dma.o(i.DMA_ClearFlag)
    DMA_ClearITPendingBit                    0x08001fe9   Thumb Code     6  stm32f0xx_dma.o(i.DMA_ClearITPendingBit)
    DMA_Cmd                                  0x08001ff5   Thumb Code    24  stm32f0xx_dma.o(i.DMA_Cmd)
    DMA_DeInit                               0x08002011   Thumb Code   208  stm32f0xx_dma.o(i.DMA_DeInit)
    DMA_GetITStatus                          0x080020e9   Thumb Code    22  stm32f0xx_dma.o(i.DMA_GetITStatus)
    DMA_ITConfig                             0x08002105   Thumb Code    20  stm32f0xx_dma.o(i.DMA_ITConfig)
    DMA_Init                                 0x08002119   Thumb Code    58  stm32f0xx_dma.o(i.DMA_Init)
    DMA_SetCurrDataCounter                   0x08002159   Thumb Code     4  stm32f0xx_dma.o(i.DMA_SetCurrDataCounter)
    DMA_StructInit                           0x0800215d   Thumb Code    26  stm32f0xx_dma.o(i.DMA_StructInit)
    Dis_4LED                                 0x08002179   Thumb Code   374  dis_task.o(i.Dis_4LED)
    Disable_Interrupt                        0x08002301   Thumb Code     4  system_config.o(i.Disable_Interrupt)
    Display_Task                             0x08002305   Thumb Code    84  dis_task.o(i.Display_Task)
    EXTI2_3_IRQHandler                       0x08002369   Thumb Code    26  spi.o(i.EXTI2_3_IRQHandler)
    EXTI_ClearITPendingBit                   0x08002389   Thumb Code     6  stm32f0xx_exti.o(i.EXTI_ClearITPendingBit)
    EXTI_Config                              0x08002395   Thumb Code    62  spi.o(i.EXTI_Config)
    EXTI_GetITStatus                         0x080023d9   Thumb Code    22  stm32f0xx_exti.o(i.EXTI_GetITStatus)
    EXTI_Init                                0x080023f5   Thumb Code   132  stm32f0xx_exti.o(i.EXTI_Init)
    Enable_Interrupt                         0x0800247d   Thumb Code     4  system_config.o(i.Enable_Interrupt)
    FLASH_ErasePage                          0x08002481   Thumb Code    76  stm32f0xx_flash.o(i.FLASH_ErasePage)
    FLASH_GetStatus                          0x080024d5   Thumb Code    54  stm32f0xx_flash.o(i.FLASH_GetStatus)
    FLASH_Lock                               0x08002511   Thumb Code    14  stm32f0xx_flash.o(i.FLASH_Lock)
    FLASH_ProgramHalfWord                    0x08002525   Thumb Code    62  stm32f0xx_flash.o(i.FLASH_ProgramHalfWord)
    FLASH_ProgramWord                        0x08002569   Thumb Code   108  stm32f0xx_flash.o(i.FLASH_ProgramWord)
    FLASH_Unlock                             0x080025dd   Thumb Code    24  stm32f0xx_flash.o(i.FLASH_Unlock)
    FLASH_WaitForLastOperation               0x08002601   Thumb Code    40  stm32f0xx_flash.o(i.FLASH_WaitForLastOperation)
    FM175XX_HPD                              0x08002629   Thumb Code    40  fm175xx.o(i.FM175XX_HPD)
    FM175XX_HardReset                        0x08002655   Thumb Code    56  fm175xx.o(i.FM175XX_HardReset)
    FM175XX_Initial_ReaderA                  0x08002691   Thumb Code    78  reader_api.o(i.FM175XX_Initial_ReaderA)
    FM175XX_Polling                          0x080026df   Thumb Code    56  reader_api.o(i.FM175XX_Polling)
    Flash_PagesMask                          0x08002717   Thumb Code    24  flash.o(i.Flash_PagesMask)
    Flash_Prepared                           0x0800272f   Thumb Code    74  flash.o(i.Flash_Prepared)
    Flash_Read                               0x08002779   Thumb Code    20  flash.o(i.Flash_Read)
    Flash_Write                              0x0800278d   Thumb Code    80  flash.o(i.Flash_Write)
    Flash_Write_Word                         0x080027dd   Thumb Code    98  flash.o(i.Flash_Write_Word)
    FormatFrame                              0x0800283f   Thumb Code   134  parseframe.o(i.FormatFrame)
    FrontLightProcess                        0x080028c5   Thumb Code    12  control_task.o(i.FrontLightProcess)
    GPIO_Init                                0x080028d1   Thumb Code   144  stm32f0xx_gpio.o(i.GPIO_Init)
    GPIO_PinAFConfig                         0x08002961   Thumb Code    68  stm32f0xx_gpio.o(i.GPIO_PinAFConfig)
    GPIO_ReadInputDataBit                    0x080029a5   Thumb Code    20  stm32f0xx_gpio.o(i.GPIO_ReadInputDataBit)
    GPIO_ResetBits                           0x080029b9   Thumb Code     4  stm32f0xx_gpio.o(i.GPIO_ResetBits)
    GPIO_SetBits                             0x080029bd   Thumb Code     4  stm32f0xx_gpio.o(i.GPIO_SetBits)
    GPIO_StructInit                          0x080029c1   Thumb Code    20  stm32f0xx_gpio.o(i.GPIO_StructInit)
    GetReg                                   0x080029d9   Thumb Code   124  fm175xx.o(i.GetReg)
    GetReg_Ext                               0x08002a59   Thumb Code    28  fm175xx.o(i.GetReg_Ext)
    Get_RealVaule                            0x08002a75   Thumb Code   188  universal_init.o(i.Get_RealVaule)
    Handle_RGB_Control                       0x08002b45   Thumb Code   116  led_others.o(i.Handle_RGB_Control)
    Handle_Temp_Ctr                          0x08002bbd   Thumb Code   362  handletemperature.o(i.Handle_Temp_Ctr)
    Handle_Temp_Set                          0x08002d31   Thumb Code    28  universal_init.o(i.Handle_Temp_Set)
    Handle_Timer_Init                        0x08002d51   Thumb Code   142  universal_init.o(i.Handle_Timer_Init)
    IAP_EraseSWFlash                         0x08002de9   Thumb Code    30  iap.o(i.IAP_EraseSWFlash)
    IAP_Init                                 0x08002e09   Thumb Code    42  iap.o(i.IAP_Init)
    IAP_ParseFrame                           0x08002e41   Thumb Code   806  iap.o(i.IAP_ParseFrame)
    IAP_Reset                                0x08003199   Thumb Code    64  iap.o(i.IAP_Reset)
    IAP_SaveFCtrlmap                         0x080031f9   Thumb Code    42  iap.o(i.IAP_SaveFCtrlmap)
    IAP_decrypt                              0x0800322d   Thumb Code   192  iap.o(i.IAP_decrypt)
    IIC_Init                                 0x080032f5   Thumb Code    38  iic.o(i.IIC_Init)
    IIC_PushFrame                            0x08003321   Thumb Code    56  iic.o(i.IIC_PushFrame)
    IIC_Send_Byte                            0x0800335d   Thumb Code   182  iic.o(i.IIC_Send_Byte)
    IicProcess                               0x080036a1   Thumb Code    80  iic.o(i.IicProcess)
    InitAllPeripherals                       0x080036f5   Thumb Code   118  system_config.o(i.InitAllPeripherals)
    JUDGE                                    0x080037b1   Thumb Code    34  reader_api.o(i.JUDGE)
    LED_DMA_Refresh                          0x080037d5   Thumb Code    66  led_others.o(i.LED_DMA_Refresh)
    LPCD_Read                                0x08003825   Thumb Code   298  reader_api.o(i.LPCD_Read)
    Lpcd_Calibrate_Driver                    0x080039ad   Thumb Code   228  reader_api.o(i.Lpcd_Calibrate_Driver)
    Lpcd_Calibrate_Reference                 0x08003aa1   Thumb Code   116  reader_api.o(i.Lpcd_Calibrate_Reference)
    Lpcd_Calibration_Backup                  0x08003b1d   Thumb Code    20  reader_api.o(i.Lpcd_Calibration_Backup)
    Lpcd_Calibration_Event                   0x08003b35   Thumb Code    52  reader_api.o(i.Lpcd_Calibration_Event)
    Lpcd_Calibration_Restore                 0x08003b69   Thumb Code    64  reader_api.o(i.Lpcd_Calibration_Restore)
    Lpcd_Get_Calibration_Value               0x08003bb9   Thumb Code    74  reader_api.o(i.Lpcd_Get_Calibration_Value)
    Lpcd_Get_IRQ                             0x08003c03   Thumb Code    16  reader_api.o(i.Lpcd_Get_IRQ)
    Lpcd_Get_Value                           0x08003c13   Thumb Code    48  reader_api.o(i.Lpcd_Get_Value)
    Lpcd_IRQ_Event                           0x08003c43   Thumb Code    14  reader_api.o(i.Lpcd_IRQ_Event)
    Lpcd_Init_Register                       0x08003c51   Thumb Code    42  reader_api.o(i.Lpcd_Init_Register)
    Lpcd_Reset_Status                        0x08003c7b   Thumb Code    22  reader_api.o(i.Lpcd_Reset_Status)
    Lpcd_Set_Driver                          0x08003c91   Thumb Code    94  reader_api.o(i.Lpcd_Set_Driver)
    Lpcd_Set_Gain                            0x08003cef   Thumb Code    20  reader_api.o(i.Lpcd_Set_Gain)
    Lpcd_Set_IE                              0x08003d03   Thumb Code    28  reader_api.o(i.Lpcd_Set_IE)
    Lpcd_Set_IRQ_pin                         0x08003d1f   Thumb Code    20  reader_api.o(i.Lpcd_Set_IRQ_pin)
    Lpcd_Set_Mode                            0x08003d33   Thumb Code    34  reader_api.o(i.Lpcd_Set_Mode)
    Lpcd_Set_Reference                       0x08003d55   Thumb Code    42  reader_api.o(i.Lpcd_Set_Reference)
    Lpcd_Set_Threshold                       0x08003d7f   Thumb Code    56  reader_api.o(i.Lpcd_Set_Threshold)
    Lpcd_Set_Timer                           0x08003db9   Thumb Code   178  reader_api.o(i.Lpcd_Set_Timer)
    Lpcd_WaitFor_Irq                         0x08003e71   Thumb Code    58  reader_api.o(i.Lpcd_WaitFor_Irq)
    Mifare_Auth                              0x08003eab   Thumb Code   182  mifare.o(i.Mifare_Auth)
    Mifare_Blockread                         0x08003f61   Thumb Code    98  mifare.o(i.Mifare_Blockread)
    Mifare_Blockwrite                        0x08003fc3   Thumb Code   152  mifare.o(i.Mifare_Blockwrite)
    ModifyReg                                0x0800405b   Thumb Code    50  fm175xx.o(i.ModifyReg)
    ModifyReg_Ext                            0x0800408d   Thumb Code    50  fm175xx.o(i.ModifyReg_Ext)
    NVIC_Configuration                       0x08004191   Thumb Code    50  system_config.o(i.NVIC_Configuration)
    NVIC_Init                                0x080041c5   Thumb Code   106  stm32f0xx_misc.o(i.NVIC_Init)
    Normal_Tasks_Remarks                     0x08004265   Thumb Code    72  control_task.o(i.Normal_Tasks_Remarks)
    ParseFrame                               0x080042b1   Thumb Code   446  parseframe.o(i.ParseFrame)
    Peripherals_Clock_Init                   0x0800447d   Thumb Code   158  system_config.o(i.Peripherals_Clock_Init)
    PowerON_RGB                              0x0800451d   Thumb Code   102  led_others.o(i.PowerON_RGB)
    PushMiniFrame                            0x0800458d   Thumb Code    34  parseframe.o(i.PushMiniFrame)
    Query_Send_Data_Pro                      0x080045b1   Thumb Code   132  stateupdate.o(i.Query_Send_Data_Pro)
    RCC_ADCCLKConfig                         0x08004641   Thumb Code    52  stm32f0xx_rcc.o(i.RCC_ADCCLKConfig)
    RCC_AHBPeriphClockCmd                    0x08004679   Thumb Code    28  stm32f0xx_rcc.o(i.RCC_AHBPeriphClockCmd)
    RCC_APB1PeriphClockCmd                   0x08004699   Thumb Code    28  stm32f0xx_rcc.o(i.RCC_APB1PeriphClockCmd)
    RCC_APB1PeriphResetCmd                   0x080046b9   Thumb Code    28  stm32f0xx_rcc.o(i.RCC_APB1PeriphResetCmd)
    RCC_APB2PeriphClockCmd                   0x080046d9   Thumb Code    28  stm32f0xx_rcc.o(i.RCC_APB2PeriphClockCmd)
    RCC_APB2PeriphResetCmd                   0x080046f9   Thumb Code    28  stm32f0xx_rcc.o(i.RCC_APB2PeriphResetCmd)
    RCC_GetClocksFreq                        0x08004719   Thumb Code   468  stm32f0xx_rcc.o(i.RCC_GetClocksFreq)
    RGB_Bit_Set                              0x08004909   Thumb Code   236  led_others.o(i.RGB_Bit_Set)
    RGB_Buff_Init                            0x08004a05   Thumb Code    50  led_others.o(i.RGB_Buff_Init)
    RGB_Time_Init                            0x08004a3d   Thumb Code   244  led_others.o(i.RGB_Time_Init)
    ReadUniqueID                             0x08004b3d   Thumb Code    64  system_config.o(i.ReadUniqueID)
    ReaderA_AntiColl                         0x08004b85   Thumb Code   182  reader_api.o(i.ReaderA_AntiColl)
    ReaderA_CardActivate                     0x08004c45   Thumb Code   122  reader_api.o(i.ReaderA_CardActivate)
    ReaderA_Select                           0x08004cc5   Thumb Code   162  reader_api.o(i.ReaderA_Select)
    ReaderA_Wakeup                           0x08004d71   Thumb Code    90  reader_api.o(i.ReaderA_Wakeup)
    SPI1_Configuration                       0x08004dd1   Thumb Code   198  spi.o(i.SPI1_Configuration)
    SPI_Cmd                                  0x08004ea1   Thumb Code    24  stm32f0xx_spi.o(i.SPI_Cmd)
    SPI_I2S_ClearFlag                        0x08004ebd   Thumb Code     6  stm32f0xx_spi.o(i.SPI_I2S_ClearFlag)
    SPI_I2S_GetFlagStatus                    0x08004ec3   Thumb Code    20  stm32f0xx_spi.o(i.SPI_I2S_GetFlagStatus)
    SPI_Init                                 0x08004ed9   Thumb Code    76  stm32f0xx_spi.o(i.SPI_Init)
    SPI_Read_FIFO                            0x08004f31   Thumb Code   142  fm175xx.o(i.SPI_Read_FIFO)
    SPI_ReceiveData8                         0x08004fc5   Thumb Code    12  stm32f0xx_spi.o(i.SPI_ReceiveData8)
    SPI_RxFIFOThresholdConfig                0x08004fd1   Thumb Code    16  stm32f0xx_spi.o(i.SPI_RxFIFOThresholdConfig)
    SPI_SendData8                            0x08004fe5   Thumb Code    10  stm32f0xx_spi.o(i.SPI_SendData8)
    SPI_Write_FIFO                           0x08004ff1   Thumb Code   106  fm175xx.o(i.SPI_Write_FIFO)
    SVC_Handler                              0x08005061   Thumb Code     2  port.o(i.SVC_Handler)
    SYSCFG_EXTILineConfig                    0x08005065   Thumb Code    60  stm32f0xx_syscfg.o(i.SYSCFG_EXTILineConfig)
    SYSCFG_MemoryRemapConfig                 0x080050a5   Thumb Code    24  stm32f0xx_syscfg.o(i.SYSCFG_MemoryRemapConfig)
    SaveFDatamap                             0x080050c1   Thumb Code   234  system_config.o(i.SaveFDatamap)
    SetErrorByte                             0x080051c5   Thumb Code    22  system_config.o(i.SetErrorByte)
    SetReceiveCRC                            0x080051e1   Thumb Code    32  reader_api.o(i.SetReceiveCRC)
    SetReg                                   0x08005201   Thumb Code   108  fm175xx.o(i.SetReg)
    SetReg_Ext                               0x08005271   Thumb Code    32  fm175xx.o(i.SetReg_Ext)
    SetRf                                    0x08005291   Thumb Code    88  reader_api.o(i.SetRf)
    SetSendCRC                               0x080052ed   Thumb Code    32  reader_api.o(i.SetSendCRC)
    SetTimeOut                               0x0800530d   Thumb Code    96  reader_api.o(i.SetTimeOut)
    SysTick_CLKSourceConfig                  0x08005379   Thumb Code    32  stm32f0xx_misc.o(i.SysTick_CLKSourceConfig)
    SysTick_Handler                          0x0800539d   Thumb Code    32  port.o(i.SysTick_Handler)
    SystemCoreClockConfigure                 0x080053c1   Thumb Code   206  system_config.o(i.SystemCoreClockConfigure)
    SystemCoreClockUpdate                    0x08005499   Thumb Code   154  system_stm32f0xx.o(i.SystemCoreClockUpdate)
    SystemInit                               0x08005549   Thumb Code   104  system_stm32f0xx.o(i.SystemInit)
    TIM2_IRQHandler                          0x080055bd   Thumb Code    28  universal_init.o(i.TIM2_IRQHandler)
    TIM_ARRPreloadConfig                     0x080055d9   Thumb Code    24  stm32f0xx_tim.o(i.TIM_ARRPreloadConfig)
    TIM_ClearFlag                            0x080055f5   Thumb Code     6  stm32f0xx_tim.o(i.TIM_ClearFlag)
    TIM_ClearITPendingBit                    0x080055fb   Thumb Code     6  stm32f0xx_tim.o(i.TIM_ClearITPendingBit)
    TIM_Cmd                                  0x08005601   Thumb Code    24  stm32f0xx_tim.o(i.TIM_Cmd)
    TIM_CtrlPWMOutputs                       0x0800561d   Thumb Code    34  stm32f0xx_tim.o(i.TIM_CtrlPWMOutputs)
    TIM_DMACmd                               0x0800563f   Thumb Code    20  stm32f0xx_tim.o(i.TIM_DMACmd)
    TIM_DeInit                               0x08005655   Thumb Code   228  stm32f0xx_tim.o(i.TIM_DeInit)
    TIM_GetITStatus                          0x08005759   Thumb Code    38  stm32f0xx_tim.o(i.TIM_GetITStatus)
    TIM_ITConfig                             0x0800577f   Thumb Code    20  stm32f0xx_tim.o(i.TIM_ITConfig)
    TIM_OC1Init                              0x08005795   Thumb Code   122  stm32f0xx_tim.o(i.TIM_OC1Init)
    TIM_OC1PreloadConfig                     0x08005829   Thumb Code    20  stm32f0xx_tim.o(i.TIM_OC1PreloadConfig)
    TIM_OC2Init                              0x08005841   Thumb Code   142  stm32f0xx_tim.o(i.TIM_OC2Init)
    TIM_OC2PreloadConfig                     0x080058ed   Thumb Code    20  stm32f0xx_tim.o(i.TIM_OC2PreloadConfig)
    TIM_OC3Init                              0x08005905   Thumb Code   124  stm32f0xx_tim.o(i.TIM_OC3Init)
    TIM_OC3PreloadConfig                     0x0800599d   Thumb Code    20  stm32f0xx_tim.o(i.TIM_OC3PreloadConfig)
    TIM_OCStructInit                         0x080059b5   Thumb Code    20  stm32f0xx_tim.o(i.TIM_OCStructInit)
    TIM_SetCompare1                          0x080059c9   Thumb Code     4  stm32f0xx_tim.o(i.TIM_SetCompare1)
    TIM_SetCompare2                          0x080059cd   Thumb Code     4  stm32f0xx_tim.o(i.TIM_SetCompare2)
    TIM_SetCompare3                          0x080059d1   Thumb Code     4  stm32f0xx_tim.o(i.TIM_SetCompare3)
    TIM_TimeBaseInit                         0x080059d5   Thumb Code    90  stm32f0xx_tim.o(i.TIM_TimeBaseInit)
    TIM_TimeBaseStructInit                   0x08005a51   Thumb Code    18  stm32f0xx_tim.o(i.TIM_TimeBaseStructInit)
    TYPE_A_EVENT                             0x08005a65   Thumb Code   272  reader_api.o(i.TYPE_A_EVENT)
    Timer2Init                               0x08005b99   Thumb Code    56  universal_init.o(i.Timer2Init)
    UART3_CheckReceive                       0x08005bd1   Thumb Code   120  uart_3.o(i.UART3_CheckReceive)
    UART3_CheckSend                          0x08005c5d   Thumb Code    76  uart_3.o(i.UART3_CheckSend)
    UART3_DMAConfiguration                   0x08005cbd   Thumb Code   192  uart_3.o(i.UART3_DMAConfiguration)
    UART3_InitVariables                      0x08005dbd   Thumb Code     8  uart_3.o(i.UART3_InitVariables)
    UART3_Int                                0x08005dc9   Thumb Code   136  uart_3.o(i.UART3_Int)
    UART3_ParseData                          0x08005e59   Thumb Code   256  uart_3.o(i.UART3_ParseData)
    UART3_PushFrame                          0x08005f71   Thumb Code   148  uart_3.o(i.UART3_PushFrame)
    USART_Cmd                                0x08006095   Thumb Code    24  stm32f0xx_usart.o(i.USART_Cmd)
    USART_DMACmd                             0x080060ad   Thumb Code    20  stm32f0xx_usart.o(i.USART_DMACmd)
    USART_DeInit                             0x080060c1   Thumb Code   108  stm32f0xx_usart.o(i.USART_DeInit)
    USART_HalfDuplexCmd                      0x0800613d   Thumb Code    24  stm32f0xx_usart.o(i.USART_HalfDuplexCmd)
    USART_Init                               0x08006155   Thumb Code   214  stm32f0xx_usart.o(i.USART_Init)
    Variables_Init                           0x0800623d   Thumb Code    84  system_config.o(i.Variables_Init)
    Wireless_Power_Ctr_Handler               0x080062a9   Thumb Code   332  control_task.o(i.Wireless_Power_Ctr_Handler)
    __ARM_common_switch8                     0x0800641d   Thumb Code    28  iic.o(i.__ARM_common_switch8)
    __scatterload_copy                       0x08006439   Thumb Code    14  handlers.o(i.__scatterload_copy)
    __scatterload_null                       0x08006447   Thumb Code     2  handlers.o(i.__scatterload_null)
    __scatterload_zeroinit                   0x08006449   Thumb Code    14  handlers.o(i.__scatterload_zeroinit)
    check_NFC_key                            0x08006459   Thumb Code    32  reader_api.o(i.check_NFC_key)
    delay_init                               0x08006485   Thumb Code    62  system_config.o(i.delay_init)
    delay_us                                 0x080064d9   Thumb Code    62  system_config.o(i.delay_us)
    eTaskConfirmSleepModeStatus              0x08006521   Thumb Code    46  tasks.o(i.eTaskConfirmSleepModeStatus)
    gpioGetInput                             0x08006561   Thumb Code    74  gpio.o(i.gpioGetInput)
    gpioInitialize                           0x080065b1   Thumb Code    34  gpio.o(i.gpioInitialize)
    gpioSetOutput                            0x080065d9   Thumb Code    54  gpio.o(i.gpioSetOutput)
    mDelay                                   0x08006615   Thumb Code    52  fm175xx.o(i.mDelay)
    main                                     0x0800664d   Thumb Code    46  main.o(i.main)
    pvPortMalloc                             0x08007159   Thumb Code   274  heap_4.o(i.pvPortMalloc)
    pxPortInitialiseStack                    0x08007285   Thumb Code    26  port.o(i.pxPortInitialiseStack)
    start_task                               0x080072a5   Thumb Code    96  main.o(i.start_task)
    turnLightProcess                         0x08007349   Thumb Code    32  turnlightprocess.o(i.turnLightProcess)
    uDelay                                   0x0800736d   Thumb Code    22  reader_api.o(i.uDelay)
    uxListRemove                             0x08007383   Thumb Code    40  list.o(i.uxListRemove)
    vListInitialise                          0x080073ab   Thumb Code    26  list.o(i.vListInitialise)
    vListInitialiseItem                      0x080073c5   Thumb Code     6  list.o(i.vListInitialiseItem)
    vListInsert                              0x080073cb   Thumb Code    54  list.o(i.vListInsert)
    vListInsertEnd                           0x08007401   Thumb Code    24  list.o(i.vListInsertEnd)
    vPortEnterCritical                       0x08007419   Thumb Code    22  port.o(i.vPortEnterCritical)
    vPortExitCritical                        0x08007435   Thumb Code    36  port.o(i.vPortExitCritical)
    vPortFree                                0x0800745d   Thumb Code   130  heap_4.o(i.vPortFree)
    vPortSetupTimerInterrupt                 0x080074ed   Thumb Code    70  port.o(i.vPortSetupTimerInterrupt)
    vPortSuppressTicksAndSleep               0x0800754d   Thumb Code   306  port.o(i.vPortSuppressTicksAndSleep)
    vPortYield                               0x08007691   Thumb Code    18  port.o(i.vPortYield)
    vQueueWaitForMessageRestricted           0x080076a9   Thumb Code    76  queue.o(i.vQueueWaitForMessageRestricted)
    vTaskDelay                               0x080076f5   Thumb Code    62  tasks.o(i.vTaskDelay)
    vTaskDelete                              0x08007739   Thumb Code   150  tasks.o(i.vTaskDelete)
    vTaskInternalSetTimeOutState             0x080077ed   Thumb Code    14  tasks.o(i.vTaskInternalSetTimeOutState)
    vTaskMissedYield                         0x08007805   Thumb Code     8  tasks.o(i.vTaskMissedYield)
    vTaskPlaceOnEventList                    0x08007811   Thumb Code    38  tasks.o(i.vTaskPlaceOnEventList)
    vTaskPlaceOnEventListRestricted          0x0800783d   Thumb Code    48  tasks.o(i.vTaskPlaceOnEventListRestricted)
    vTaskStartScheduler                      0x08007871   Thumb Code    90  tasks.o(i.vTaskStartScheduler)
    vTaskStepTick                            0x080078e9   Thumb Code    42  tasks.o(i.vTaskStepTick)
    vTaskSuspendAll                          0x0800791d   Thumb Code    12  tasks.o(i.vTaskSuspendAll)
    vTaskSwitchContext                       0x0800792d   Thumb Code   108  tasks.o(i.vTaskSwitchContext)
    xPortStartScheduler                      0x080079ad   Thumb Code    48  port.o(i.xPortStartScheduler)
    xQueueGenericCreate                      0x080079e5   Thumb Code    76  queue.o(i.xQueueGenericCreate)
    xQueueGenericReset                       0x08007a31   Thumb Code   130  queue.o(i.xQueueGenericReset)
    xQueueGenericSend                        0x08007ab3   Thumb Code   382  queue.o(i.xQueueGenericSend)
    xQueueGenericSendFromISR                 0x08007c31   Thumb Code   228  queue.o(i.xQueueGenericSendFromISR)
    xQueueReceive                            0x08007d15   Thumb Code   312  queue.o(i.xQueueReceive)
    xTaskCheckForTimeOut                     0x08007e4d   Thumb Code   132  tasks.o(i.xTaskCheckForTimeOut)
    xTaskCreate                              0x08007edd   Thumb Code    92  tasks.o(i.xTaskCreate)
    xTaskGetSchedulerState                   0x08007f39   Thumb Code    28  tasks.o(i.xTaskGetSchedulerState)
    xTaskGetTickCount                        0x08007f5d   Thumb Code     6  tasks.o(i.xTaskGetTickCount)
    xTaskIncrementTick                       0x08007f69   Thumb Code   270  tasks.o(i.xTaskIncrementTick)
    xTaskPriorityDisinherit                  0x080080a5   Thumb Code   124  tasks.o(i.xTaskPriorityDisinherit)
    xTaskRemoveFromEventList                 0x0800812d   Thumb Code   116  tasks.o(i.xTaskRemoveFromEventList)
    xTaskResumeAll                           0x080081b9   Thumb Code   206  tasks.o(i.xTaskResumeAll)
    xTimerCreateTimerTask                    0x080082a9   Thumb Code    52  timers.o(i.xTimerCreateTimerTask)
    xTimerGenericCommand                     0x080082f1   Thumb Code   110  timers.o(i.xTimerGenericCommand)
    Region$$Table$$Base                      0x08008384   Number         0  anon$$obj.o(Region$$Table)
    Region$$Table$$Limit                     0x080083a4   Number         0  anon$$obj.o(Region$$Table)
    temp_address                             0x200000c0   Data           4  stm32f0xx_flash.o(.data)
    temp_Address                             0x200000c4   Data           4  stm32f0xx_flash.o(.data)
    SystemCoreClock                          0x200000d8   Data           4  system_stm32f0xx.o(.data)
    AHBPrescTable                            0x200000dc   Data          16  system_stm32f0xx.o(.data)
    StartTask_Handler                        0x200000ec   Data           4  main.o(.data)
    Task1Task_Handler                        0x200000f0   Data           4  main.o(.data)
    Task2Task_Handler                        0x200000f4   Data           4  main.o(.data)
    Task3Task_Handler                        0x200000f8   Data           4  main.o(.data)
    COM1_Message_Queue                       0x200001e4   Data           4  user_com_task.o(.data)
    m_EUART3_TxFrm_Tail                      0x200001ec   Data           1  uart_3.o(.data)
    m_EUART3_TxFrm_Head                      0x200001ed   Data           1  uart_3.o(.data)
    m_EUART3_TxFrm_FreeFrmLen                0x200001ee   Data           1  uart_3.o(.data)
    m_EUART3_DMA_RXPtr                       0x200001f0   Data           4  uart_3.o(.data)
    m_bEUART3PushingFrms                     0x200001f4   Data           1  uart_3.o(.data)
    m_bEUART3CheckingRec                     0x200001f5   Data           1  uart_3.o(.data)
    m_bEUART3CheckingSend                    0x200001f6   Data           1  uart_3.o(.data)
    m_bEUART3TxEn                            0x200001f7   Data           1  uart_3.o(.data)
    g_FCtrlMap_Default                       0x20000288   Data          12  iap.o(.data)
    m_BinOldSliceForDecr                     0x20000294   Data           8  iap.o(.data)
    m_BinNewSliceForDecr                     0x2000029c   Data           8  iap.o(.data)
    X_Temp_Handle                            0x200002a4   Data          48  handletemperature.o(.data)
    Y_Res_Handle                             0x200002d4   Data          48  handletemperature.o(.data)
    _temperature_object                      0x20000304   Data          12  handletemperature.o(.data)
    NFC_SECTOR                               0x20000314   Data           1  mifare.o(.data)
    NFC_BLOCK                                0x20000315   Data           1  mifare.o(.data)
    NFC_BLOCK_NUM                            0x20000316   Data           1  mifare.o(.data)
    BLOCK_DATA                               0x20000317   Data          16  mifare.o(.data)
    BLOCK_DATA_W                             0x20000327   Data          16  mifare.o(.data)
    KEY_A                                    0x20000337   Data          96  mifare.o(.data)
    KEY_B                                    0x20000397   Data          96  mifare.o(.data)
    succeed                                  0x200003f8   Data           1  reader_api.o(.data)
    NFC_INT                                  0x200003f9   Data           1  reader_api.o(.data)
    NFC_set                                  0x200003fa   Data           2  reader_api.o(.data)
    _my_id                                   0x200003fc   Data           8  reader_api.o(.data)
    Lpcd_Debug_Info                          0x20000404   Data           1  reader_api.o(.data)
    Lpcd_Debug_Test                          0x20000405   Data           1  reader_api.o(.data)
    s_error_cnt                              0x20000406   Data           1  reader_api.o(.data)
    g_Clear_error_cnt                        0x2000040c   Data           2  variable.o(.data)
    g_ErrorByte                              0x2000040e   Data           1  variable.o(.data)
    g_wireless_charger_vol                   0x2000040f   Data           1  variable.o(.data)
    g_12V_vol                                0x20000410   Data           1  variable.o(.data)
    g_leftBreakGnd_vol                       0x20000412   Data           2  variable.o(.data)
    g_rightBreakGnd_vol                      0x20000414   Data           2  variable.o(.data)
    g_accGnd_vol                             0x20000416   Data           2  variable.o(.data)
    pxCurrentTCB                             0x20000448   Data           4  tasks.o(.data)
    m_ADCValue                               0x20000498   Data          96  universal_init.o(.bss)
    m_EUART3_TxFrames                        0x200004f8   Data         604  uart_3.o(.bss)
    m_EUART3_DMA_RXBuf                       0x20000754   Data         150  uart_3.o(.bss)
    Ambient_light_object                     0x20000908   Data          40  ambient_light_app.o(.bss)
    iic_t                                    0x20000930   Data          24  iic.o(.bss)
    g_FCtrlMap                               0x20000948   Data          12  iap.o(.bss)
    m_key                                    0x20000954   Data          16  iap.o(.bss)
    g_DecryptDataBuf                         0x20000964   Data         200  iap.o(.bss)
    iap_state                                0x20000a2c   Data          24  iap.o(.bss)
    BLOCK_DATA_R                             0x20000a44   Data          16  mifare.o(.bss)
    DATA_W_RAND                              0x20000a54   Data          16  mifare.o(.bss)
    PICC_A                                   0x20000a64   Data          25  reader_api.o(.bss)
    PICC_B                                   0x20000a7d   Data          41  reader_api.o(.bss)
    Lpcd                                     0x20000aa6   Data          20  reader_api.o(.bss)
    g_NBCmdMap                               0x20000aba   Data          32  variable.o(.bss)
    g_myself_data                            0x20000ada   Data         108  variable.o(.bss)
    g_bool                                   0x20000b46   Data          26  variable.o(.bss)
    __initial_sp                             0x20002cb8   Data           0  startup_stm32f072.o(STACK)



==============================================================================

Memory Map of the image

  Image Entry point : 0x080010c1

  Load Region LR_IROM1 (Base: 0x08001000, Size: 0x0000777c, Max: 0x00020000, ABSOLUTE, COMPRESSED[0x000074cc])

    Execution Region ER_IROM1 (Exec base: 0x08001000, Load base: 0x08001000, Size: 0x000073a4, Max: 0x00020000, ABSOLUTE)

    Exec Addr    Load Addr    Size         Type   Attr      Idx    E Section Name        Object

    0x08001000   0x08001000   0x000000c0   Data   RO            3    RESET               startup_stm32f072.o
    0x080010c0   0x080010c0   0x00000000   Code   RO         6595  * .ARM.Collect$$$$00000000  mc_p.l(entry.o)
    0x080010c0   0x080010c0   0x00000004   Code   RO         6610    .ARM.Collect$$$$00000001  mc_p.l(entry2.o)
    0x080010c4   0x080010c4   0x00000004   Code   RO         6613    .ARM.Collect$$$$00000004  mc_p.l(entry5.o)
    0x080010c8   0x080010c8   0x00000000   Code   RO         6615    .ARM.Collect$$$$00000008  mc_p.l(entry7b.o)
    0x080010c8   0x080010c8   0x00000000   Code   RO         6617    .ARM.Collect$$$$0000000A  mc_p.l(entry8b.o)
    0x080010c8   0x080010c8   0x00000008   Code   RO         6618    .ARM.Collect$$$$0000000B  mc_p.l(entry9a.o)
    0x080010d0   0x080010d0   0x00000004   Code   RO         6625    .ARM.Collect$$$$0000000E  mc_p.l(entry12b.o)
    0x080010d4   0x080010d4   0x00000000   Code   RO         6620    .ARM.Collect$$$$0000000F  mc_p.l(entry10a.o)
    0x080010d4   0x080010d4   0x00000000   Code   RO         6622    .ARM.Collect$$$$00000011  mc_p.l(entry11a.o)
    0x080010d4   0x080010d4   0x00000004   Code   RO         6611    .ARM.Collect$$$$00002712  mc_p.l(entry2.o)
    0x080010d8   0x080010d8   0x0000001c   Code   RO            4    .text               startup_stm32f072.o
    0x080010f4   0x080010f4   0x0000000a   Code   RO         2734    i.ADC_StartOfConversion  stm32f0xx_adc.o
    0x080010fe   0x080010fe   0x00000002   Code   RO         5153    i.RE_LPCD_CALIBRATION  reader_api.o
    0x08001100   0x08001100   0x00000010   Data   RO         4803    .ARM.__AT_0x08001100  iap.o
    0x08001110   0x08001110   0x00000078   Code   RO         5703    .emb_text           port.o
    0x08001188   0x08001188   0x0000002c   Code   RO         6598    .text               mc_p.l(uidiv.o)
    0x080011b4   0x080011b4   0x00000028   Code   RO         6600    .text               mc_p.l(idiv.o)
    0x080011dc   0x080011dc   0x00000024   Code   RO         6602    .text               mc_p.l(memcpya.o)
    0x08001200   0x08001200   0x00000024   Code   RO         6604    .text               mc_p.l(memseta.o)
    0x08001224   0x08001224   0x00000024   Code   RO         6626    .text               mc_p.l(init.o)
    0x08001248   0x08001248   0x00000056   Code   RO         6636    .text               mc_p.l(__dczerorl2.o)
    0x0800129e   0x0800129e   0x00000002   PAD
    0x080012a0   0x080012a0   0x00000058   Code   RO         4120    i.ADCDMAConfiguration  universal_init.o
    0x080012f8   0x080012f8   0x00000018   Code   RO         2716    i.ADC_ChannelConfig  stm32f0xx_adc.o
    0x08001310   0x08001310   0x00000018   Code   RO         2720    i.ADC_Cmd           stm32f0xx_adc.o
    0x08001328   0x08001328   0x00000018   Code   RO         2722    i.ADC_DMACmd        stm32f0xx_adc.o
    0x08001340   0x08001340   0x00000010   Code   RO         2723    i.ADC_DMARequestModeConfig  stm32f0xx_adc.o
    0x08001350   0x08001350   0x00000020   Code   RO         2724    i.ADC_DeInit        stm32f0xx_adc.o
    0x08001370   0x08001370   0x0000003c   Code   RO         2726    i.ADC_GetCalibrationFactor  stm32f0xx_adc.o
    0x080013ac   0x080013ac   0x00000030   Code   RO         2728    i.ADC_GetFlagStatus  stm32f0xx_adc.o
    0x080013dc   0x080013dc   0x0000002c   Code   RO         4121    i.ADC_Get_ConversionValue  universal_init.o
    0x08001408   0x08001408   0x0000002c   Code   RO         2731    i.ADC_Init          stm32f0xx_adc.o
    0x08001434   0x08001434   0x0000012c   Code   RO         4122    i.ADC_Int           universal_init.o
    0x08001560   0x08001560   0x00000010   Code   RO         2736    i.ADC_StructInit    stm32f0xx_adc.o
    0x08001570   0x08001570   0x0000000e   Code   RO         4453    i.ALL_RGB_OFF       led_others.o
    0x0800157e   0x0800157e   0x0000000a   Code   RO         4519    i.Ambient_ClearColor  ambient_light_app.o
    0x08001588   0x08001588   0x00000114   Code   RO         4520    i.Ambient_Light_ALL_Pro  ambient_light_app.o
    0x0800169c   0x0800169c   0x00000118   Code   RO         4521    i.Ambient_Light_Breathe_Pro  ambient_light_app.o
    0x080017b4   0x080017b4   0x00000064   Code   RO         4522    i.Ambient_Light_Changliang  ambient_light_app.o
    0x08001818   0x08001818   0x00000044   Code   RO         4523    i.Ambient_Light_Malloc_Init  ambient_light_app.o
    0x0800185c   0x0800185c   0x00000050   Code   RO         4524    i.Ambient_Light_Set  ambient_light_app.o
    0x080018ac   0x080018ac   0x00000024   Code   RO         4525    i.Ambient_Timer_Cmp_Update  ambient_light_app.o
    0x080018d0   0x080018d0   0x000000c8   Code   RO         4123    i.Ambient_Timer_Init  universal_init.o
    0x08001998   0x08001998   0x0000000a   Code   RO         4526    i.Ambient_light_Start  ambient_light_app.o
    0x080019a2   0x080019a2   0x00000002   PAD
    0x080019a4   0x080019a4   0x000000a4   Code   RO         4454    i.Ambientlight_breath  led_others.o
    0x08001a48   0x08001a48   0x000000f4   Code   RO         4685    i.Beep_Ctrl_Pro     control_task.o
    0x08001b3c   0x08001b3c   0x00000078   Code   RO         4294    i.COM1_Task         user_com_task.o
    0x08001bb4   0x08001bb4   0x0000005c   Code   RO         4686    i.COM_Overtime_Check_Pro  control_task.o
    0x08001c10   0x08001c10   0x00000092   Code   RO         4861    i.Calculate_Value_By_Linertable  handletemperature.o
    0x08001ca2   0x08001ca2   0x0000001e   Code   RO         4252    i.CheckSum          parseframe.o
    0x08001cc0   0x08001cc0   0x00000044   Code   RO         4900    i.Check_IAP_Mode    stateupdate.o
    0x08001d04   0x08001d04   0x00000014   Code   RO         3997    i.ClearErrorByte    system_config.o
    0x08001d18   0x08001d18   0x00000020   Code   RO         4957    i.Clear_FIFO        fm175xx.o
    0x08001d38   0x08001d38   0x0000023c   Code   RO         5127    i.Command_Execute   reader_api.o
    0x08001f74   0x08001f74   0x00000012   Code   RO         4687    i.Control_Task      control_task.o
    0x08001f86   0x08001f86   0x00000002   PAD
    0x08001f88   0x08001f88   0x00000054   Code   RO         4328    i.DMA1_Channel2_3_IRQHandler  uart_3.o
    0x08001fdc   0x08001fdc   0x0000000c   Code   RO          362    i.DMA_ClearFlag     stm32f0xx_dma.o
    0x08001fe8   0x08001fe8   0x0000000c   Code   RO          363    i.DMA_ClearITPendingBit  stm32f0xx_dma.o
    0x08001ff4   0x08001ff4   0x0000001c   Code   RO          364    i.DMA_Cmd           stm32f0xx_dma.o
    0x08002010   0x08002010   0x000000d8   Code   RO          365    i.DMA_DeInit        stm32f0xx_dma.o
    0x080020e8   0x080020e8   0x0000001c   Code   RO          368    i.DMA_GetITStatus   stm32f0xx_dma.o
    0x08002104   0x08002104   0x00000014   Code   RO          369    i.DMA_ITConfig      stm32f0xx_dma.o
    0x08002118   0x08002118   0x00000040   Code   RO          370    i.DMA_Init          stm32f0xx_dma.o
    0x08002158   0x08002158   0x00000004   Code   RO          371    i.DMA_SetCurrDataCounter  stm32f0xx_dma.o
    0x0800215c   0x0800215c   0x0000001a   Code   RO          372    i.DMA_StructInit    stm32f0xx_dma.o
    0x08002176   0x08002176   0x00000002   PAD
    0x08002178   0x08002178   0x00000188   Code   RO         4416    i.Dis_4LED          dis_task.o
    0x08002300   0x08002300   0x00000004   Code   RO         3998    i.Disable_Interrupt  system_config.o
    0x08002304   0x08002304   0x00000064   Code   RO         4417    i.Display_Task      dis_task.o
    0x08002368   0x08002368   0x00000020   Code   RO         5433    i.EXTI2_3_IRQHandler  spi.o
    0x08002388   0x08002388   0x0000000c   Code   RO          443    i.EXTI_ClearITPendingBit  stm32f0xx_exti.o
    0x08002394   0x08002394   0x00000044   Code   RO         5434    i.EXTI_Config       spi.o
    0x080023d8   0x080023d8   0x0000001c   Code   RO          447    i.EXTI_GetITStatus  stm32f0xx_exti.o
    0x080023f4   0x080023f4   0x00000088   Code   RO          448    i.EXTI_Init         stm32f0xx_exti.o
    0x0800247c   0x0800247c   0x00000004   Code   RO         3999    i.Enable_Interrupt  system_config.o
    0x08002480   0x08002480   0x00000054   Code   RO          506    i.FLASH_ErasePage   stm32f0xx_flash.o
    0x080024d4   0x080024d4   0x0000003c   Code   RO          509    i.FLASH_GetStatus   stm32f0xx_flash.o
    0x08002510   0x08002510   0x00000014   Code   RO          511    i.FLASH_Lock        stm32f0xx_flash.o
    0x08002524   0x08002524   0x00000044   Code   RO          530    i.FLASH_ProgramHalfWord  stm32f0xx_flash.o
    0x08002568   0x08002568   0x00000074   Code   RO          531    i.FLASH_ProgramWord  stm32f0xx_flash.o
    0x080025dc   0x080025dc   0x00000024   Code   RO          533    i.FLASH_Unlock      stm32f0xx_flash.o
    0x08002600   0x08002600   0x00000028   Code   RO          534    i.FLASH_WaitForLastOperation  stm32f0xx_flash.o
    0x08002628   0x08002628   0x0000002c   Code   RO         4958    i.FM175XX_HPD       fm175xx.o
    0x08002654   0x08002654   0x0000003c   Code   RO         4959    i.FM175XX_HardReset  fm175xx.o
    0x08002690   0x08002690   0x0000004e   Code   RO         5128    i.FM175XX_Initial_ReaderA  reader_api.o
    0x080026de   0x080026de   0x00000038   Code   RO         5130    i.FM175XX_Polling   reader_api.o
    0x08002716   0x08002716   0x00000018   Code   RO         4750    i.Flash_PagesMask   flash.o
    0x0800272e   0x0800272e   0x0000004a   Code   RO         4751    i.Flash_Prepared    flash.o
    0x08002778   0x08002778   0x00000014   Code   RO         4752    i.Flash_Read        flash.o
    0x0800278c   0x0800278c   0x00000050   Code   RO         4753    i.Flash_Write       flash.o
    0x080027dc   0x080027dc   0x00000062   Code   RO         4754    i.Flash_Write_Word  flash.o
    0x0800283e   0x0800283e   0x00000086   Code   RO         4253    i.FormatFrame       parseframe.o
    0x080028c4   0x080028c4   0x0000000c   Code   RO         4688    i.FrontLightProcess  control_task.o
    0x080028d0   0x080028d0   0x00000090   Code   RO          708    i.GPIO_Init         stm32f0xx_gpio.o
    0x08002960   0x08002960   0x00000044   Code   RO          709    i.GPIO_PinAFConfig  stm32f0xx_gpio.o
    0x080029a4   0x080029a4   0x00000014   Code   RO          712    i.GPIO_ReadInputDataBit  stm32f0xx_gpio.o
    0x080029b8   0x080029b8   0x00000004   Code   RO          715    i.GPIO_ResetBits    stm32f0xx_gpio.o
    0x080029bc   0x080029bc   0x00000004   Code   RO          716    i.GPIO_SetBits      stm32f0xx_gpio.o
    0x080029c0   0x080029c0   0x00000018   Code   RO          717    i.GPIO_StructInit   stm32f0xx_gpio.o
    0x080029d8   0x080029d8   0x00000080   Code   RO         4961    i.GetReg            fm175xx.o
    0x08002a58   0x08002a58   0x0000001c   Code   RO         4962    i.GetReg_Ext        fm175xx.o
    0x08002a74   0x08002a74   0x000000d0   Code   RO         4124    i.Get_RealVaule     universal_init.o
    0x08002b44   0x08002b44   0x00000078   Code   RO         4455    i.Handle_RGB_Control  led_others.o
    0x08002bbc   0x08002bbc   0x00000174   Code   RO         4862    i.Handle_Temp_Ctr   handletemperature.o
    0x08002d30   0x08002d30   0x00000020   Code   RO         4127    i.Handle_Temp_Set   universal_init.o
    0x08002d50   0x08002d50   0x00000098   Code   RO         4128    i.Handle_Timer_Init  universal_init.o
    0x08002de8   0x08002de8   0x0000001e   Code   RO         4796    i.IAP_EraseSWFlash  iap.o
    0x08002e06   0x08002e06   0x00000002   PAD
    0x08002e08   0x08002e08   0x00000038   Code   RO         4797    i.IAP_Init          iap.o
    0x08002e40   0x08002e40   0x00000358   Code   RO         4798    i.IAP_ParseFrame    iap.o
    0x08003198   0x08003198   0x00000060   Code   RO         4799    i.IAP_Reset         iap.o
    0x080031f8   0x080031f8   0x00000034   Code   RO         4800    i.IAP_SaveFCtrlmap  iap.o
    0x0800322c   0x0800322c   0x000000c8   Code   RO         4801    i.IAP_decrypt       iap.o
    0x080032f4   0x080032f4   0x0000002c   Code   RO         4590    i.IIC_Init          iic.o
    0x08003320   0x08003320   0x0000003c   Code   RO         4592    i.IIC_PushFrame     iic.o
    0x0800335c   0x0800335c   0x000000c4   Code   RO         4595    i.IIC_Send_Byte     iic.o
    0x08003420   0x08003420   0x0000008c   Code   RO         4596    i.IIC_Send_Bytes    iic.o
    0x080034ac   0x080034ac   0x00000048   Code   RO         4597    i.IIC_Send_Command  iic.o
    0x080034f4   0x080034f4   0x0000008c   Code   RO         4598    i.IIC_Start         iic.o
    0x08003580   0x08003580   0x0000008c   Code   RO         4599    i.IIC_Stop          iic.o
    0x0800360c   0x0800360c   0x00000094   Code   RO         4600    i.IIC_Wait_Ack      iic.o
    0x080036a0   0x080036a0   0x00000054   Code   RO         4602    i.IicProcess        iic.o
    0x080036f4   0x080036f4   0x00000084   Code   RO         4000    i.InitAllPeripherals  system_config.o
    0x08003778   0x08003778   0x00000038   Code   RO         4418    i.Init_Show_Process  dis_task.o
    0x080037b0   0x080037b0   0x00000022   Code   RO         5131    i.JUDGE             reader_api.o
    0x080037d2   0x080037d2   0x00000002   PAD
    0x080037d4   0x080037d4   0x00000050   Code   RO         4456    i.LED_DMA_Refresh   led_others.o
    0x08003824   0x08003824   0x00000148   Code   RO         5132    i.LPCD_Read         reader_api.o
    0x0800396c   0x0800396c   0x00000040   Code   RO         4863    i.Linear_Table      handletemperature.o
    0x080039ac   0x080039ac   0x000000f4   Code   RO         5133    i.Lpcd_Calibrate_Driver  reader_api.o
    0x08003aa0   0x08003aa0   0x0000007c   Code   RO         5134    i.Lpcd_Calibrate_Reference  reader_api.o
    0x08003b1c   0x08003b1c   0x00000018   Code   RO         5135    i.Lpcd_Calibration_Backup  reader_api.o
    0x08003b34   0x08003b34   0x00000034   Code   RO         5136    i.Lpcd_Calibration_Event  reader_api.o
    0x08003b68   0x08003b68   0x00000050   Code   RO         5137    i.Lpcd_Calibration_Restore  reader_api.o
    0x08003bb8   0x08003bb8   0x0000004a   Code   RO         5138    i.Lpcd_Get_Calibration_Value  reader_api.o
    0x08003c02   0x08003c02   0x00000010   Code   RO         5139    i.Lpcd_Get_IRQ      reader_api.o
    0x08003c12   0x08003c12   0x00000030   Code   RO         5140    i.Lpcd_Get_Value    reader_api.o
    0x08003c42   0x08003c42   0x0000000e   Code   RO         5141    i.Lpcd_IRQ_Event    reader_api.o
    0x08003c50   0x08003c50   0x0000002a   Code   RO         5142    i.Lpcd_Init_Register  reader_api.o
    0x08003c7a   0x08003c7a   0x00000016   Code   RO         5143    i.Lpcd_Reset_Status  reader_api.o
    0x08003c90   0x08003c90   0x0000005e   Code   RO         5144    i.Lpcd_Set_Driver   reader_api.o
    0x08003cee   0x08003cee   0x00000014   Code   RO         5145    i.Lpcd_Set_Gain     reader_api.o
    0x08003d02   0x08003d02   0x0000001c   Code   RO         5146    i.Lpcd_Set_IE       reader_api.o
    0x08003d1e   0x08003d1e   0x00000014   Code   RO         5147    i.Lpcd_Set_IRQ_pin  reader_api.o
    0x08003d32   0x08003d32   0x00000022   Code   RO         5148    i.Lpcd_Set_Mode     reader_api.o
    0x08003d54   0x08003d54   0x0000002a   Code   RO         5149    i.Lpcd_Set_Reference  reader_api.o
    0x08003d7e   0x08003d7e   0x00000038   Code   RO         5150    i.Lpcd_Set_Threshold  reader_api.o
    0x08003db6   0x08003db6   0x00000002   PAD
    0x08003db8   0x08003db8   0x000000b8   Code   RO         5151    i.Lpcd_Set_Timer    reader_api.o
    0x08003e70   0x08003e70   0x0000003a   Code   RO         5152    i.Lpcd_WaitFor_Irq  reader_api.o
    0x08003eaa   0x08003eaa   0x000000b6   Code   RO         5051    i.Mifare_Auth       mifare.o
    0x08003f60   0x08003f60   0x00000062   Code   RO         5054    i.Mifare_Blockread  mifare.o
    0x08003fc2   0x08003fc2   0x00000098   Code   RO         5056    i.Mifare_Blockwrite  mifare.o
    0x0800405a   0x0800405a   0x00000032   Code   RO         4963    i.ModifyReg         fm175xx.o
    0x0800408c   0x0800408c   0x00000032   Code   RO         4964    i.ModifyReg_Ext     fm175xx.o
    0x080040be   0x080040be   0x00000002   PAD
    0x080040c0   0x080040c0   0x00000088   Code   RO         4689    i.NFC_Card_ID_Pro   control_task.o
    0x08004148   0x08004148   0x00000048   Code   RO         4864    i.NTC_GET_Temperature  handletemperature.o
    0x08004190   0x08004190   0x00000032   Code   RO         4001    i.NVIC_Configuration  system_config.o
    0x080041c2   0x080041c2   0x00000002   PAD
    0x080041c4   0x080041c4   0x00000070   Code   RO         1121    i.NVIC_Init         stm32f0xx_misc.o
    0x08004234   0x08004234   0x00000030   Code   RO         4690    i.Normal_Tasks_Process  control_task.o
    0x08004264   0x08004264   0x0000004c   Code   RO         4691    i.Normal_Tasks_Remarks  control_task.o
    0x080042b0   0x080042b0   0x000001cc   Code   RO         4254    i.ParseFrame        parseframe.o
    0x0800447c   0x0800447c   0x0000009e   Code   RO         4002    i.Peripherals_Clock_Init  system_config.o
    0x0800451a   0x0800451a   0x00000002   PAD
    0x0800451c   0x0800451c   0x00000070   Code   RO         4457    i.PowerON_RGB       led_others.o
    0x0800458c   0x0800458c   0x00000022   Code   RO         4255    i.PushMiniFrame     parseframe.o
    0x080045ae   0x080045ae   0x00000002   PAD
    0x080045b0   0x080045b0   0x00000090   Code   RO         4901    i.Query_Send_Data_Pro  stateupdate.o
    0x08004640   0x08004640   0x00000038   Code   RO         1227    i.RCC_ADCCLKConfig  stm32f0xx_rcc.o
    0x08004678   0x08004678   0x00000020   Code   RO         1228    i.RCC_AHBPeriphClockCmd  stm32f0xx_rcc.o
    0x08004698   0x08004698   0x00000020   Code   RO         1230    i.RCC_APB1PeriphClockCmd  stm32f0xx_rcc.o
    0x080046b8   0x080046b8   0x00000020   Code   RO         1231    i.RCC_APB1PeriphResetCmd  stm32f0xx_rcc.o
    0x080046d8   0x080046d8   0x00000020   Code   RO         1232    i.RCC_APB2PeriphClockCmd  stm32f0xx_rcc.o
    0x080046f8   0x080046f8   0x00000020   Code   RO         1233    i.RCC_APB2PeriphResetCmd  stm32f0xx_rcc.o
    0x08004718   0x08004718   0x000001f0   Code   RO         1242    i.RCC_GetClocksFreq  stm32f0xx_rcc.o
    0x08004908   0x08004908   0x000000fc   Code   RO         4458    i.RGB_Bit_Set       led_others.o
    0x08004a04   0x08004a04   0x00000038   Code   RO         4459    i.RGB_Buff_Init     led_others.o
    0x08004a3c   0x08004a3c   0x00000100   Code   RO         4460    i.RGB_Time_Init     led_others.o
    0x08004b3c   0x08004b3c   0x00000048   Code   RO         4003    i.ReadUniqueID      system_config.o
    0x08004b84   0x08004b84   0x000000c0   Code   RO         5154    i.ReaderA_AntiColl  reader_api.o
    0x08004c44   0x08004c44   0x00000080   Code   RO         5155    i.ReaderA_CardActivate  reader_api.o
    0x08004cc4   0x08004cc4   0x000000ac   Code   RO         5158    i.ReaderA_Select    reader_api.o
    0x08004d70   0x08004d70   0x00000060   Code   RO         5159    i.ReaderA_Wakeup    reader_api.o
    0x08004dd0   0x08004dd0   0x000000d0   Code   RO         5435    i.SPI1_Configuration  spi.o
    0x08004ea0   0x08004ea0   0x0000001c   Code   RO         1825    i.SPI_Cmd           stm32f0xx_spi.o
    0x08004ebc   0x08004ebc   0x00000006   Code   RO         1831    i.SPI_I2S_ClearFlag  stm32f0xx_spi.o
    0x08004ec2   0x08004ec2   0x00000014   Code   RO         1834    i.SPI_I2S_GetFlagStatus  stm32f0xx_spi.o
    0x08004ed6   0x08004ed6   0x00000002   PAD
    0x08004ed8   0x08004ed8   0x00000058   Code   RO         1839    i.SPI_Init          stm32f0xx_spi.o
    0x08004f30   0x08004f30   0x00000094   Code   RO         4965    i.SPI_Read_FIFO     fm175xx.o
    0x08004fc4   0x08004fc4   0x0000000c   Code   RO         1843    i.SPI_ReceiveData8  stm32f0xx_spi.o
    0x08004fd0   0x08004fd0   0x00000014   Code   RO         1844    i.SPI_RxFIFOThresholdConfig  stm32f0xx_spi.o
    0x08004fe4   0x08004fe4   0x0000000a   Code   RO         1846    i.SPI_SendData8     stm32f0xx_spi.o
    0x08004fee   0x08004fee   0x00000002   PAD
    0x08004ff0   0x08004ff0   0x00000070   Code   RO         4966    i.SPI_Write_FIFO    fm175xx.o
    0x08005060   0x08005060   0x00000002   Code   RO         5704    i.SVC_Handler       port.o
    0x08005062   0x08005062   0x00000002   PAD
    0x08005064   0x08005064   0x00000040   Code   RO         2023    i.SYSCFG_EXTILineConfig  stm32f0xx_syscfg.o
    0x080050a4   0x080050a4   0x0000001c   Code   RO         2026    i.SYSCFG_MemoryRemapConfig  stm32f0xx_syscfg.o
    0x080050c0   0x080050c0   0x00000104   Code   RO         4004    i.SaveFDatamap      system_config.o
    0x080051c4   0x080051c4   0x0000001c   Code   RO         4005    i.SetErrorByte      system_config.o
    0x080051e0   0x080051e0   0x00000020   Code   RO         5164    i.SetReceiveCRC     reader_api.o
    0x08005200   0x08005200   0x00000070   Code   RO         4967    i.SetReg            fm175xx.o
    0x08005270   0x08005270   0x00000020   Code   RO         4968    i.SetReg_Ext        fm175xx.o
    0x08005290   0x08005290   0x0000005c   Code   RO         5165    i.SetRf             reader_api.o
    0x080052ec   0x080052ec   0x00000020   Code   RO         5166    i.SetSendCRC        reader_api.o
    0x0800530c   0x0800530c   0x0000006c   Code   RO         5167    i.SetTimeOut        reader_api.o
    0x08005378   0x08005378   0x00000024   Code   RO         1123    i.SysTick_CLKSourceConfig  stm32f0xx_misc.o
    0x0800539c   0x0800539c   0x00000024   Code   RO         5705    i.SysTick_Handler   port.o
    0x080053c0   0x080053c0   0x000000d8   Code   RO         4006    i.SystemCoreClockConfigure  system_config.o
    0x08005498   0x08005498   0x000000b0   Code   RO         3677    i.SystemCoreClockUpdate  system_stm32f0xx.o
    0x08005548   0x08005548   0x00000074   Code   RO         3678    i.SystemInit        system_stm32f0xx.o
    0x080055bc   0x080055bc   0x0000001c   Code   RO         4129    i.TIM2_IRQHandler   universal_init.o
    0x080055d8   0x080055d8   0x0000001c   Code   RO         2085    i.TIM_ARRPreloadConfig  stm32f0xx_tim.o
    0x080055f4   0x080055f4   0x00000006   Code   RO         2091    i.TIM_ClearFlag     stm32f0xx_tim.o
    0x080055fa   0x080055fa   0x00000006   Code   RO         2092    i.TIM_ClearITPendingBit  stm32f0xx_tim.o
    0x08005600   0x08005600   0x0000001c   Code   RO         2097    i.TIM_Cmd           stm32f0xx_tim.o
    0x0800561c   0x0800561c   0x00000022   Code   RO         2099    i.TIM_CtrlPWMOutputs  stm32f0xx_tim.o
    0x0800563e   0x0800563e   0x00000014   Code   RO         2100    i.TIM_DMACmd        stm32f0xx_tim.o
    0x08005652   0x08005652   0x00000002   PAD
    0x08005654   0x08005654   0x00000104   Code   RO         2102    i.TIM_DeInit        stm32f0xx_tim.o
    0x08005758   0x08005758   0x00000026   Code   RO         2118    i.TIM_GetITStatus   stm32f0xx_tim.o
    0x0800577e   0x0800577e   0x00000014   Code   RO         2122    i.TIM_ITConfig      stm32f0xx_tim.o
    0x08005792   0x08005792   0x00000002   PAD
    0x08005794   0x08005794   0x00000094   Code   RO         2126    i.TIM_OC1Init       stm32f0xx_tim.o
    0x08005828   0x08005828   0x00000018   Code   RO         2129    i.TIM_OC1PreloadConfig  stm32f0xx_tim.o
    0x08005840   0x08005840   0x000000ac   Code   RO         2131    i.TIM_OC2Init       stm32f0xx_tim.o
    0x080058ec   0x080058ec   0x00000018   Code   RO         2134    i.TIM_OC2PreloadConfig  stm32f0xx_tim.o
    0x08005904   0x08005904   0x00000098   Code   RO         2136    i.TIM_OC3Init       stm32f0xx_tim.o
    0x0800599c   0x0800599c   0x00000018   Code   RO         2139    i.TIM_OC3PreloadConfig  stm32f0xx_tim.o
    0x080059b4   0x080059b4   0x00000014   Code   RO         2144    i.TIM_OCStructInit  stm32f0xx_tim.o
    0x080059c8   0x080059c8   0x00000004   Code   RO         2160    i.TIM_SetCompare1   stm32f0xx_tim.o
    0x080059cc   0x080059cc   0x00000004   Code   RO         2161    i.TIM_SetCompare2   stm32f0xx_tim.o
    0x080059d0   0x080059d0   0x00000004   Code   RO         2162    i.TIM_SetCompare3   stm32f0xx_tim.o
    0x080059d4   0x080059d4   0x0000007c   Code   RO         2170    i.TIM_TimeBaseInit  stm32f0xx_tim.o
    0x08005a50   0x08005a50   0x00000012   Code   RO         2171    i.TIM_TimeBaseStructInit  stm32f0xx_tim.o
    0x08005a62   0x08005a62   0x00000002   PAD
    0x08005a64   0x08005a64   0x00000134   Code   RO         5168    i.TYPE_A_EVENT      reader_api.o
    0x08005b98   0x08005b98   0x00000038   Code   RO         4130    i.Timer2Init        universal_init.o
    0x08005bd0   0x08005bd0   0x0000008c   Code   RO         4329    i.UART3_CheckReceive  uart_3.o
    0x08005c5c   0x08005c5c   0x00000060   Code   RO         4330    i.UART3_CheckSend   uart_3.o
    0x08005cbc   0x08005cbc   0x000000d4   Code   RO         4331    i.UART3_DMAConfiguration  uart_3.o
    0x08005d90   0x08005d90   0x0000002c   Code   RO         4332    i.UART3_DmaSend     uart_3.o
    0x08005dbc   0x08005dbc   0x0000000c   Code   RO         4333    i.UART3_InitVariables  uart_3.o
    0x08005dc8   0x08005dc8   0x00000090   Code   RO         4334    i.UART3_Int         uart_3.o
    0x08005e58   0x08005e58   0x00000118   Code   RO         4335    i.UART3_ParseData   uart_3.o
    0x08005f70   0x08005f70   0x000000a4   Code   RO         4337    i.UART3_PushFrame   uart_3.o
    0x08006014   0x08006014   0x00000040   Code   RO         4338    i.UART3_SetPinToRx  uart_3.o
    0x08006054   0x08006054   0x00000040   Code   RO         4339    i.UART3_SetPinToTx  uart_3.o
    0x08006094   0x08006094   0x00000018   Code   RO         3375    i.USART_Cmd         stm32f0xx_usart.o
    0x080060ac   0x080060ac   0x00000014   Code   RO         3378    i.USART_DMACmd      stm32f0xx_usart.o
    0x080060c0   0x080060c0   0x0000007c   Code   RO         3381    i.USART_DeInit      stm32f0xx_usart.o
    0x0800613c   0x0800613c   0x00000018   Code   RO         3385    i.USART_HalfDuplexCmd  stm32f0xx_usart.o
    0x08006154   0x08006154   0x000000e8   Code   RO         3387    i.USART_Init        stm32f0xx_usart.o
    0x0800623c   0x0800623c   0x0000006c   Code   RO         4007    i.Variables_Init    system_config.o
    0x080062a8   0x080062a8   0x00000174   Code   RO         4692    i.Wireless_Power_Ctr_Handler  control_task.o
    0x0800641c   0x0800641c   0x0000001c   Code   RO         4678    i.__ARM_common_switch8  iic.o
    0x08006438   0x08006438   0x0000000e   Code   RO         6630    i.__scatterload_copy  mc_p.l(handlers.o)
    0x08006446   0x08006446   0x00000002   Code   RO         6631    i.__scatterload_null  mc_p.l(handlers.o)
    0x08006448   0x08006448   0x0000000e   Code   RO         6632    i.__scatterload_zeroinit  mc_p.l(handlers.o)
    0x08006456   0x08006456   0x00000002   PAD
    0x08006458   0x08006458   0x0000002c   Code   RO         5169    i.check_NFC_key     reader_api.o
    0x08006484   0x08006484   0x00000054   Code   RO         4008    i.delay_init        system_config.o
    0x080064d8   0x080064d8   0x00000048   Code   RO         4010    i.delay_us          system_config.o
    0x08006520   0x08006520   0x00000040   Code   RO         6020    i.eTaskConfirmSleepModeStatus  tasks.o
    0x08006560   0x08006560   0x00000050   Code   RO         4205    i.gpioGetInput      gpio.o
    0x080065b0   0x080065b0   0x00000028   Code   RO         4207    i.gpioInitialize    gpio.o
    0x080065d8   0x080065d8   0x0000003c   Code   RO         4208    i.gpioSetOutput     gpio.o
    0x08006614   0x08006614   0x00000038   Code   RO         4969    i.mDelay            fm175xx.o
    0x0800664c   0x0800664c   0x00000044   Code   RO         3713    i.main              main.o
    0x08006690   0x08006690   0x00000040   Code   RO         4902    i.powerCtrl         stateupdate.o
    0x080066d0   0x080066d0   0x00000088   Code   RO         6023    i.prvAddCurrentTaskToDelayedList  tasks.o
    0x08006758   0x08006758   0x000000ac   Code   RO         6024    i.prvAddNewTaskToReadyList  tasks.o
    0x08006804   0x08006804   0x00000050   Code   RO         6438    i.prvCheckForValidListAndQueue  timers.o
    0x08006854   0x08006854   0x00000048   Code   RO         6025    i.prvCheckTasksWaitingTermination  tasks.o
    0x0800689c   0x0800689c   0x0000002c   Code   RO         5780    i.prvCopyDataFromQueue  queue.o
    0x080068c8   0x080068c8   0x00000080   Code   RO         5781    i.prvCopyDataToQueue  queue.o
    0x08006948   0x08006948   0x00000012   Code   RO         6026    i.prvDeleteTCB      tasks.o
    0x0800695a   0x0800695a   0x00000002   PAD
    0x0800695c   0x0800695c   0x00000050   Code   RO         6027    i.prvGetExpectedIdleTime  tasks.o
    0x080069ac   0x080069ac   0x0000002c   Code   RO         6439    i.prvGetNextExpireTime  timers.o
    0x080069d8   0x080069d8   0x0000007c   Code   RO         5648    i.prvHeapInit       heap_4.o
    0x08006a54   0x08006a54   0x00000050   Code   RO         6028    i.prvIdleTask       tasks.o
    0x08006aa4   0x08006aa4   0x00000030   Code   RO         5784    i.prvInitialiseNewQueue  queue.o
    0x08006ad4   0x08006ad4   0x000000c0   Code   RO         6029    i.prvInitialiseNewTask  tasks.o
    0x08006b94   0x08006b94   0x00000064   Code   RO         6030    i.prvInitialiseTaskLists  tasks.o
    0x08006bf8   0x08006bf8   0x00000068   Code   RO         5649    i.prvInsertBlockIntoFreeList  heap_4.o
    0x08006c60   0x08006c60   0x00000054   Code   RO         6441    i.prvInsertTimerInActiveList  timers.o
    0x08006cb4   0x08006cb4   0x0000001c   Code   RO         5785    i.prvIsQueueEmpty   queue.o
    0x08006cd0   0x08006cd0   0x0000001e   Code   RO         5786    i.prvIsQueueFull    queue.o
    0x08006cee   0x08006cee   0x00000076   Code   RO         5787    i.prvNotifyQueueSetContainer  queue.o
    0x08006d64   0x08006d64   0x00000068   Code   RO         6442    i.prvProcessExpiredTimer  timers.o
    0x08006dcc   0x08006dcc   0x00000144   Code   RO         6443    i.prvProcessReceivedCommands  timers.o
    0x08006f10   0x08006f10   0x0000006c   Code   RO         6444    i.prvProcessTimerOrBlockTask  timers.o
    0x08006f7c   0x08006f7c   0x00000038   Code   RO         6032    i.prvResetNextTaskUnblockTime  tasks.o
    0x08006fb4   0x08006fb4   0x0000002c   Code   RO         6445    i.prvSampleTimeNow  timers.o
    0x08006fe0   0x08006fe0   0x00000094   Code   RO         6446    i.prvSwitchTimerLists  timers.o
    0x08007074   0x08007074   0x00000024   Code   RO         5706    i.prvTaskExitError  port.o
    0x08007098   0x08007098   0x0000001a   Code   RO         6447    i.prvTimerTask      timers.o
    0x080070b2   0x080070b2   0x000000a4   Code   RO         5788    i.prvUnlockQueue    queue.o
    0x08007156   0x08007156   0x00000002   PAD
    0x08007158   0x08007158   0x0000012c   Code   RO         5650    i.pvPortMalloc      heap_4.o
    0x08007284   0x08007284   0x00000020   Code   RO         5707    i.pxPortInitialiseStack  port.o
    0x080072a4   0x080072a4   0x000000a4   Code   RO         3714    i.start_task        main.o
    0x08007348   0x08007348   0x00000024   Code   RO         4934    i.turnLightProcess  turnlightprocess.o
    0x0800736c   0x0800736c   0x00000016   Code   RO         5170    i.uDelay            reader_api.o
    0x08007382   0x08007382   0x00000028   Code   RO         5612    i.uxListRemove      list.o
    0x080073aa   0x080073aa   0x0000001a   Code   RO         5613    i.vListInitialise   list.o
    0x080073c4   0x080073c4   0x00000006   Code   RO         5614    i.vListInitialiseItem  list.o
    0x080073ca   0x080073ca   0x00000036   Code   RO         5615    i.vListInsert       list.o
    0x08007400   0x08007400   0x00000018   Code   RO         5616    i.vListInsertEnd    list.o
    0x08007418   0x08007418   0x0000001c   Code   RO         5709    i.vPortEnterCritical  port.o
    0x08007434   0x08007434   0x00000028   Code   RO         5710    i.vPortExitCritical  port.o
    0x0800745c   0x0800745c   0x00000090   Code   RO         5651    i.vPortFree         heap_4.o
    0x080074ec   0x080074ec   0x00000060   Code   RO         5711    i.vPortSetupTimerInterrupt  port.o
    0x0800754c   0x0800754c   0x00000144   Code   RO         5712    i.vPortSuppressTicksAndSleep  port.o
    0x08007690   0x08007690   0x00000018   Code   RO         5713    i.vPortYield        port.o
    0x080076a8   0x080076a8   0x0000004c   Code   RO         5796    i.vQueueWaitForMessageRestricted  queue.o
    0x080076f4   0x080076f4   0x00000044   Code   RO         6047    i.vTaskDelay        tasks.o
    0x08007738   0x08007738   0x000000b4   Code   RO         6049    i.vTaskDelete       tasks.o
    0x080077ec   0x080077ec   0x00000018   Code   RO         6052    i.vTaskInternalSetTimeOutState  tasks.o
    0x08007804   0x08007804   0x0000000c   Code   RO         6053    i.vTaskMissedYield  tasks.o
    0x08007810   0x08007810   0x0000002c   Code   RO         6055    i.vTaskPlaceOnEventList  tasks.o
    0x0800783c   0x0800783c   0x00000034   Code   RO         6056    i.vTaskPlaceOnEventListRestricted  tasks.o
    0x08007870   0x08007870   0x00000078   Code   RO         6064    i.vTaskStartScheduler  tasks.o
    0x080078e8   0x080078e8   0x00000034   Code   RO         6065    i.vTaskStepTick     tasks.o
    0x0800791c   0x0800791c   0x00000010   Code   RO         6067    i.vTaskSuspendAll   tasks.o
    0x0800792c   0x0800792c   0x00000080   Code   RO         6068    i.vTaskSwitchContext  tasks.o
    0x080079ac   0x080079ac   0x00000038   Code   RO         5714    i.xPortStartScheduler  port.o
    0x080079e4   0x080079e4   0x0000004c   Code   RO         5801    i.xQueueGenericCreate  queue.o
    0x08007a30   0x08007a30   0x00000082   Code   RO         5802    i.xQueueGenericReset  queue.o
    0x08007ab2   0x08007ab2   0x0000017e   Code   RO         5803    i.xQueueGenericSend  queue.o
    0x08007c30   0x08007c30   0x000000e4   Code   RO         5804    i.xQueueGenericSendFromISR  queue.o
    0x08007d14   0x08007d14   0x00000138   Code   RO         5813    i.xQueueReceive     queue.o
    0x08007e4c   0x08007e4c   0x00000090   Code   RO         6071    i.xTaskCheckForTimeOut  tasks.o
    0x08007edc   0x08007edc   0x0000005c   Code   RO         6072    i.xTaskCreate       tasks.o
    0x08007f38   0x08007f38   0x00000024   Code   RO         6078    i.xTaskGetSchedulerState  tasks.o
    0x08007f5c   0x08007f5c   0x0000000c   Code   RO         6079    i.xTaskGetTickCount  tasks.o
    0x08007f68   0x08007f68   0x0000013c   Code   RO         6081    i.xTaskIncrementTick  tasks.o
    0x080080a4   0x080080a4   0x00000088   Code   RO         6084    i.xTaskPriorityDisinherit  tasks.o
    0x0800812c   0x0800812c   0x0000008c   Code   RO         6086    i.xTaskRemoveFromEventList  tasks.o
    0x080081b8   0x080081b8   0x000000f0   Code   RO         6087    i.xTaskResumeAll    tasks.o
    0x080082a8   0x080082a8   0x00000048   Code   RO         6455    i.xTimerCreateTimerTask  timers.o
    0x080082f0   0x080082f0   0x00000074   Code   RO         6456    i.xTimerGenericCommand  timers.o
    0x08008364   0x08008364   0x0000001f   Data   RO         5172    .constdata          reader_api.o
    0x08008383   0x08008383   0x00000001   PAD
    0x08008384   0x08008384   0x00000020   Data   RO         6628    Region$$Table       anon$$obj.o


    Execution Region RW_IRAM1 (Exec base: 0x200000c0, Load base: 0x080083a4, Size: 0x00002bf8, Max: 0x00004000, ABSOLUTE, COMPRESSED[0x00000128])

    Exec Addr    Load Addr    Size         Type   Attr      Idx    E Section Name        Object

    0x200000c0   COMPRESSED   0x00000008   Data   RW          535    .data               stm32f0xx_flash.o
    0x200000c8   COMPRESSED   0x00000010   Data   RW         1268    .data               stm32f0xx_rcc.o
    0x200000d8   COMPRESSED   0x00000014   Data   RW         3679    .data               system_stm32f0xx.o
    0x200000ec   COMPRESSED   0x00000010   Data   RW         3716    .data               main.o
    0x200000fc   COMPRESSED   0x00000005   Data   RW         4012    .data               system_config.o
    0x20000101   COMPRESSED   0x00000003   PAD
    0x20000104   COMPRESSED   0x000000e0   Data   RW         4211    .data               gpio.o
    0x200001e4   COMPRESSED   0x00000005   Data   RW         4296    .data               user_com_task.o
    0x200001e9   COMPRESSED   0x00000003   PAD
    0x200001ec   COMPRESSED   0x00000014   Data   RW         4342    .data               uart_3.o
    0x20000200   COMPRESSED   0x00000005   Data   RW         4420    .data               dis_task.o
    0x20000205   COMPRESSED   0x00000001   PAD
    0x20000206   COMPRESSED   0x0000000b   Data   RW         4463    .data               led_others.o
    0x20000211   COMPRESSED   0x00000001   PAD
    0x20000212   COMPRESSED   0x0000000a   Data   RW         4529    .data               ambient_light_app.o
    0x2000021c   COMPRESSED   0x00000007   Data   RW         4605    .data               iic.o
    0x20000223   COMPRESSED   0x00000001   PAD
    0x20000224   COMPRESSED   0x00000062   Data   RW         4694    .data               control_task.o
    0x20000286   COMPRESSED   0x00000002   PAD
    0x20000288   COMPRESSED   0x0000001c   Data   RW         4806    .data               iap.o
    0x200002a4   COMPRESSED   0x0000006c   Data   RW         4866    .data               handletemperature.o
    0x20000310   COMPRESSED   0x00000004   Data   RW         4904    .data               stateupdate.o
    0x20000314   COMPRESSED   0x000000e3   Data   RW         5062    .data               mifare.o
    0x200003f7   COMPRESSED   0x00000001   PAD
    0x200003f8   COMPRESSED   0x00000014   Data   RW         5173    .data               reader_api.o
    0x2000040c   COMPRESSED   0x0000000c   Data   RW         5469    .data               variable.o
    0x20000418   COMPRESSED   0x00000020   Data   RW         5657    .data               heap_4.o
    0x20000438   COMPRESSED   0x00000010   Data   RW         5715    .data               port.o
    0x20000448   COMPRESSED   0x0000003c   Data   RW         6090    .data               tasks.o
    0x20000484   COMPRESSED   0x00000014   Data   RW         6464    .data               timers.o
    0x20000498        -       0x00000060   Zero   RW         4131    .bss                universal_init.o
    0x200004f8        -       0x000003b6   Zero   RW         4340    .bss                uart_3.o
    0x200008ae        -       0x00000058   Zero   RW         4461    .bss                led_others.o
    0x20000906   COMPRESSED   0x00000002   PAD
    0x20000908        -       0x00000028   Zero   RW         4527    .bss                ambient_light_app.o
    0x20000930        -       0x00000018   Zero   RW         4603    .bss                iic.o
    0x20000948        -       0x000000fc   Zero   RW         4804    .bss                iap.o
    0x20000a44        -       0x00000020   Zero   RW         5060    .bss                mifare.o
    0x20000a64        -       0x00000056   Zero   RW         5171    .bss                reader_api.o
    0x20000aba        -       0x000000a6   Zero   RW         5467    .bss                variable.o
    0x20000b60        -       0x00001400   Zero   RW         5656    .bss                heap_4.o
    0x20001f60        -       0x0000012c   Zero   RW         6089    .bss                tasks.o
    0x2000208c        -       0x00000028   Zero   RW         6463    .bss                timers.o
    0x200020b4   COMPRESSED   0x00000004   PAD
    0x200020b8        -       0x00000c00   Zero   RW            1    STACK               startup_stm32f072.o


==============================================================================

Image component sizes


      Code (inc. data)   RO Data    RW Data    ZI Data      Debug   Object Name

       860         52          0         10         40       6560   ambient_light_app.o
       998         94          0         98          0       5207   control_task.o
       548         40          0          5          0       2022   dis_task.o
       296          0          0          0          0       4045   flash.o
       852         32          0          0          0       7089   fm175xx.o
       180         18          0        224          0       2344   gpio.o
       654         20          0        108          0       4219   handletemperature.o
       672         72          0         32       5120       4319   heap_4.o
      1290        114         16         28        252       6331   iap.o
      1052         66          0          7         24       7360   iic.o
      1054         76          0         11         88       5615   led_others.o
       150          0          0          0          0       3138   list.o
       232         90          0         16          0     229906   main.o
       432          0          0        227         32       3711   mifare.o
       658         14          0          0          0       3542   parseframe.o
       794         92          0         16          0       8140   port.o
      1764          0          0          0          0      14955   queue.o
      3572        176         31         20         86      26213   reader_api.o
       308         22          0          0          0       1620   spi.o
        28          8        192          0       3072        716   startup_stm32f072.o
       276         28          0          4          0       1567   stateupdate.o
       298          8          0          0          0       6330   stm32f0xx_adc.o
         0          0          0          0          0     228076   stm32f0xx_crc.o
       410         36          0          0          0       6125   stm32f0xx_dma.o
       176         16          0          0          0       2116   stm32f0xx_exti.o
       424         46          0          8          0       4821   stm32f0xx_flash.o
       264          4          0          0          0       4037   stm32f0xx_gpio.o
       148         10          0          0          0       1490   stm32f0xx_misc.o
       712         52          0         16          0       5283   stm32f0xx_rcc.o
       184         20          0          0          0       4576   stm32f0xx_spi.o
        92          8          0          0          0       1223   stm32f0xx_syscfg.o
      1158        170          0          0          0      13121   stm32f0xx_tim.o
       424         34          0          0          0       3865   stm32f0xx_usart.o
      1208        124          0          5          0      10260   system_config.o
       292         34          0         20          0       1889   system_stm32f0xx.o
      2782        422          0         60        300      24862   tasks.o
      1150        102          0         20         40      11747   timers.o
        36          4          0          0          0       1131   turnlightprocess.o
      1304        146          0         20        950       7757   uart_3.o
      1108         82          0          0         96       6126   universal_init.o
       120         18          0          5          0       6701   user_com_task.o
         0          0          0         12        166       4966   variable.o

    ----------------------------------------------------------------------
     28996       2350        272        984      10272     705121   Object Totals
         0          0         32          0          0          0   (incl. Generated)
        36          0          1         12          6          0   (incl. Padding)

    ----------------------------------------------------------------------

      Code (inc. data)   RO Data    RW Data    ZI Data      Debug   Library Member Name

        86          0          0          0          0          0   __dczerorl2.o
         0          0          0          0          0          0   entry.o
         0          0          0          0          0          0   entry10a.o
         0          0          0          0          0          0   entry11a.o
         4          0          0          0          0          0   entry12b.o
         8          4          0          0          0          0   entry2.o
         4          0          0          0          0          0   entry5.o
         0          0          0          0          0          0   entry7b.o
         0          0          0          0          0          0   entry8b.o
         8          4          0          0          0          0   entry9a.o
        30          0          0          0          0          0   handlers.o
        40          0          0          0          0         72   idiv.o
        36          8          0          0          0         68   init.o
        36          0          0          0          0         60   memcpya.o
        36          0          0          0          0        100   memseta.o
        44          0          0          0          0         72   uidiv.o

    ----------------------------------------------------------------------
       336         16          0          0          0        372   Library Totals
         4          0          0          0          0          0   (incl. Padding)

    ----------------------------------------------------------------------

      Code (inc. data)   RO Data    RW Data    ZI Data      Debug   Library Name

       332         16          0          0          0        372   mc_p.l

    ----------------------------------------------------------------------
       336         16          0          0          0        372   Library Totals

    ----------------------------------------------------------------------

==============================================================================


      Code (inc. data)   RO Data    RW Data    ZI Data      Debug   

     29332       2366        272        984      10272     692245   Grand Totals
     29332       2366        272        296      10272     692245   ELF Image Totals (compressed)
     29332       2366        272        296          0          0   ROM Totals

==============================================================================

    Total RO  Size (Code + RO Data)                29604 (  28.91kB)
    Total RW  Size (RW Data + ZI Data)             11256 (  10.99kB)
    Total ROM Size (Code + RO Data + RW Data)      29900 (  29.20kB)

==============================================================================

