Component: ARM Compiler 5.06 update 7 (build 960) Tool: armlink [4d3601]

==============================================================================

Section Cross References

    startup_stm32f072.o(RESET) refers to startup_stm32f072.o(STACK) for __initial_sp
    startup_stm32f072.o(RESET) refers to startup_stm32f072.o(.text) for Reset_Handler
    startup_stm32f072.o(RESET) refers to port.o(i.SVC_Handler) for SVC_Handler
    startup_stm32f072.o(RESET) refers to port.o(.emb_text) for PendSV_Handler
    startup_stm32f072.o(RESET) refers to port.o(i.SysTick_Handler) for SysTick_Handler
    startup_stm32f072.o(RESET) refers to spi.o(i.EXTI2_3_IRQHandler) for EXTI2_3_IRQHandler
    startup_stm32f072.o(RESET) refers to uart_3.o(i.DMA1_Channel2_3_IRQHandler) for DMA1_Channel2_3_IRQHandler
    startup_stm32f072.o(RESET) refers to universal_init.o(i.TIM2_IRQHandler) for TIM2_IRQHandler
    startup_stm32f072.o(.text) refers to system_stm32f0xx.o(i.SystemInit) for SystemInit
    startup_stm32f072.o(.text) refers to entry.o(.ARM.Collect$$$$00000000) for __main
    stm32f0xx_dac.o(i.DAC_DeInit) refers to stm32f0xx_rcc.o(i.RCC_APB1PeriphResetCmd) for RCC_APB1PeriphResetCmd
    stm32f0xx_flash.o(i.FLASH_EraseAllPages) refers to stm32f0xx_flash.o(i.FLASH_WaitForLastOperation) for FLASH_WaitForLastOperation
    stm32f0xx_flash.o(i.FLASH_ErasePage) refers to stm32f0xx_flash.o(i.FLASH_WaitForLastOperation) for FLASH_WaitForLastOperation
    stm32f0xx_flash.o(i.FLASH_ErasePage) refers to stm32f0xx_flash.o(.data) for temp_address
    stm32f0xx_flash.o(i.FLASH_OB_BOOT0Config) refers to stm32f0xx_flash.o(i.FLASH_WaitForLastOperation) for FLASH_WaitForLastOperation
    stm32f0xx_flash.o(i.FLASH_OB_BOOT0SWConfig) refers to stm32f0xx_flash.o(i.FLASH_WaitForLastOperation) for FLASH_WaitForLastOperation
    stm32f0xx_flash.o(i.FLASH_OB_BOOTConfig) refers to stm32f0xx_flash.o(i.FLASH_WaitForLastOperation) for FLASH_WaitForLastOperation
    stm32f0xx_flash.o(i.FLASH_OB_EnableWRP) refers to stm32f0xx_flash.o(i.FLASH_WaitForLastOperation) for FLASH_WaitForLastOperation
    stm32f0xx_flash.o(i.FLASH_OB_Erase) refers to stm32f0xx_flash.o(i.FLASH_OB_GetRDP) for FLASH_OB_GetRDP
    stm32f0xx_flash.o(i.FLASH_OB_Erase) refers to stm32f0xx_flash.o(i.FLASH_WaitForLastOperation) for FLASH_WaitForLastOperation
    stm32f0xx_flash.o(i.FLASH_OB_ProgramData) refers to stm32f0xx_flash.o(i.FLASH_WaitForLastOperation) for FLASH_WaitForLastOperation
    stm32f0xx_flash.o(i.FLASH_OB_RDPConfig) refers to stm32f0xx_flash.o(i.FLASH_WaitForLastOperation) for FLASH_WaitForLastOperation
    stm32f0xx_flash.o(i.FLASH_OB_SRAMParityConfig) refers to stm32f0xx_flash.o(i.FLASH_WaitForLastOperation) for FLASH_WaitForLastOperation
    stm32f0xx_flash.o(i.FLASH_OB_UserConfig) refers to stm32f0xx_flash.o(i.FLASH_WaitForLastOperation) for FLASH_WaitForLastOperation
    stm32f0xx_flash.o(i.FLASH_OB_VDDAConfig) refers to stm32f0xx_flash.o(i.FLASH_WaitForLastOperation) for FLASH_WaitForLastOperation
    stm32f0xx_flash.o(i.FLASH_OB_WriteUser) refers to stm32f0xx_flash.o(i.FLASH_WaitForLastOperation) for FLASH_WaitForLastOperation
    stm32f0xx_flash.o(i.FLASH_ProgramHalfWord) refers to stm32f0xx_flash.o(i.FLASH_WaitForLastOperation) for FLASH_WaitForLastOperation
    stm32f0xx_flash.o(i.FLASH_ProgramWord) refers to stm32f0xx_flash.o(i.FLASH_WaitForLastOperation) for FLASH_WaitForLastOperation
    stm32f0xx_flash.o(i.FLASH_ProgramWord) refers to stm32f0xx_flash.o(.data) for temp_Address
    stm32f0xx_flash.o(i.FLASH_WaitForLastOperation) refers to stm32f0xx_flash.o(i.FLASH_GetStatus) for FLASH_GetStatus
    stm32f0xx_gpio.o(i.GPIO_DeInit) refers to stm32f0xx_rcc.o(i.RCC_AHBPeriphResetCmd) for RCC_AHBPeriphResetCmd
    stm32f0xx_i2c.o(i.I2C_DeInit) refers to stm32f0xx_rcc.o(i.RCC_APB1PeriphResetCmd) for RCC_APB1PeriphResetCmd
    stm32f0xx_pwr.o(i.PWR_DeInit) refers to stm32f0xx_rcc.o(i.RCC_APB1PeriphResetCmd) for RCC_APB1PeriphResetCmd
    stm32f0xx_rcc.o(i.RCC_GetClocksFreq) refers to uidiv.o(.text) for __aeabi_uidivmod
    stm32f0xx_rcc.o(i.RCC_GetClocksFreq) refers to stm32f0xx_rcc.o(.data) for APBAHBPrescTable
    stm32f0xx_rcc.o(i.RCC_WaitForHSEStartUp) refers to stm32f0xx_rcc.o(i.RCC_GetFlagStatus) for RCC_GetFlagStatus
    stm32f0xx_rtc.o(i.RTC_DeInit) refers to stm32f0xx_rtc.o(i.RTC_EnterInitMode) for RTC_EnterInitMode
    stm32f0xx_rtc.o(i.RTC_DeInit) refers to stm32f0xx_rtc.o(i.RTC_WaitForSynchro) for RTC_WaitForSynchro
    stm32f0xx_rtc.o(i.RTC_GetAlarm) refers to stm32f0xx_rtc.o(i.RTC_Bcd2ToByte) for RTC_Bcd2ToByte
    stm32f0xx_rtc.o(i.RTC_GetDate) refers to stm32f0xx_rtc.o(i.RTC_Bcd2ToByte) for RTC_Bcd2ToByte
    stm32f0xx_rtc.o(i.RTC_GetTime) refers to stm32f0xx_rtc.o(i.RTC_Bcd2ToByte) for RTC_Bcd2ToByte
    stm32f0xx_rtc.o(i.RTC_GetTimeStamp) refers to stm32f0xx_rtc.o(i.RTC_Bcd2ToByte) for RTC_Bcd2ToByte
    stm32f0xx_rtc.o(i.RTC_Init) refers to stm32f0xx_rtc.o(i.RTC_EnterInitMode) for RTC_EnterInitMode
[...]
    xNumberOfSuccessfulAllocations           0x20000440   Data           4  heap_4.o(.data)
    xNumberOfSuccessfulFrees                 0x20000444   Data           4  heap_4.o(.data)
    xBlockAllocatedBit                       0x20000448   Data           4  heap_4.o(.data)
    .data                                    0x2000044c   Section       16  port.o(.data)
    uxCriticalNesting                        0x2000044c   Data           4  port.o(.data)
    ulTimerCountsForOneTick                  0x20000450   Data           4  port.o(.data)
    xMaximumPossibleSuppressedTicks          0x20000454   Data           4  port.o(.data)
    ulStoppedTimerCompensation               0x20000458   Data           4  port.o(.data)
    .data                                    0x2000045c   Section       60  tasks.o(.data)
    pxDelayedTaskList                        0x20000460   Data           4  tasks.o(.data)
    pxOverflowDelayedTaskList                0x20000464   Data           4  tasks.o(.data)
    uxDeletedTasksWaitingCleanUp             0x20000468   Data           4  tasks.o(.data)
    uxCurrentNumberOfTasks                   0x2000046c   Data           4  tasks.o(.data)
    xTickCount                               0x20000470   Data           4  tasks.o(.data)
    uxTopReadyPriority                       0x20000474   Data           4  tasks.o(.data)
    xSchedulerRunning                        0x20000478   Data           4  tasks.o(.data)
    xPendedTicks                             0x2000047c   Data           4  tasks.o(.data)
    xYieldPending                            0x20000480   Data           4  tasks.o(.data)
    xNumOfOverflows                          0x20000484   Data           4  tasks.o(.data)
    uxTaskNumber                             0x20000488   Data           4  tasks.o(.data)
    xNextTaskUnblockTime                     0x2000048c   Data           4  tasks.o(.data)
    xIdleTaskHandle                          0x20000490   Data           4  tasks.o(.data)
    uxSchedulerSuspended                     0x20000494   Data           4  tasks.o(.data)
    .data                                    0x20000498   Section       20  timers.o(.data)
    pxCurrentTimerList                       0x20000498   Data           4  timers.o(.data)
    pxOverflowTimerList                      0x2000049c   Data           4  timers.o(.data)
    xTimerQueue                              0x200004a0   Data           4  timers.o(.data)
    xTimerTaskHandle                         0x200004a4   Data           4  timers.o(.data)
    xLastTime                                0x200004a8   Data           4  timers.o(.data)
    .bss                                     0x200004ac   Section       96  universal_init.o(.bss)
    .bss                                     0x2000050c   Section      950  uart_3.o(.bss)
    Uart3SendDMAInitStructure                0x20000800   Data          44  uart_3.o(.bss)
    s_RXBuf                                  0x2000082c   Data         150  uart_3.o(.bss)
    .bss                                     0x200008c2   Section       88  led_others.o(.bss)
    m_LED_DMABuff                            0x200008c2   Data          88  led_others.o(.bss)
    .bss                                     0x2000091c   Section       40  ambient_light_app.o(.bss)
    .bss                                     0x20000944   Section       24  iic.o(.bss)
    .bss                                     0x2000095c   Section      252  iap.o(.bss)
    .bss                                     0x20000a58   Section       32  mifare.o(.bss)
    .bss                                     0x20000a78   Section       86  reader_api.o(.bss)
    .bss                                     0x20000ace   Section      166  variable.o(.bss)
    .bss                                     0x20000b74   Section     5120  heap_4.o(.bss)
    ucHeap                                   0x20000b74   Data        5120  heap_4.o(.bss)
    .bss                                     0x20001f74   Section      300  tasks.o(.bss)
    pxReadyTasksLists                        0x20001f74   Data         200  tasks.o(.bss)
    xDelayedTaskList1                        0x2000203c   Data          20  tasks.o(.bss)
    xDelayedTaskList2                        0x20002050   Data          20  tasks.o(.bss)
    xPendingReadyList                        0x20002064   Data          20  tasks.o(.bss)
    xTasksWaitingTermination                 0x20002078   Data          20  tasks.o(.bss)
    xSuspendedTaskList                       0x2000208c   Data          20  tasks.o(.bss)
    .bss                                     0x200020a0   Section       40  timers.o(.bss)
    xActiveTimerList1                        0x200020a0   Data          20  timers.o(.bss)
    xActiveTimerList2                        0x200020b4   Data          20  timers.o(.bss)
    STACK                                    0x200020c8   Section     3072  startup_stm32f072.o(STACK)

    Global Symbols

    Symbol Name                              Value     Ov Type        Size  Object(Section)

    BuildAttributes$$THM_ISAv3M$S$PE$A:L22$X:L11$S22$IEEE1$IW$USESV6$~STKCKD$USESV7$~SHL$OSPACE$EBA8$MICROLIB$REQ8$PRES8$EABIv2 0x00000000   Number         0  anon$$obj.o ABSOLUTE
    __ARM_use_no_argv                        0x00000000   Number         0  main.o ABSOLUTE
    __arm_fini_                               - Undefined Weak Reference
    __cpp_initialize__aeabi_                  - Undefined Weak Reference
    __cxa_finalize                            - Undefined Weak Reference
    _clock_init                               - Undefined Weak Reference
    _microlib_exit                            - Undefined Weak Reference
    __Vectors_Size                           0x000000c0   Number         0  startup_stm32f072.o ABSOLUTE
    __Vectors                                0x08001000   Data           4  startup_stm32f072.o(RESET)
    __Vectors_End                            0x080010c0   Data           0  startup_stm32f072.o(RESET)
    __main                                   0x080010c1   Thumb Code     0  entry.o(.ARM.Collect$$$$00000000)
    _main_stk                                0x080010c1   Thumb Code     0  entry2.o(.ARM.Collect$$$$00000001)
    _main_scatterload                        0x080010c5   Thumb Code     0  entry5.o(.ARM.Collect$$$$00000004)
    __main_after_scatterload                 0x080010c9   Thumb Code     0  entry5.o(.ARM.Collect$$$$00000004)
    _main_clock                              0x080010c9   Thumb Code     0  entry7b.o(.ARM.Collect$$$$00000008)
    _main_cpp_init                           0x080010c9   Thumb Code     0  entry8b.o(.ARM.Collect$$$$0000000A)
    _main_init                               0x080010c9   Thumb Code     0  entry9a.o(.ARM.Collect$$$$0000000B)
    __rt_lib_shutdown_fini                   0x080010d1   Thumb Code     0  entry12b.o(.ARM.Collect$$$$0000000E)
    __rt_final_cpp                           0x080010d5   Thumb Code     0  entry10a.o(.ARM.Collect$$$$0000000F)
    __rt_final_exit                          0x080010d5   Thumb Code     0  entry11a.o(.ARM.Collect$$$$00000011)
    Reset_Handler                            0x080010d9   Thumb Code     8  startup_stm32f072.o(.text)
    NMI_Handler                              0x080010e1   Thumb Code     2  startup_stm32f072.o(.text)
    HardFault_Handler                        0x080010e3   Thumb Code     2  startup_stm32f072.o(.text)
    ADC1_COMP_IRQHandler                     0x080010eb   Thumb Code     0  startup_stm32f072.o(.text)
    CEC_CAN_IRQHandler                       0x080010eb   Thumb Code     0  startup_stm32f072.o(.text)
    DMA1_Channel1_IRQHandler                 0x080010eb   Thumb Code     0  startup_stm32f072.o(.text)
    DMA1_Channel4_5_6_7_IRQHandler           0x080010eb   Thumb Code     0  startup_stm32f072.o(.text)
    EXTI0_1_IRQHandler                       0x080010eb   Thumb Code     0  startup_stm32f072.o(.text)
    EXTI4_15_IRQHandler                      0x080010eb   Thumb Code     0  startup_stm32f072.o(.text)
    FLASH_IRQHandler                         0x080010eb   Thumb Code     0  startup_stm32f072.o(.text)
    I2C1_IRQHandler                          0x080010eb   Thumb Code     0  startup_stm32f072.o(.text)
    I2C2_IRQHandler                          0x080010eb   Thumb Code     0  startup_stm32f072.o(.text)
    PVD_VDDIO2_IRQHandler                    0x080010eb   Thumb Code     0  startup_stm32f072.o(.text)
    RCC_CRS_IRQHandler                       0x080010eb   Thumb Code     0  startup_stm32f072.o(.text)
    RTC_IRQHandler                           0x080010eb   Thumb Code     0  startup_stm32f072.o(.text)
    SPI1_IRQHandler                          0x080010eb   Thumb Code     0  startup_stm32f072.o(.text)
    SPI2_IRQHandler                          0x080010eb   Thumb Code     0  startup_stm32f072.o(.text)
    TIM14_IRQHandler                         0x080010eb   Thumb Code     0  startup_stm32f072.o(.text)
    TIM15_IRQHandler                         0x080010eb   Thumb Code     0  startup_stm32f072.o(.text)
    TIM16_IRQHandler                         0x080010eb   Thumb Code     0  startup_stm32f072.o(.text)
    TIM17_IRQHandler                         0x080010eb   Thumb Code     0  startup_stm32f072.o(.text)
    TIM1_BRK_UP_TRG_COM_IRQHandler           0x080010eb   Thumb Code     0  startup_stm32f072.o(.text)
    TIM1_CC_IRQHandler                       0x080010eb   Thumb Code     0  startup_stm32f072.o(.text)
    TIM3_IRQHandler                          0x080010eb   Thumb Code     0  startup_stm32f072.o(.text)
    TIM6_DAC_IRQHandler                      0x080010eb   Thumb Code     0  startup_stm32f072.o(.text)
    TIM7_IRQHandler                          0x080010eb   Thumb Code     0  startup_stm32f072.o(.text)
    TSC_IRQHandler                           0x080010eb   Thumb Code     0  startup_stm32f072.o(.text)
    USART1_IRQHandler                        0x080010eb   Thumb Code     0  startup_stm32f072.o(.text)
    USART2_IRQHandler                        0x080010eb   Thumb Code     0  startup_stm32f072.o(.text)
    USART3_4_IRQHandler                      0x080010eb   Thumb Code     0  startup_stm32f072.o(.text)
    USB_IRQHandler                           0x080010eb   Thumb Code     0  startup_stm32f072.o(.text)
    WWDG_IRQHandler                          0x080010eb   Thumb Code     0  startup_stm32f072.o(.text)
    ADC_StartOfConversion                    0x080010f5   Thumb Code    10  stm32f0xx_adc.o(i.ADC_StartOfConversion)
    RE_LPCD_CALIBRATION                      0x080010ff   Thumb Code     2  reader_api.o(i.RE_LPCD_CALIBRATION)
    __asm___6_port_c_39a90d8d__prvPortStartFirstTask 0x08001111   Thumb Code    36  port.o(.emb_text)
    ulSetInterruptMaskFromISR                0x08001139   Thumb Code     8  port.o(.emb_text)
    vClearInterruptMaskFromISR               0x08001141   Thumb Code     6  port.o(.emb_text)
    PendSV_Handler                           0x08001147   Thumb Code    62  port.o(.emb_text)
    __aeabi_uidiv                            0x08001189   Thumb Code     0  uidiv.o(.text)
    __aeabi_uidivmod                         0x08001189   Thumb Code    44  uidiv.o(.text)
    __aeabi_idiv                             0x080011b5   Thumb Code     0  idiv.o(.text)
    __aeabi_idivmod                          0x080011b5   Thumb Code    40  idiv.o(.text)
    __aeabi_memcpy                           0x080011dd   Thumb Code    36  memcpya.o(.text)
    __aeabi_memcpy4                          0x080011dd   Thumb Code     0  memcpya.o(.text)
    __aeabi_memcpy8                          0x080011dd   Thumb Code     0  memcpya.o(.text)
    __aeabi_memset                           0x08001201   Thumb Code    14  memseta.o(.text)
    __aeabi_memset4                          0x08001201   Thumb Code     0  memseta.o(.text)
    __aeabi_memset8                          0x08001201   Thumb Code     0  memseta.o(.text)
    __aeabi_memclr                           0x0800120f   Thumb Code     4  memseta.o(.text)
    __aeabi_memclr4                          0x0800120f   Thumb Code     0  memseta.o(.text)
    __aeabi_memclr8                          0x0800120f   Thumb Code     0  memseta.o(.text)
    _memset$wrapper                          0x08001213   Thumb Code    18  memseta.o(.text)
    __scatterload                            0x08001225   Thumb Code    28  init.o(.text)
    __scatterload_rt2                        0x08001225   Thumb Code     0  init.o(.text)
    __decompress                             0x08001249   Thumb Code     0  __dczerorl2.o(.text)
    __decompress1                            0x08001249   Thumb Code    86  __dczerorl2.o(.text)
    ADCDMAConfiguration                      0x080012a1   Thumb Code    74  universal_init.o(i.ADCDMAConfiguration)
    ADC_ChannelConfig                        0x080012f9   Thumb Code    24  stm32f0xx_adc.o(i.ADC_ChannelConfig)
    ADC_Cmd                                  0x08001311   Thumb Code    24  stm32f0xx_adc.o(i.ADC_Cmd)
    ADC_DMACmd                               0x08001329   Thumb Code    24  stm32f0xx_adc.o(i.ADC_DMACmd)
    ADC_DMARequestModeConfig                 0x08001341   Thumb Code    16  stm32f0xx_adc.o(i.ADC_DMARequestModeConfig)
    ADC_DeInit                               0x08001351   Thumb Code    28  stm32f0xx_adc.o(i.ADC_DeInit)
    ADC_GetCalibrationFactor                 0x08001371   Thumb Code    60  stm32f0xx_adc.o(i.ADC_GetCalibrationFactor)
    ADC_GetFlagStatus                        0x080013ad   Thumb Code    48  stm32f0xx_adc.o(i.ADC_GetFlagStatus)
    ADC_Get_ConversionValue                  0x080013dd   Thumb Code    40  universal_init.o(i.ADC_Get_ConversionValue)
    ADC_Init                                 0x08001409   Thumb Code    40  stm32f0xx_adc.o(i.ADC_Init)
    ADC_Int                                  0x08001435   Thumb Code   282  universal_init.o(i.ADC_Int)
    ADC_StructInit                           0x08001561   Thumb Code    16  stm32f0xx_adc.o(i.ADC_StructInit)
    ALL_RGB_OFF                              0x08001571   Thumb Code    14  led_others.o(i.ALL_RGB_OFF)
    Ambient_ClearColor                       0x0800157f   Thumb Code    10  ambient_light_app.o(i.Ambient_ClearColor)
    Ambient_Light_ALL_Pro                    0x08001589   Thumb Code   262  ambient_light_app.o(i.Ambient_Light_ALL_Pro)
    Ambient_Light_Breathe_Pro                0x0800169d   Thumb Code   272  ambient_light_app.o(i.Ambient_Light_Breathe_Pro)
    Ambient_Light_Changliang                 0x080017b5   Thumb Code    94  ambient_light_app.o(i.Ambient_Light_Changliang)
    Ambient_Light_Malloc_Init                0x08001819   Thumb Code    58  ambient_light_app.o(i.Ambient_Light_Malloc_Init)
    Ambient_Light_Set                        0x0800185d   Thumb Code    72  ambient_light_app.o(i.Ambient_Light_Set)
    Ambient_Timer_Cmp_Update                 0x080018ad   Thumb Code    30  ambient_light_app.o(i.Ambient_Timer_Cmp_Update)
    Ambient_Timer_Init                       0x080018d1   Thumb Code   188  universal_init.o(i.Ambient_Timer_Init)
    Ambient_light_Start                      0x08001999   Thumb Code    10  ambient_light_app.o(i.Ambient_light_Start)
    Ambientlight_breath                      0x080019a5   Thumb Code   224  led_others.o(i.Ambientlight_breath)
    Beep_Ctrl_Pro                            0x08001a95   Thumb Code   222  control_task.o(i.Beep_Ctrl_Pro)
    COM1_Task                                0x08001b89   Thumb Code   102  user_com_task.o(i.COM1_Task)
    CheckSum                                 0x08001cef   Thumb Code    30  parseframe.o(i.CheckSum)
    Check_IAP_Mode                           0x08001d0d   Thumb Code    56  stateupdate.o(i.Check_IAP_Mode)
    ClearErrorByte                           0x08001d51   Thumb Code    16  system_config.o(i.ClearErrorByte)
    Clear_FIFO                               0x08001d65   Thumb Code    32  fm175xx.o(i.Clear_FIFO)
    Command_Execute                          0x08001d85   Thumb Code   572  reader_api.o(i.Command_Execute)
    Control_Task                             0x08001fc1   Thumb Code    18  control_task.o(i.Control_Task)
    DMA1_Channel2_3_IRQHandler               0x08001fd5   Thumb Code    72  uart_3.o(i.DMA1_Channel2_3_IRQHandler)
    DMA_ClearFlag                            0x08002029   Thumb Code     6  stm32f0xx_dma.o(i.DMA_ClearFlag)
    DMA_ClearITPendingBit                    0x08002035   Thumb Code     6  stm32f0xx_dma.o(i.DMA_ClearITPendingBit)
    DMA_Cmd                                  0x08002041   Thumb Code    24  stm32f0xx_dma.o(i.DMA_Cmd)
    DMA_DeInit                               0x0800205d   Thumb Code   208  stm32f0xx_dma.o(i.DMA_DeInit)
    DMA_GetITStatus                          0x08002135   Thumb Code    22  stm32f0xx_dma.o(i.DMA_GetITStatus)
    DMA_ITConfig                             0x08002151   Thumb Code    20  stm32f0xx_dma.o(i.DMA_ITConfig)
    DMA_Init                                 0x08002165   Thumb Code    58  stm32f0xx_dma.o(i.DMA_Init)
    DMA_SetCurrDataCounter                   0x080021a5   Thumb Code     4  stm32f0xx_dma.o(i.DMA_SetCurrDataCounter)
    DMA_StructInit                           0x080021a9   Thumb Code    26  stm32f0xx_dma.o(i.DMA_StructInit)
    Dis_4LED                                 0x080021c5   Thumb Code   374  dis_task.o(i.Dis_4LED)
    Disable_Interrupt                        0x0800234d   Thumb Code     4  system_config.o(i.Disable_Interrupt)
    Display_Task                             0x08002351   Thumb Code    52  dis_task.o(i.Display_Task)
    EXTI2_3_IRQHandler                       0x0800238d   Thumb Code    26  spi.o(i.EXTI2_3_IRQHandler)
    EXTI_ClearITPendingBit                   0x080023ad   Thumb Code     6  stm32f0xx_exti.o(i.EXTI_ClearITPendingBit)
    EXTI_Config                              0x080023b9   Thumb Code    62  spi.o(i.EXTI_Config)
    EXTI_GetITStatus                         0x080023fd   Thumb Code    22  stm32f0xx_exti.o(i.EXTI_GetITStatus)
    EXTI_Init                                0x08002419   Thumb Code   132  stm32f0xx_exti.o(i.EXTI_Init)
    Enable_Interrupt                         0x080024a1   Thumb Code     4  system_config.o(i.Enable_Interrupt)
    FLASH_ErasePage                          0x080024a5   Thumb Code    76  stm32f0xx_flash.o(i.FLASH_ErasePage)
    FLASH_GetStatus                          0x080024f9   Thumb Code    54  stm32f0xx_flash.o(i.FLASH_GetStatus)
    FLASH_Lock                               0x08002535   Thumb Code    14  stm32f0xx_flash.o(i.FLASH_Lock)
    FLASH_ProgramHalfWord                    0x08002549   Thumb Code    62  stm32f0xx_flash.o(i.FLASH_ProgramHalfWord)
    FLASH_ProgramWord                        0x0800258d   Thumb Code   108  stm32f0xx_flash.o(i.FLASH_ProgramWord)
    FLASH_Unlock                             0x08002601   Thumb Code    24  stm32f0xx_flash.o(i.FLASH_Unlock)
    FLASH_WaitForLastOperation               0x08002625   Thumb Code    40  stm32f0xx_flash.o(i.FLASH_WaitForLastOperation)
    FM175XX_HPD                              0x0800264d   Thumb Code    40  fm175xx.o(i.FM175XX_HPD)
    FM175XX_HardReset                        0x08002679   Thumb Code    56  fm175xx.o(i.FM175XX_HardReset)
    FM175XX_Initial_ReaderA                  0x080026b5   Thumb Code    78  reader_api.o(i.FM175XX_Initial_ReaderA)
    FM175XX_Polling                          0x08002703   Thumb Code    56  reader_api.o(i.FM175XX_Polling)
    Flash_PagesMask                          0x0800273b   Thumb Code    24  flash.o(i.Flash_PagesMask)
    Flash_Prepared                           0x08002753   Thumb Code    74  flash.o(i.Flash_Prepared)
    Flash_Read                               0x0800279d   Thumb Code    20  flash.o(i.Flash_Read)
    Flash_Write                              0x080027b1   Thumb Code    80  flash.o(i.Flash_Write)
    Flash_Write_Word                         0x08002801   Thumb Code    98  flash.o(i.Flash_Write_Word)
    FormatFrame                              0x08002863   Thumb Code   134  parseframe.o(i.FormatFrame)
    FrontLightProcess                        0x080028e9   Thumb Code    30  control_task.o(i.FrontLightProcess)
    GPIO_Init                                0x0800290d   Thumb Code   144  stm32f0xx_gpio.o(i.GPIO_Init)
    GPIO_PinAFConfig                         0x0800299d   Thumb Code    68  stm32f0xx_gpio.o(i.GPIO_PinAFConfig)
    GPIO_ReadInputDataBit                    0x080029e1   Thumb Code    20  stm32f0xx_gpio.o(i.GPIO_ReadInputDataBit)
    GPIO_ReadOutputDataBit                   0x080029f5   Thumb Code    20  stm32f0xx_gpio.o(i.GPIO_ReadOutputDataBit)
    GPIO_ResetBits                           0x08002a09   Thumb Code     4  stm32f0xx_gpio.o(i.GPIO_ResetBits)
    GPIO_SetBits                             0x08002a0d   Thumb Code     4  stm32f0xx_gpio.o(i.GPIO_SetBits)
    GPIO_StructInit                          0x08002a11   Thumb Code    20  stm32f0xx_gpio.o(i.GPIO_StructInit)
    GetReg                                   0x08002a29   Thumb Code   124  fm175xx.o(i.GetReg)
    GetReg_Ext                               0x08002aa9   Thumb Code    28  fm175xx.o(i.GetReg_Ext)
    Get_RealVaule                            0x08002ac5   Thumb Code   188  universal_init.o(i.Get_RealVaule)
    Handle_RGB_Control                       0x08002b95   Thumb Code   114  led_others.o(i.Handle_RGB_Control)
    Handle_Temp_Ctr                          0x08002c11   Thumb Code    62  handletemperature.o(i.Handle_Temp_Ctr)
    Handle_Timer_Init                        0x08002c55   Thumb Code   142  universal_init.o(i.Handle_Timer_Init)
    IAP_EraseSWFlash                         0x08002ced   Thumb Code    30  iap.o(i.IAP_EraseSWFlash)
    IAP_Init                                 0x08002d0d   Thumb Code    42  iap.o(i.IAP_Init)
    IAP_ParseFrame                           0x08002d45   Thumb Code   806  iap.o(i.IAP_ParseFrame)
    IAP_Reset                                0x0800309d   Thumb Code    64  iap.o(i.IAP_Reset)
    IAP_SaveFCtrlmap                         0x080030fd   Thumb Code    42  iap.o(i.IAP_SaveFCtrlmap)
    IAP_decrypt                              0x08003131   Thumb Code   192  iap.o(i.IAP_decrypt)
    IIC_Init                                 0x080031f9   Thumb Code    38  iic.o(i.IIC_Init)
    IIC_PushFrame                            0x08003225   Thumb Code    56  iic.o(i.IIC_PushFrame)
    IIC_Send_Byte                            0x08003261   Thumb Code   182  iic.o(i.IIC_Send_Byte)
    IicProcess                               0x080035a5   Thumb Code    80  iic.o(i.IicProcess)
    InitAllPeripherals                       0x080035f9   Thumb Code   118  system_config.o(i.InitAllPeripherals)
    JUDGE                                    0x080036b5   Thumb Code    34  reader_api.o(i.JUDGE)
    LED_DMA_Refresh                          0x080036d9   Thumb Code    66  led_others.o(i.LED_DMA_Refresh)
    LPCD_Read                                0x08003729   Thumb Code   298  reader_api.o(i.LPCD_Read)
    Lpcd_Calibrate_Driver                    0x080038b1   Thumb Code   228  reader_api.o(i.Lpcd_Calibrate_Driver)
    Lpcd_Calibrate_Reference                 0x080039a5   Thumb Code   116  reader_api.o(i.Lpcd_Calibrate_Reference)
    Lpcd_Calibration_Backup                  0x08003a21   Thumb Code    20  reader_api.o(i.Lpcd_Calibration_Backup)
    Lpcd_Calibration_Event                   0x08003a39   Thumb Code    52  reader_api.o(i.Lpcd_Calibration_Event)
    Lpcd_Calibration_Restore                 0x08003a6d   Thumb Code    64  reader_api.o(i.Lpcd_Calibration_Restore)
    Lpcd_Get_Calibration_Value               0x08003abd   Thumb Code    74  reader_api.o(i.Lpcd_Get_Calibration_Value)
    Lpcd_Get_IRQ                             0x08003b07   Thumb Code    16  reader_api.o(i.Lpcd_Get_IRQ)
    Lpcd_Get_Value                           0x08003b17   Thumb Code    48  reader_api.o(i.Lpcd_Get_Value)
    Lpcd_IRQ_Event                           0x08003b47   Thumb Code    14  reader_api.o(i.Lpcd_IRQ_Event)
    Lpcd_Init_Register                       0x08003b55   Thumb Code    42  reader_api.o(i.Lpcd_Init_Register)
    Lpcd_Reset_Status                        0x08003b7f   Thumb Code    22  reader_api.o(i.Lpcd_Reset_Status)
    Lpcd_Set_Driver                          0x08003b95   Thumb Code    94  reader_api.o(i.Lpcd_Set_Driver)
    Lpcd_Set_Gain                            0x08003bf3   Thumb Code    20  reader_api.o(i.Lpcd_Set_Gain)
    Lpcd_Set_IE                              0x08003c07   Thumb Code    28  reader_api.o(i.Lpcd_Set_IE)
    Lpcd_Set_IRQ_pin                         0x08003c23   Thumb Code    20  reader_api.o(i.Lpcd_Set_IRQ_pin)
    Lpcd_Set_Mode                            0x08003c37   Thumb Code    34  reader_api.o(i.Lpcd_Set_Mode)
    Lpcd_Set_Reference                       0x08003c59   Thumb Code    42  reader_api.o(i.Lpcd_Set_Reference)
    Lpcd_Set_Threshold                       0x08003c83   Thumb Code    56  reader_api.o(i.Lpcd_Set_Threshold)
    Lpcd_Set_Timer                           0x08003cbd   Thumb Code   178  reader_api.o(i.Lpcd_Set_Timer)
    Lpcd_WaitFor_Irq                         0x08003d75   Thumb Code    58  reader_api.o(i.Lpcd_WaitFor_Irq)
    MasterPowerCtrl                          0x08003db1   Thumb Code    44  stateupdate.o(i.MasterPowerCtrl)
    Mifare_Auth                              0x08003de5   Thumb Code   182  mifare.o(i.Mifare_Auth)
    Mifare_Blockread                         0x08003e9b   Thumb Code    98  mifare.o(i.Mifare_Blockread)
    Mifare_Blockwrite                        0x08003efd   Thumb Code   152  mifare.o(i.Mifare_Blockwrite)
    ModifyReg                                0x08003f95   Thumb Code    50  fm175xx.o(i.ModifyReg)
    ModifyReg_Ext                            0x08003fc7   Thumb Code    50  fm175xx.o(i.ModifyReg_Ext)
    NVIC_Configuration                       0x080040c9   Thumb Code    50  system_config.o(i.NVIC_Configuration)
    NVIC_Init                                0x080040fd   Thumb Code   106  stm32f0xx_misc.o(i.NVIC_Init)
    Normal_Tasks_Remarks                     0x0800419d   Thumb Code    72  control_task.o(i.Normal_Tasks_Remarks)
    ParseFrame                               0x080041e9   Thumb Code   410  parseframe.o(i.ParseFrame)
    Peripherals_Clock_Init                   0x08004391   Thumb Code   158  system_config.o(i.Peripherals_Clock_Init)
    PowerON_RGB                              0x08004431   Thumb Code   102  led_others.o(i.PowerON_RGB)
    PushMiniFrame                            0x080044a1   Thumb Code    34  parseframe.o(i.PushMiniFrame)
    Query_Send_Data_Pro                      0x080044c5   Thumb Code   126  stateupdate.o(i.Query_Send_Data_Pro)
    RCC_ADCCLKConfig                         0x08004551   Thumb Code    52  stm32f0xx_rcc.o(i.RCC_ADCCLKConfig)
    RCC_AHBPeriphClockCmd                    0x08004589   Thumb Code    28  stm32f0xx_rcc.o(i.RCC_AHBPeriphClockCmd)
    RCC_APB1PeriphClockCmd                   0x080045a9   Thumb Code    28  stm32f0xx_rcc.o(i.RCC_APB1PeriphClockCmd)
    RCC_APB1PeriphResetCmd                   0x080045c9   Thumb Code    28  stm32f0xx_rcc.o(i.RCC_APB1PeriphResetCmd)
    RCC_APB2PeriphClockCmd                   0x080045e9   Thumb Code    28  stm32f0xx_rcc.o(i.RCC_APB2PeriphClockCmd)
    RCC_APB2PeriphResetCmd                   0x08004609   Thumb Code    28  stm32f0xx_rcc.o(i.RCC_APB2PeriphResetCmd)
    RCC_GetClocksFreq                        0x08004629   Thumb Code   468  stm32f0xx_rcc.o(i.RCC_GetClocksFreq)
    RGB_Bit_Set                              0x08004819   Thumb Code   236  led_others.o(i.RGB_Bit_Set)
    RGB_Buff_Init                            0x08004915   Thumb Code    50  led_others.o(i.RGB_Buff_Init)
    RGB_Time_Init                            0x0800494d   Thumb Code   244  led_others.o(i.RGB_Time_Init)
    ReadUniqueID                             0x08004a4d   Thumb Code    64  system_config.o(i.ReadUniqueID)
    ReaderA_AntiColl                         0x08004a95   Thumb Code   182  reader_api.o(i.ReaderA_AntiColl)
    ReaderA_CardActivate                     0x08004b55   Thumb Code   122  reader_api.o(i.ReaderA_CardActivate)
    ReaderA_Select                           0x08004bd5   Thumb Code   162  reader_api.o(i.ReaderA_Select)
    ReaderA_Wakeup                           0x08004c81   Thumb Code    90  reader_api.o(i.ReaderA_Wakeup)
    SPI1_Configuration                       0x08004ce1   Thumb Code   198  spi.o(i.SPI1_Configuration)
    SPI_Cmd                                  0x08004db1   Thumb Code    24  stm32f0xx_spi.o(i.SPI_Cmd)
    SPI_I2S_ClearFlag                        0x08004dcd   Thumb Code     6  stm32f0xx_spi.o(i.SPI_I2S_ClearFlag)
    SPI_I2S_GetFlagStatus                    0x08004dd3   Thumb Code    20  stm32f0xx_spi.o(i.SPI_I2S_GetFlagStatus)
    SPI_Init                                 0x08004de9   Thumb Code    76  stm32f0xx_spi.o(i.SPI_Init)
    SPI_Read_FIFO                            0x08004e41   Thumb Code   142  fm175xx.o(i.SPI_Read_FIFO)
    SPI_ReceiveData8                         0x08004ed5   Thumb Code    12  stm32f0xx_spi.o(i.SPI_ReceiveData8)
    SPI_RxFIFOThresholdConfig                0x08004ee1   Thumb Code    16  stm32f0xx_spi.o(i.SPI_RxFIFOThresholdConfig)
    SPI_SendData8                            0x08004ef5   Thumb Code    10  stm32f0xx_spi.o(i.SPI_SendData8)
    SPI_Write_FIFO                           0x08004f01   Thumb Code   106  fm175xx.o(i.SPI_Write_FIFO)
    SVC_Handler                              0x08004f71   Thumb Code     2  port.o(i.SVC_Handler)
    SYSCFG_EXTILineConfig                    0x08004f75   Thumb Code    60  stm32f0xx_syscfg.o(i.SYSCFG_EXTILineConfig)
    SYSCFG_MemoryRemapConfig                 0x08004fb5   Thumb Code    24  stm32f0xx_syscfg.o(i.SYSCFG_MemoryRemapConfig)
    SaveFDatamap                             0x08004fd1   Thumb Code   234  system_config.o(i.SaveFDatamap)
    SetErrorByte                             0x080050d5   Thumb Code    22  system_config.o(i.SetErrorByte)
    SetReceiveCRC                            0x080050f1   Thumb Code    32  reader_api.o(i.SetReceiveCRC)
    SetReg                                   0x08005111   Thumb Code   108  fm175xx.o(i.SetReg)
    SetReg_Ext                               0x08005181   Thumb Code    32  fm175xx.o(i.SetReg_Ext)
    SetRf                                    0x080051a1   Thumb Code    88  reader_api.o(i.SetRf)
    SetSendCRC                               0x080051fd   Thumb Code    32  reader_api.o(i.SetSendCRC)
    SetTimeOut                               0x0800521d   Thumb Code    96  reader_api.o(i.SetTimeOut)
    SysTick_CLKSourceConfig                  0x08005289   Thumb Code    32  stm32f0xx_misc.o(i.SysTick_CLKSourceConfig)
    SysTick_Handler                          0x080052ad   Thumb Code    32  port.o(i.SysTick_Handler)
    SystemCoreClockConfigure                 0x080052d1   Thumb Code   206  system_config.o(i.SystemCoreClockConfigure)
    SystemCoreClockUpdate                    0x080053a9   Thumb Code   154  system_stm32f0xx.o(i.SystemCoreClockUpdate)
    SystemInit                               0x08005459   Thumb Code   104  system_stm32f0xx.o(i.SystemInit)
    TIM2_IRQHandler                          0x080054cd   Thumb Code    28  universal_init.o(i.TIM2_IRQHandler)
    TIM_ARRPreloadConfig                     0x080054e9   Thumb Code    24  stm32f0xx_tim.o(i.TIM_ARRPreloadConfig)
    TIM_ClearFlag                            0x08005505   Thumb Code     6  stm32f0xx_tim.o(i.TIM_ClearFlag)
    TIM_ClearITPendingBit                    0x0800550b   Thumb Code     6  stm32f0xx_tim.o(i.TIM_ClearITPendingBit)
    TIM_Cmd                                  0x08005511   Thumb Code    24  stm32f0xx_tim.o(i.TIM_Cmd)
    TIM_CtrlPWMOutputs                       0x0800552d   Thumb Code    34  stm32f0xx_tim.o(i.TIM_CtrlPWMOutputs)
    TIM_DMACmd                               0x0800554f   Thumb Code    20  stm32f0xx_tim.o(i.TIM_DMACmd)
    TIM_DeInit                               0x08005565   Thumb Code   228  stm32f0xx_tim.o(i.TIM_DeInit)
    TIM_GetITStatus                          0x08005669   Thumb Code    38  stm32f0xx_tim.o(i.TIM_GetITStatus)
    TIM_ITConfig                             0x0800568f   Thumb Code    20  stm32f0xx_tim.o(i.TIM_ITConfig)
    TIM_OC1Init                              0x080056a5   Thumb Code   122  stm32f0xx_tim.o(i.TIM_OC1Init)
    TIM_OC1PreloadConfig                     0x08005739   Thumb Code    20  stm32f0xx_tim.o(i.TIM_OC1PreloadConfig)
    TIM_OC2Init                              0x08005751   Thumb Code   142  stm32f0xx_tim.o(i.TIM_OC2Init)
    TIM_OC2PreloadConfig                     0x080057fd   Thumb Code    20  stm32f0xx_tim.o(i.TIM_OC2PreloadConfig)
    TIM_OC3Init                              0x08005815   Thumb Code   124  stm32f0xx_tim.o(i.TIM_OC3Init)
    TIM_OC3PreloadConfig                     0x080058ad   Thumb Code    20  stm32f0xx_tim.o(i.TIM_OC3PreloadConfig)
    TIM_OCStructInit                         0x080058c5   Thumb Code    20  stm32f0xx_tim.o(i.TIM_OCStructInit)
    TIM_SetCompare1                          0x080058d9   Thumb Code     4  stm32f0xx_tim.o(i.TIM_SetCompare1)
    TIM_SetCompare2                          0x080058dd   Thumb Code     4  stm32f0xx_tim.o(i.TIM_SetCompare2)
    TIM_SetCompare3                          0x080058e1   Thumb Code     4  stm32f0xx_tim.o(i.TIM_SetCompare3)
    TIM_TimeBaseInit                         0x080058e5   Thumb Code    90  stm32f0xx_tim.o(i.TIM_TimeBaseInit)
    TIM_TimeBaseStructInit                   0x08005961   Thumb Code    18  stm32f0xx_tim.o(i.TIM_TimeBaseStructInit)
    TYPE_A_EVENT                             0x08005975   Thumb Code   272  reader_api.o(i.TYPE_A_EVENT)
    Timer2Init                               0x08005aa9   Thumb Code    56  universal_init.o(i.Timer2Init)
    UART3_CheckReceive                       0x08005ae1   Thumb Code   120  uart_3.o(i.UART3_CheckReceive)
    UART3_CheckSend                          0x08005b6d   Thumb Code    76  uart_3.o(i.UART3_CheckSend)
    UART3_DMAConfiguration                   0x08005bcd   Thumb Code   192  uart_3.o(i.UART3_DMAConfiguration)
    UART3_InitVariables                      0x08005ccd   Thumb Code     8  uart_3.o(i.UART3_InitVariables)
    UART3_Int                                0x08005cd9   Thumb Code   136  uart_3.o(i.UART3_Int)
    UART3_ParseData                          0x08005d69   Thumb Code   256  uart_3.o(i.UART3_ParseData)
    UART3_PushFrame                          0x08005e81   Thumb Code   148  uart_3.o(i.UART3_PushFrame)
    USART_Cmd                                0x08005fa5   Thumb Code    24  stm32f0xx_usart.o(i.USART_Cmd)
    USART_DMACmd                             0x08005fbd   Thumb Code    20  stm32f0xx_usart.o(i.USART_DMACmd)
    USART_DeInit                             0x08005fd1   Thumb Code   108  stm32f0xx_usart.o(i.USART_DeInit)
    USART_HalfDuplexCmd                      0x0800604d   Thumb Code    24  stm32f0xx_usart.o(i.USART_HalfDuplexCmd)
    USART_Init                               0x08006065   Thumb Code   214  stm32f0xx_usart.o(i.USART_Init)
    Variables_Init                           0x0800614d   Thumb Code    84  system_config.o(i.Variables_Init)
    Wireless_Power_Ctr_Handler               0x080061b9   Thumb Code   318  control_task.o(i.Wireless_Power_Ctr_Handler)
    __ARM_common_switch8                     0x08006321   Thumb Code    28  iic.o(i.__ARM_common_switch8)
    __scatterload_copy                       0x0800633d   Thumb Code    14  handlers.o(i.__scatterload_copy)
    __scatterload_null                       0x0800634b   Thumb Code     2  handlers.o(i.__scatterload_null)
    __scatterload_zeroinit                   0x0800634d   Thumb Code    14  handlers.o(i.__scatterload_zeroinit)
    check_NFC_key                            0x0800635d   Thumb Code    32  reader_api.o(i.check_NFC_key)
    delay_init                               0x08006389   Thumb Code    62  system_config.o(i.delay_init)
    delay_us                                 0x080063dd   Thumb Code    62  system_config.o(i.delay_us)
    eTaskConfirmSleepModeStatus              0x08006425   Thumb Code    46  tasks.o(i.eTaskConfirmSleepModeStatus)
    gpioGetInput                             0x08006465   Thumb Code    74  gpio.o(i.gpioGetInput)
    gpioGetOutput                            0x080064b5   Thumb Code    34  gpio.o(i.gpioGetOutput)
    gpioInitialize                           0x080064dd   Thumb Code    34  gpio.o(i.gpioInitialize)
    gpioSetOutput                            0x08006505   Thumb Code    54  gpio.o(i.gpioSetOutput)
    gpioSetToggle                            0x08006541   Thumb Code    44  gpio.o(i.gpioSetToggle)
    mDelay                                   0x08006571   Thumb Code    52  fm175xx.o(i.mDelay)
    main                                     0x080065a9   Thumb Code    46  main.o(i.main)
    pvPortMalloc                             0x080070b5   Thumb Code   274  heap_4.o(i.pvPortMalloc)
    pxPortInitialiseStack                    0x080071e1   Thumb Code    26  port.o(i.pxPortInitialiseStack)
    start_task                               0x08007201   Thumb Code    96  main.o(i.start_task)
    turnLightProcess                         0x080072a5   Thumb Code   442  turnlightprocess.o(i.turnLightProcess)
    uDelay                                   0x08007481   Thumb Code    22  reader_api.o(i.uDelay)
    uxListRemove                             0x08007497   Thumb Code    40  list.o(i.uxListRemove)
    vListInitialise                          0x080074bf   Thumb Code    26  list.o(i.vListInitialise)
    vListInitialiseItem                      0x080074d9   Thumb Code     6  list.o(i.vListInitialiseItem)
    vListInsert                              0x080074df   Thumb Code    54  list.o(i.vListInsert)
    vListInsertEnd                           0x08007515   Thumb Code    24  list.o(i.vListInsertEnd)
    vPortEnterCritical                       0x0800752d   Thumb Code    22  port.o(i.vPortEnterCritical)
    vPortExitCritical                        0x08007549   Thumb Code    36  port.o(i.vPortExitCritical)
    vPortFree                                0x08007571   Thumb Code   130  heap_4.o(i.vPortFree)
    vPortSetupTimerInterrupt                 0x08007601   Thumb Code    70  port.o(i.vPortSetupTimerInterrupt)
    vPortSuppressTicksAndSleep               0x08007661   Thumb Code   306  port.o(i.vPortSuppressTicksAndSleep)
    vPortYield                               0x080077a5   Thumb Code    18  port.o(i.vPortYield)
    vQueueWaitForMessageRestricted           0x080077bd   Thumb Code    76  queue.o(i.vQueueWaitForMessageRestricted)
    vTaskDelay                               0x08007809   Thumb Code    62  tasks.o(i.vTaskDelay)
    vTaskDelete                              0x0800784d   Thumb Code   150  tasks.o(i.vTaskDelete)
    vTaskInternalSetTimeOutState             0x08007901   Thumb Code    14  tasks.o(i.vTaskInternalSetTimeOutState)
    vTaskMissedYield                         0x08007919   Thumb Code     8  tasks.o(i.vTaskMissedYield)
    vTaskPlaceOnEventList                    0x08007925   Thumb Code    38  tasks.o(i.vTaskPlaceOnEventList)
    vTaskPlaceOnEventListRestricted          0x08007951   Thumb Code    48  tasks.o(i.vTaskPlaceOnEventListRestricted)
    vTaskStartScheduler                      0x08007985   Thumb Code    90  tasks.o(i.vTaskStartScheduler)
    vTaskStepTick                            0x080079fd   Thumb Code    42  tasks.o(i.vTaskStepTick)
    vTaskSuspendAll                          0x08007a31   Thumb Code    12  tasks.o(i.vTaskSuspendAll)
    vTaskSwitchContext                       0x08007a41   Thumb Code   108  tasks.o(i.vTaskSwitchContext)
    xPortStartScheduler                      0x08007ac1   Thumb Code    48  port.o(i.xPortStartScheduler)
    xQueueGenericCreate                      0x08007af9   Thumb Code    76  queue.o(i.xQueueGenericCreate)
    xQueueGenericReset                       0x08007b45   Thumb Code   130  queue.o(i.xQueueGenericReset)
    xQueueGenericSend                        0x08007bc7   Thumb Code   382  queue.o(i.xQueueGenericSend)
    xQueueGenericSendFromISR                 0x08007d45   Thumb Code   228  queue.o(i.xQueueGenericSendFromISR)
    xQueueReceive                            0x08007e29   Thumb Code   312  queue.o(i.xQueueReceive)
    xTaskCheckForTimeOut                     0x08007f61   Thumb Code   132  tasks.o(i.xTaskCheckForTimeOut)
    xTaskCreate                              0x08007ff1   Thumb Code    92  tasks.o(i.xTaskCreate)
    xTaskGetSchedulerState                   0x0800804d   Thumb Code    28  tasks.o(i.xTaskGetSchedulerState)
    xTaskGetTickCount                        0x08008071   Thumb Code     6  tasks.o(i.xTaskGetTickCount)
    xTaskIncrementTick                       0x0800807d   Thumb Code   270  tasks.o(i.xTaskIncrementTick)
    xTaskPriorityDisinherit                  0x080081b9   Thumb Code   124  tasks.o(i.xTaskPriorityDisinherit)
    xTaskRemoveFromEventList                 0x08008241   Thumb Code   116  tasks.o(i.xTaskRemoveFromEventList)
    xTaskResumeAll                           0x080082cd   Thumb Code   206  tasks.o(i.xTaskResumeAll)
    xTimerCreateTimerTask                    0x080083bd   Thumb Code    52  timers.o(i.xTimerCreateTimerTask)
    xTimerGenericCommand                     0x08008405   Thumb Code   110  timers.o(i.xTimerGenericCommand)
    Region$$Table$$Base                      0x08008498   Number         0  anon$$obj.o(Region$$Table)
    Region$$Table$$Limit                     0x080084b8   Number         0  anon$$obj.o(Region$$Table)
    temp_address                             0x200000c0   Data           4  stm32f0xx_flash.o(.data)
    temp_Address                             0x200000c4   Data           4  stm32f0xx_flash.o(.data)
    SystemCoreClock                          0x200000d8   Data           4  system_stm32f0xx.o(.data)
    AHBPrescTable                            0x200000dc   Data          16  system_stm32f0xx.o(.data)
    StartTask_Handler                        0x200000ec   Data           4  main.o(.data)
    Task1Task_Handler                        0x200000f0   Data           4  main.o(.data)
    Task2Task_Handler                        0x200000f4   Data           4  main.o(.data)
    Task3Task_Handler                        0x200000f8   Data           4  main.o(.data)
    COM1_Message_Queue                       0x200001e4   Data           4  user_com_task.o(.data)
    m_EUART3_TxFrm_Tail                      0x200001ec   Data           1  uart_3.o(.data)
    m_EUART3_TxFrm_Head                      0x200001ed   Data           1  uart_3.o(.data)
    m_EUART3_TxFrm_FreeFrmLen                0x200001ee   Data           1  uart_3.o(.data)
    m_EUART3_DMA_RXPtr                       0x200001f0   Data           4  uart_3.o(.data)
    m_bEUART3PushingFrms                     0x200001f4   Data           1  uart_3.o(.data)
    m_bEUART3CheckingRec                     0x200001f5   Data           1  uart_3.o(.data)
    m_bEUART3CheckingSend                    0x200001f6   Data           1  uart_3.o(.data)
    m_bEUART3TxEn                            0x200001f7   Data           1  uart_3.o(.data)
    g_FCtrlMap_Default                       0x20000290   Data          12  iap.o(.data)
    m_BinOldSliceForDecr                     0x2000029c   Data           8  iap.o(.data)
    m_BinNewSliceForDecr                     0x200002a4   Data           8  iap.o(.data)
    X_Temp_Handle                            0x200002ac   Data          48  handletemperature.o(.data)
    Y_Res_Handle                             0x200002dc   Data          48  handletemperature.o(.data)
    _temperature_object                      0x2000030c   Data          12  handletemperature.o(.data)
    NFC_SECTOR                               0x20000326   Data           1  mifare.o(.data)
    NFC_BLOCK                                0x20000327   Data           1  mifare.o(.data)
    NFC_BLOCK_NUM                            0x20000328   Data           1  mifare.o(.data)
    BLOCK_DATA                               0x20000329   Data          16  mifare.o(.data)
    BLOCK_DATA_W                             0x20000339   Data          16  mifare.o(.data)
    KEY_A                                    0x20000349   Data          96  mifare.o(.data)
    KEY_B                                    0x200003a9   Data          96  mifare.o(.data)
    succeed                                  0x2000040c   Data           1  reader_api.o(.data)
    NFC_INT                                  0x2000040d   Data           1  reader_api.o(.data)
    NFC_set                                  0x2000040e   Data           2  reader_api.o(.data)
    _my_id                                   0x20000410   Data           8  reader_api.o(.data)
    Lpcd_Debug_Info                          0x20000418   Data           1  reader_api.o(.data)
    Lpcd_Debug_Test                          0x20000419   Data           1  reader_api.o(.data)
    s_error_cnt                              0x2000041a   Data           1  reader_api.o(.data)
    g_Clear_error_cnt                        0x20000420   Data           2  variable.o(.data)
    g_ErrorByte                              0x20000422   Data           1  variable.o(.data)
    g_wireless_charger_vol                   0x20000423   Data           1  variable.o(.data)
    g_leftBreakGnd_vol                       0x20000424   Data           2  variable.o(.data)
    g_rightBreakGnd_vol                      0x20000426   Data           2  variable.o(.data)
    g_accGnd_vol                             0x20000428   Data           2  variable.o(.data)
    pxCurrentTCB                             0x2000045c   Data           4  tasks.o(.data)
    m_ADCValue                               0x200004ac   Data          96  universal_init.o(.bss)
    m_EUART3_TxFrames                        0x2000050c   Data         604  uart_3.o(.bss)
    m_EUART3_DMA_RXBuf                       0x20000768   Data         150  uart_3.o(.bss)
    Ambient_light_object                     0x2000091c   Data          40  ambient_light_app.o(.bss)
    iic_t                                    0x20000944   Data          24  iic.o(.bss)
    g_FCtrlMap                               0x2000095c   Data          12  iap.o(.bss)
    m_key                                    0x20000968   Data          16  iap.o(.bss)
    g_DecryptDataBuf                         0x20000978   Data         200  iap.o(.bss)
    iap_state                                0x20000a40   Data          24  iap.o(.bss)
    BLOCK_DATA_R                             0x20000a58   Data          16  mifare.o(.bss)
    DATA_W_RAND                              0x20000a68   Data          16  mifare.o(.bss)
    PICC_A                                   0x20000a78   Data          25  reader_api.o(.bss)
    PICC_B                                   0x20000a91   Data          41  reader_api.o(.bss)
    Lpcd                                     0x20000aba   Data          20  reader_api.o(.bss)
    g_NBCmdMap                               0x20000ace   Data          32  variable.o(.bss)
    g_myself_data                            0x20000aee   Data         108  variable.o(.bss)
    g_bool                                   0x20000b5a   Data          26  variable.o(.bss)
    __initial_sp                             0x20002cc8   Data           0  startup_stm32f072.o(STACK)



==============================================================================

Memory Map of the image

  Image Entry point : 0x080010c1

  Load Region LR_IROM1 (Base: 0x08001000, Size: 0x000078a4, Max: 0x00020000, ABSOLUTE, COMPRESSED[0x000075e4])

    Execution Region ER_IROM1 (Exec base: 0x08001000, Load base: 0x08001000, Size: 0x000074b8, Max: 0x00020000, ABSOLUTE)

    Exec Addr    Load Addr    Size         Type   Attr      Idx    E Section Name        Object

    0x08001000   0x08001000   0x000000c0   Data   RO            3    RESET               startup_stm32f072.o
    0x080010c0   0x080010c0   0x00000000   Code   RO         6601  * .ARM.Collect$$$$00000000  mc_p.l(entry.o)
    0x080010c0   0x080010c0   0x00000004   Code   RO         6616    .ARM.Collect$$$$00000001  mc_p.l(entry2.o)
    0x080010c4   0x080010c4   0x00000004   Code   RO         6619    .ARM.Collect$$$$00000004  mc_p.l(entry5.o)
    0x080010c8   0x080010c8   0x00000000   Code   RO         6621    .ARM.Collect$$$$00000008  mc_p.l(entry7b.o)
    0x080010c8   0x080010c8   0x00000000   Code   RO         6623    .ARM.Collect$$$$0000000A  mc_p.l(entry8b.o)
    0x080010c8   0x080010c8   0x00000008   Code   RO         6624    .ARM.Collect$$$$0000000B  mc_p.l(entry9a.o)
    0x080010d0   0x080010d0   0x00000004   Code   RO         6631    .ARM.Collect$$$$0000000E  mc_p.l(entry12b.o)
    0x080010d4   0x080010d4   0x00000000   Code   RO         6626    .ARM.Collect$$$$0000000F  mc_p.l(entry10a.o)
    0x080010d4   0x080010d4   0x00000000   Code   RO         6628    .ARM.Collect$$$$00000011  mc_p.l(entry11a.o)
    0x080010d4   0x080010d4   0x00000004   Code   RO         6617    .ARM.Collect$$$$00002712  mc_p.l(entry2.o)
    0x080010d8   0x080010d8   0x0000001c   Code   RO            4    .text               startup_stm32f072.o
    0x080010f4   0x080010f4   0x0000000a   Code   RO         2734    i.ADC_StartOfConversion  stm32f0xx_adc.o
    0x080010fe   0x080010fe   0x00000002   Code   RO         5159    i.RE_LPCD_CALIBRATION  reader_api.o
    0x08001100   0x08001100   0x00000010   Data   RO         4803    .ARM.__AT_0x08001100  iap.o
    0x08001110   0x08001110   0x00000078   Code   RO         5709    .emb_text           port.o
    0x08001188   0x08001188   0x0000002c   Code   RO         6604    .text               mc_p.l(uidiv.o)
    0x080011b4   0x080011b4   0x00000028   Code   RO         6606    .text               mc_p.l(idiv.o)
    0x080011dc   0x080011dc   0x00000024   Code   RO         6608    .text               mc_p.l(memcpya.o)
    0x08001200   0x08001200   0x00000024   Code   RO         6610    .text               mc_p.l(memseta.o)
    0x08001224   0x08001224   0x00000024   Code   RO         6632    .text               mc_p.l(init.o)
    0x08001248   0x08001248   0x00000056   Code   RO         6642    .text               mc_p.l(__dczerorl2.o)
    0x0800129e   0x0800129e   0x00000002   PAD
    0x080012a0   0x080012a0   0x00000058   Code   RO         4120    i.ADCDMAConfiguration  universal_init.o
    0x080012f8   0x080012f8   0x00000018   Code   RO         2716    i.ADC_ChannelConfig  stm32f0xx_adc.o
    0x08001310   0x08001310   0x00000018   Code   RO         2720    i.ADC_Cmd           stm32f0xx_adc.o
    0x08001328   0x08001328   0x00000018   Code   RO         2722    i.ADC_DMACmd        stm32f0xx_adc.o
    0x08001340   0x08001340   0x00000010   Code   RO         2723    i.ADC_DMARequestModeConfig  stm32f0xx_adc.o
    0x08001350   0x08001350   0x00000020   Code   RO         2724    i.ADC_DeInit        stm32f0xx_adc.o
    0x08001370   0x08001370   0x0000003c   Code   RO         2726    i.ADC_GetCalibrationFactor  stm32f0xx_adc.o
    0x080013ac   0x080013ac   0x00000030   Code   RO         2728    i.ADC_GetFlagStatus  stm32f0xx_adc.o
    0x080013dc   0x080013dc   0x0000002c   Code   RO         4121    i.ADC_Get_ConversionValue  universal_init.o
    0x08001408   0x08001408   0x0000002c   Code   RO         2731    i.ADC_Init          stm32f0xx_adc.o
    0x08001434   0x08001434   0x0000012c   Code   RO         4122    i.ADC_Int           universal_init.o
    0x08001560   0x08001560   0x00000010   Code   RO         2736    i.ADC_StructInit    stm32f0xx_adc.o
    0x08001570   0x08001570   0x0000000e   Code   RO         4453    i.ALL_RGB_OFF       led_others.o
    0x0800157e   0x0800157e   0x0000000a   Code   RO         4519    i.Ambient_ClearColor  ambient_light_app.o
    0x08001588   0x08001588   0x00000114   Code   RO         4520    i.Ambient_Light_ALL_Pro  ambient_light_app.o
    0x0800169c   0x0800169c   0x00000118   Code   RO         4521    i.Ambient_Light_Breathe_Pro  ambient_light_app.o
    0x080017b4   0x080017b4   0x00000064   Code   RO         4522    i.Ambient_Light_Changliang  ambient_light_app.o
    0x08001818   0x08001818   0x00000044   Code   RO         4523    i.Ambient_Light_Malloc_Init  ambient_light_app.o
    0x0800185c   0x0800185c   0x00000050   Code   RO         4524    i.Ambient_Light_Set  ambient_light_app.o
    0x080018ac   0x080018ac   0x00000024   Code   RO         4525    i.Ambient_Timer_Cmp_Update  ambient_light_app.o
    0x080018d0   0x080018d0   0x000000c8   Code   RO         4123    i.Ambient_Timer_Init  universal_init.o
    0x08001998   0x08001998   0x0000000a   Code   RO         4526    i.Ambient_light_Start  ambient_light_app.o
    0x080019a2   0x080019a2   0x00000002   PAD
    0x080019a4   0x080019a4   0x000000f0   Code   RO         4454    i.Ambientlight_breath  led_others.o
    0x08001a94   0x08001a94   0x000000f4   Code   RO         4685    i.Beep_Ctrl_Pro     control_task.o
    0x08001b88   0x08001b88   0x00000078   Code   RO         4294    i.COM1_Task         user_com_task.o
    0x08001c00   0x08001c00   0x0000005c   Code   RO         4686    i.COM_Overtime_Check_Pro  control_task.o
    0x08001c5c   0x08001c5c   0x00000092   Code   RO         4861    i.Calculate_Value_By_Linertable  handletemperature.o
    0x08001cee   0x08001cee   0x0000001e   Code   RO         4252    i.CheckSum          parseframe.o
    0x08001d0c   0x08001d0c   0x00000044   Code   RO         4900    i.Check_IAP_Mode    stateupdate.o
    0x08001d50   0x08001d50   0x00000014   Code   RO         3997    i.ClearErrorByte    system_config.o
    0x08001d64   0x08001d64   0x00000020   Code   RO         4963    i.Clear_FIFO        fm175xx.o
    0x08001d84   0x08001d84   0x0000023c   Code   RO         5133    i.Command_Execute   reader_api.o
    0x08001fc0   0x08001fc0   0x00000012   Code   RO         4687    i.Control_Task      control_task.o
    0x08001fd2   0x08001fd2   0x00000002   PAD
    0x08001fd4   0x08001fd4   0x00000054   Code   RO         4328    i.DMA1_Channel2_3_IRQHandler  uart_3.o
    0x08002028   0x08002028   0x0000000c   Code   RO          362    i.DMA_ClearFlag     stm32f0xx_dma.o
    0x08002034   0x08002034   0x0000000c   Code   RO          363    i.DMA_ClearITPendingBit  stm32f0xx_dma.o
    0x08002040   0x08002040   0x0000001c   Code   RO          364    i.DMA_Cmd           stm32f0xx_dma.o
    0x0800205c   0x0800205c   0x000000d8   Code   RO          365    i.DMA_DeInit        stm32f0xx_dma.o
    0x08002134   0x08002134   0x0000001c   Code   RO          368    i.DMA_GetITStatus   stm32f0xx_dma.o
    0x08002150   0x08002150   0x00000014   Code   RO          369    i.DMA_ITConfig      stm32f0xx_dma.o
    0x08002164   0x08002164   0x00000040   Code   RO          370    i.DMA_Init          stm32f0xx_dma.o
    0x080021a4   0x080021a4   0x00000004   Code   RO          371    i.DMA_SetCurrDataCounter  stm32f0xx_dma.o
    0x080021a8   0x080021a8   0x0000001a   Code   RO          372    i.DMA_StructInit    stm32f0xx_dma.o
    0x080021c2   0x080021c2   0x00000002   PAD
    0x080021c4   0x080021c4   0x00000188   Code   RO         4416    i.Dis_4LED          dis_task.o
    0x0800234c   0x0800234c   0x00000004   Code   RO         3998    i.Disable_Interrupt  system_config.o
    0x08002350   0x08002350   0x0000003c   Code   RO         4417    i.Display_Task      dis_task.o
    0x0800238c   0x0800238c   0x00000020   Code   RO         5439    i.EXTI2_3_IRQHandler  spi.o
    0x080023ac   0x080023ac   0x0000000c   Code   RO          443    i.EXTI_ClearITPendingBit  stm32f0xx_exti.o
    0x080023b8   0x080023b8   0x00000044   Code   RO         5440    i.EXTI_Config       spi.o
    0x080023fc   0x080023fc   0x0000001c   Code   RO          447    i.EXTI_GetITStatus  stm32f0xx_exti.o
    0x08002418   0x08002418   0x00000088   Code   RO          448    i.EXTI_Init         stm32f0xx_exti.o
    0x080024a0   0x080024a0   0x00000004   Code   RO         3999    i.Enable_Interrupt  system_config.o
    0x080024a4   0x080024a4   0x00000054   Code   RO          506    i.FLASH_ErasePage   stm32f0xx_flash.o
    0x080024f8   0x080024f8   0x0000003c   Code   RO          509    i.FLASH_GetStatus   stm32f0xx_flash.o
    0x08002534   0x08002534   0x00000014   Code   RO          511    i.FLASH_Lock        stm32f0xx_flash.o
    0x08002548   0x08002548   0x00000044   Code   RO          530    i.FLASH_ProgramHalfWord  stm32f0xx_flash.o
    0x0800258c   0x0800258c   0x00000074   Code   RO          531    i.FLASH_ProgramWord  stm32f0xx_flash.o
    0x08002600   0x08002600   0x00000024   Code   RO          533    i.FLASH_Unlock      stm32f0xx_flash.o
    0x08002624   0x08002624   0x00000028   Code   RO          534    i.FLASH_WaitForLastOperation  stm32f0xx_flash.o
    0x0800264c   0x0800264c   0x0000002c   Code   RO         4964    i.FM175XX_HPD       fm175xx.o
    0x08002678   0x08002678   0x0000003c   Code   RO         4965    i.FM175XX_HardReset  fm175xx.o
    0x080026b4   0x080026b4   0x0000004e   Code   RO         5134    i.FM175XX_Initial_ReaderA  reader_api.o
    0x08002702   0x08002702   0x00000038   Code   RO         5136    i.FM175XX_Polling   reader_api.o
    0x0800273a   0x0800273a   0x00000018   Code   RO         4750    i.Flash_PagesMask   flash.o
    0x08002752   0x08002752   0x0000004a   Code   RO         4751    i.Flash_Prepared    flash.o
    0x0800279c   0x0800279c   0x00000014   Code   RO         4752    i.Flash_Read        flash.o
    0x080027b0   0x080027b0   0x00000050   Code   RO         4753    i.Flash_Write       flash.o
    0x08002800   0x08002800   0x00000062   Code   RO         4754    i.Flash_Write_Word  flash.o
    0x08002862   0x08002862   0x00000086   Code   RO         4253    i.FormatFrame       parseframe.o
    0x080028e8   0x080028e8   0x00000024   Code   RO         4688    i.FrontLightProcess  control_task.o
    0x0800290c   0x0800290c   0x00000090   Code   RO          708    i.GPIO_Init         stm32f0xx_gpio.o
    0x0800299c   0x0800299c   0x00000044   Code   RO          709    i.GPIO_PinAFConfig  stm32f0xx_gpio.o
    0x080029e0   0x080029e0   0x00000014   Code   RO          712    i.GPIO_ReadInputDataBit  stm32f0xx_gpio.o
    0x080029f4   0x080029f4   0x00000014   Code   RO          714    i.GPIO_ReadOutputDataBit  stm32f0xx_gpio.o
    0x08002a08   0x08002a08   0x00000004   Code   RO          715    i.GPIO_ResetBits    stm32f0xx_gpio.o
    0x08002a0c   0x08002a0c   0x00000004   Code   RO          716    i.GPIO_SetBits      stm32f0xx_gpio.o
    0x08002a10   0x08002a10   0x00000018   Code   RO          717    i.GPIO_StructInit   stm32f0xx_gpio.o
    0x08002a28   0x08002a28   0x00000080   Code   RO         4967    i.GetReg            fm175xx.o
    0x08002aa8   0x08002aa8   0x0000001c   Code   RO         4968    i.GetReg_Ext        fm175xx.o
    0x08002ac4   0x08002ac4   0x000000d0   Code   RO         4124    i.Get_RealVaule     universal_init.o
    0x08002b94   0x08002b94   0x0000007c   Code   RO         4455    i.Handle_RGB_Control  led_others.o
    0x08002c10   0x08002c10   0x00000044   Code   RO         4862    i.Handle_Temp_Ctr   handletemperature.o
    0x08002c54   0x08002c54   0x00000098   Code   RO         4128    i.Handle_Timer_Init  universal_init.o
    0x08002cec   0x08002cec   0x0000001e   Code   RO         4796    i.IAP_EraseSWFlash  iap.o
    0x08002d0a   0x08002d0a   0x00000002   PAD
    0x08002d0c   0x08002d0c   0x00000038   Code   RO         4797    i.IAP_Init          iap.o
    0x08002d44   0x08002d44   0x00000358   Code   RO         4798    i.IAP_ParseFrame    iap.o
    0x0800309c   0x0800309c   0x00000060   Code   RO         4799    i.IAP_Reset         iap.o
    0x080030fc   0x080030fc   0x00000034   Code   RO         4800    i.IAP_SaveFCtrlmap  iap.o
    0x08003130   0x08003130   0x000000c8   Code   RO         4801    i.IAP_decrypt       iap.o
    0x080031f8   0x080031f8   0x0000002c   Code   RO         4590    i.IIC_Init          iic.o
    0x08003224   0x08003224   0x0000003c   Code   RO         4592    i.IIC_PushFrame     iic.o
    0x08003260   0x08003260   0x000000c4   Code   RO         4595    i.IIC_Send_Byte     iic.o
    0x08003324   0x08003324   0x0000008c   Code   RO         4596    i.IIC_Send_Bytes    iic.o
    0x080033b0   0x080033b0   0x00000048   Code   RO         4597    i.IIC_Send_Command  iic.o
    0x080033f8   0x080033f8   0x0000008c   Code   RO         4598    i.IIC_Start         iic.o
    0x08003484   0x08003484   0x0000008c   Code   RO         4599    i.IIC_Stop          iic.o
    0x08003510   0x08003510   0x00000094   Code   RO         4600    i.IIC_Wait_Ack      iic.o
    0x080035a4   0x080035a4   0x00000054   Code   RO         4602    i.IicProcess        iic.o
    0x080035f8   0x080035f8   0x00000084   Code   RO         4000    i.InitAllPeripherals  system_config.o
    0x0800367c   0x0800367c   0x00000038   Code   RO         4418    i.Init_Show_Process  dis_task.o
    0x080036b4   0x080036b4   0x00000022   Code   RO         5137    i.JUDGE             reader_api.o
    0x080036d6   0x080036d6   0x00000002   PAD
    0x080036d8   0x080036d8   0x00000050   Code   RO         4456    i.LED_DMA_Refresh   led_others.o
    0x08003728   0x08003728   0x00000148   Code   RO         5138    i.LPCD_Read         reader_api.o
    0x08003870   0x08003870   0x00000040   Code   RO         4863    i.Linear_Table      handletemperature.o
    0x080038b0   0x080038b0   0x000000f4   Code   RO         5139    i.Lpcd_Calibrate_Driver  reader_api.o
    0x080039a4   0x080039a4   0x0000007c   Code   RO         5140    i.Lpcd_Calibrate_Reference  reader_api.o
    0x08003a20   0x08003a20   0x00000018   Code   RO         5141    i.Lpcd_Calibration_Backup  reader_api.o
    0x08003a38   0x08003a38   0x00000034   Code   RO         5142    i.Lpcd_Calibration_Event  reader_api.o
    0x08003a6c   0x08003a6c   0x00000050   Code   RO         5143    i.Lpcd_Calibration_Restore  reader_api.o
    0x08003abc   0x08003abc   0x0000004a   Code   RO         5144    i.Lpcd_Get_Calibration_Value  reader_api.o
    0x08003b06   0x08003b06   0x00000010   Code   RO         5145    i.Lpcd_Get_IRQ      reader_api.o
    0x08003b16   0x08003b16   0x00000030   Code   RO         5146    i.Lpcd_Get_Value    reader_api.o
    0x08003b46   0x08003b46   0x0000000e   Code   RO         5147    i.Lpcd_IRQ_Event    reader_api.o
    0x08003b54   0x08003b54   0x0000002a   Code   RO         5148    i.Lpcd_Init_Register  reader_api.o
    0x08003b7e   0x08003b7e   0x00000016   Code   RO         5149    i.Lpcd_Reset_Status  reader_api.o
    0x08003b94   0x08003b94   0x0000005e   Code   RO         5150    i.Lpcd_Set_Driver   reader_api.o
    0x08003bf2   0x08003bf2   0x00000014   Code   RO         5151    i.Lpcd_Set_Gain     reader_api.o
    0x08003c06   0x08003c06   0x0000001c   Code   RO         5152    i.Lpcd_Set_IE       reader_api.o
    0x08003c22   0x08003c22   0x00000014   Code   RO         5153    i.Lpcd_Set_IRQ_pin  reader_api.o
    0x08003c36   0x08003c36   0x00000022   Code   RO         5154    i.Lpcd_Set_Mode     reader_api.o
    0x08003c58   0x08003c58   0x0000002a   Code   RO         5155    i.Lpcd_Set_Reference  reader_api.o
    0x08003c82   0x08003c82   0x00000038   Code   RO         5156    i.Lpcd_Set_Threshold  reader_api.o
    0x08003cba   0x08003cba   0x00000002   PAD
    0x08003cbc   0x08003cbc   0x000000b8   Code   RO         5157    i.Lpcd_Set_Timer    reader_api.o
    0x08003d74   0x08003d74   0x0000003a   Code   RO         5158    i.Lpcd_WaitFor_Irq  reader_api.o
    0x08003dae   0x08003dae   0x00000002   PAD
    0x08003db0   0x08003db0   0x00000034   Code   RO         4901    i.MasterPowerCtrl   stateupdate.o
    0x08003de4   0x08003de4   0x000000b6   Code   RO         5057    i.Mifare_Auth       mifare.o
    0x08003e9a   0x08003e9a   0x00000062   Code   RO         5060    i.Mifare_Blockread  mifare.o
    0x08003efc   0x08003efc   0x00000098   Code   RO         5062    i.Mifare_Blockwrite  mifare.o
    0x08003f94   0x08003f94   0x00000032   Code   RO         4969    i.ModifyReg         fm175xx.o
    0x08003fc6   0x08003fc6   0x00000032   Code   RO         4970    i.ModifyReg_Ext     fm175xx.o
    0x08003ff8   0x08003ff8   0x00000088   Code   RO         4689    i.NFC_Card_ID_Pro   control_task.o
    0x08004080   0x08004080   0x00000048   Code   RO         4864    i.NTC_GET_Temperature  handletemperature.o
    0x080040c8   0x080040c8   0x00000032   Code   RO         4001    i.NVIC_Configuration  system_config.o
    0x080040fa   0x080040fa   0x00000002   PAD
    0x080040fc   0x080040fc   0x00000070   Code   RO         1121    i.NVIC_Init         stm32f0xx_misc.o
    0x0800416c   0x0800416c   0x00000030   Code   RO         4690    i.Normal_Tasks_Process  control_task.o
    0x0800419c   0x0800419c   0x0000004c   Code   RO         4691    i.Normal_Tasks_Remarks  control_task.o
    0x080041e8   0x080041e8   0x000001a8   Code   RO         4254    i.ParseFrame        parseframe.o
    0x08004390   0x08004390   0x0000009e   Code   RO         4002    i.Peripherals_Clock_Init  system_config.o
    0x0800442e   0x0800442e   0x00000002   PAD
    0x08004430   0x08004430   0x00000070   Code   RO         4457    i.PowerON_RGB       led_others.o
    0x080044a0   0x080044a0   0x00000022   Code   RO         4255    i.PushMiniFrame     parseframe.o
    0x080044c2   0x080044c2   0x00000002   PAD
    0x080044c4   0x080044c4   0x0000008c   Code   RO         4902    i.Query_Send_Data_Pro  stateupdate.o
    0x08004550   0x08004550   0x00000038   Code   RO         1227    i.RCC_ADCCLKConfig  stm32f0xx_rcc.o
    0x08004588   0x08004588   0x00000020   Code   RO         1228    i.RCC_AHBPeriphClockCmd  stm32f0xx_rcc.o
    0x080045a8   0x080045a8   0x00000020   Code   RO         1230    i.RCC_APB1PeriphClockCmd  stm32f0xx_rcc.o
    0x080045c8   0x080045c8   0x00000020   Code   RO         1231    i.RCC_APB1PeriphResetCmd  stm32f0xx_rcc.o
    0x080045e8   0x080045e8   0x00000020   Code   RO         1232    i.RCC_APB2PeriphClockCmd  stm32f0xx_rcc.o
    0x08004608   0x08004608   0x00000020   Code   RO         1233    i.RCC_APB2PeriphResetCmd  stm32f0xx_rcc.o
    0x08004628   0x08004628   0x000001f0   Code   RO         1242    i.RCC_GetClocksFreq  stm32f0xx_rcc.o
    0x08004818   0x08004818   0x000000fc   Code   RO         4458    i.RGB_Bit_Set       led_others.o
    0x08004914   0x08004914   0x00000038   Code   RO         4459    i.RGB_Buff_Init     led_others.o
    0x0800494c   0x0800494c   0x00000100   Code   RO         4460    i.RGB_Time_Init     led_others.o
    0x08004a4c   0x08004a4c   0x00000048   Code   RO         4003    i.ReadUniqueID      system_config.o
    0x08004a94   0x08004a94   0x000000c0   Code   RO         5160    i.ReaderA_AntiColl  reader_api.o
    0x08004b54   0x08004b54   0x00000080   Code   RO         5161    i.ReaderA_CardActivate  reader_api.o
    0x08004bd4   0x08004bd4   0x000000ac   Code   RO         5164    i.ReaderA_Select    reader_api.o
    0x08004c80   0x08004c80   0x00000060   Code   RO         5165    i.ReaderA_Wakeup    reader_api.o
    0x08004ce0   0x08004ce0   0x000000d0   Code   RO         5441    i.SPI1_Configuration  spi.o
    0x08004db0   0x08004db0   0x0000001c   Code   RO         1825    i.SPI_Cmd           stm32f0xx_spi.o
    0x08004dcc   0x08004dcc   0x00000006   Code   RO         1831    i.SPI_I2S_ClearFlag  stm32f0xx_spi.o
    0x08004dd2   0x08004dd2   0x00000014   Code   RO         1834    i.SPI_I2S_GetFlagStatus  stm32f0xx_spi.o
    0x08004de6   0x08004de6   0x00000002   PAD
    0x08004de8   0x08004de8   0x00000058   Code   RO         1839    i.SPI_Init          stm32f0xx_spi.o
    0x08004e40   0x08004e40   0x00000094   Code   RO         4971    i.SPI_Read_FIFO     fm175xx.o
    0x08004ed4   0x08004ed4   0x0000000c   Code   RO         1843    i.SPI_ReceiveData8  stm32f0xx_spi.o
    0x08004ee0   0x08004ee0   0x00000014   Code   RO         1844    i.SPI_RxFIFOThresholdConfig  stm32f0xx_spi.o
    0x08004ef4   0x08004ef4   0x0000000a   Code   RO         1846    i.SPI_SendData8     stm32f0xx_spi.o
    0x08004efe   0x08004efe   0x00000002   PAD
    0x08004f00   0x08004f00   0x00000070   Code   RO         4972    i.SPI_Write_FIFO    fm175xx.o
    0x08004f70   0x08004f70   0x00000002   Code   RO         5710    i.SVC_Handler       port.o
    0x08004f72   0x08004f72   0x00000002   PAD
    0x08004f74   0x08004f74   0x00000040   Code   RO         2023    i.SYSCFG_EXTILineConfig  stm32f0xx_syscfg.o
    0x08004fb4   0x08004fb4   0x0000001c   Code   RO         2026    i.SYSCFG_MemoryRemapConfig  stm32f0xx_syscfg.o
    0x08004fd0   0x08004fd0   0x00000104   Code   RO         4004    i.SaveFDatamap      system_config.o
    0x080050d4   0x080050d4   0x0000001c   Code   RO         4005    i.SetErrorByte      system_config.o
    0x080050f0   0x080050f0   0x00000020   Code   RO         5170    i.SetReceiveCRC     reader_api.o
    0x08005110   0x08005110   0x00000070   Code   RO         4973    i.SetReg            fm175xx.o
    0x08005180   0x08005180   0x00000020   Code   RO         4974    i.SetReg_Ext        fm175xx.o
    0x080051a0   0x080051a0   0x0000005c   Code   RO         5171    i.SetRf             reader_api.o
    0x080051fc   0x080051fc   0x00000020   Code   RO         5172    i.SetSendCRC        reader_api.o
    0x0800521c   0x0800521c   0x0000006c   Code   RO         5173    i.SetTimeOut        reader_api.o
    0x08005288   0x08005288   0x00000024   Code   RO         1123    i.SysTick_CLKSourceConfig  stm32f0xx_misc.o
    0x080052ac   0x080052ac   0x00000024   Code   RO         5711    i.SysTick_Handler   port.o
    0x080052d0   0x080052d0   0x000000d8   Code   RO         4006    i.SystemCoreClockConfigure  system_config.o
    0x080053a8   0x080053a8   0x000000b0   Code   RO         3677    i.SystemCoreClockUpdate  system_stm32f0xx.o
    0x08005458   0x08005458   0x00000074   Code   RO         3678    i.SystemInit        system_stm32f0xx.o
    0x080054cc   0x080054cc   0x0000001c   Code   RO         4129    i.TIM2_IRQHandler   universal_init.o
    0x080054e8   0x080054e8   0x0000001c   Code   RO         2085    i.TIM_ARRPreloadConfig  stm32f0xx_tim.o
    0x08005504   0x08005504   0x00000006   Code   RO         2091    i.TIM_ClearFlag     stm32f0xx_tim.o
    0x0800550a   0x0800550a   0x00000006   Code   RO         2092    i.TIM_ClearITPendingBit  stm32f0xx_tim.o
    0x08005510   0x08005510   0x0000001c   Code   RO         2097    i.TIM_Cmd           stm32f0xx_tim.o
    0x0800552c   0x0800552c   0x00000022   Code   RO         2099    i.TIM_CtrlPWMOutputs  stm32f0xx_tim.o
    0x0800554e   0x0800554e   0x00000014   Code   RO         2100    i.TIM_DMACmd        stm32f0xx_tim.o
    0x08005562   0x08005562   0x00000002   PAD
    0x08005564   0x08005564   0x00000104   Code   RO         2102    i.TIM_DeInit        stm32f0xx_tim.o
    0x08005668   0x08005668   0x00000026   Code   RO         2118    i.TIM_GetITStatus   stm32f0xx_tim.o
    0x0800568e   0x0800568e   0x00000014   Code   RO         2122    i.TIM_ITConfig      stm32f0xx_tim.o
    0x080056a2   0x080056a2   0x00000002   PAD
    0x080056a4   0x080056a4   0x00000094   Code   RO         2126    i.TIM_OC1Init       stm32f0xx_tim.o
    0x08005738   0x08005738   0x00000018   Code   RO         2129    i.TIM_OC1PreloadConfig  stm32f0xx_tim.o
    0x08005750   0x08005750   0x000000ac   Code   RO         2131    i.TIM_OC2Init       stm32f0xx_tim.o
    0x080057fc   0x080057fc   0x00000018   Code   RO         2134    i.TIM_OC2PreloadConfig  stm32f0xx_tim.o
    0x08005814   0x08005814   0x00000098   Code   RO         2136    i.TIM_OC3Init       stm32f0xx_tim.o
    0x080058ac   0x080058ac   0x00000018   Code   RO         2139    i.TIM_OC3PreloadConfig  stm32f0xx_tim.o
    0x080058c4   0x080058c4   0x00000014   Code   RO         2144    i.TIM_OCStructInit  stm32f0xx_tim.o
    0x080058d8   0x080058d8   0x00000004   Code   RO         2160    i.TIM_SetCompare1   stm32f0xx_tim.o
    0x080058dc   0x080058dc   0x00000004   Code   RO         2161    i.TIM_SetCompare2   stm32f0xx_tim.o
    0x080058e0   0x080058e0   0x00000004   Code   RO         2162    i.TIM_SetCompare3   stm32f0xx_tim.o
    0x080058e4   0x080058e4   0x0000007c   Code   RO         2170    i.TIM_TimeBaseInit  stm32f0xx_tim.o
    0x08005960   0x08005960   0x00000012   Code   RO         2171    i.TIM_TimeBaseStructInit  stm32f0xx_tim.o
    0x08005972   0x08005972   0x00000002   PAD
    0x08005974   0x08005974   0x00000134   Code   RO         5174    i.TYPE_A_EVENT      reader_api.o
    0x08005aa8   0x08005aa8   0x00000038   Code   RO         4130    i.Timer2Init        universal_init.o
    0x08005ae0   0x08005ae0   0x0000008c   Code   RO         4329    i.UART3_CheckReceive  uart_3.o
    0x08005b6c   0x08005b6c   0x00000060   Code   RO         4330    i.UART3_CheckSend   uart_3.o
    0x08005bcc   0x08005bcc   0x000000d4   Code   RO         4331    i.UART3_DMAConfiguration  uart_3.o
    0x08005ca0   0x08005ca0   0x0000002c   Code   RO         4332    i.UART3_DmaSend     uart_3.o
    0x08005ccc   0x08005ccc   0x0000000c   Code   RO         4333    i.UART3_InitVariables  uart_3.o
    0x08005cd8   0x08005cd8   0x00000090   Code   RO         4334    i.UART3_Int         uart_3.o
    0x08005d68   0x08005d68   0x00000118   Code   RO         4335    i.UART3_ParseData   uart_3.o
    0x08005e80   0x08005e80   0x000000a4   Code   RO         4337    i.UART3_PushFrame   uart_3.o
    0x08005f24   0x08005f24   0x00000040   Code   RO         4338    i.UART3_SetPinToRx  uart_3.o
    0x08005f64   0x08005f64   0x00000040   Code   RO         4339    i.UART3_SetPinToTx  uart_3.o
    0x08005fa4   0x08005fa4   0x00000018   Code   RO         3375    i.USART_Cmd         stm32f0xx_usart.o
    0x08005fbc   0x08005fbc   0x00000014   Code   RO         3378    i.USART_DMACmd      stm32f0xx_usart.o
    0x08005fd0   0x08005fd0   0x0000007c   Code   RO         3381    i.USART_DeInit      stm32f0xx_usart.o
    0x0800604c   0x0800604c   0x00000018   Code   RO         3385    i.USART_HalfDuplexCmd  stm32f0xx_usart.o
    0x08006064   0x08006064   0x000000e8   Code   RO         3387    i.USART_Init        stm32f0xx_usart.o
    0x0800614c   0x0800614c   0x0000006c   Code   RO         4007    i.Variables_Init    system_config.o
    0x080061b8   0x080061b8   0x00000168   Code   RO         4692    i.Wireless_Power_Ctr_Handler  control_task.o
    0x08006320   0x08006320   0x0000001c   Code   RO         4678    i.__ARM_common_switch8  iic.o
    0x0800633c   0x0800633c   0x0000000e   Code   RO         6636    i.__scatterload_copy  mc_p.l(handlers.o)
    0x0800634a   0x0800634a   0x00000002   Code   RO         6637    i.__scatterload_null  mc_p.l(handlers.o)
    0x0800634c   0x0800634c   0x0000000e   Code   RO         6638    i.__scatterload_zeroinit  mc_p.l(handlers.o)
    0x0800635a   0x0800635a   0x00000002   PAD
    0x0800635c   0x0800635c   0x0000002c   Code   RO         5175    i.check_NFC_key     reader_api.o
    0x08006388   0x08006388   0x00000054   Code   RO         4008    i.delay_init        system_config.o
    0x080063dc   0x080063dc   0x00000048   Code   RO         4010    i.delay_us          system_config.o
    0x08006424   0x08006424   0x00000040   Code   RO         6026    i.eTaskConfirmSleepModeStatus  tasks.o
    0x08006464   0x08006464   0x00000050   Code   RO         4205    i.gpioGetInput      gpio.o
    0x080064b4   0x080064b4   0x00000028   Code   RO         4206    i.gpioGetOutput     gpio.o
    0x080064dc   0x080064dc   0x00000028   Code   RO         4207    i.gpioInitialize    gpio.o
    0x08006504   0x08006504   0x0000003c   Code   RO         4208    i.gpioSetOutput     gpio.o
    0x08006540   0x08006540   0x00000030   Code   RO         4209    i.gpioSetToggle     gpio.o
    0x08006570   0x08006570   0x00000038   Code   RO         4975    i.mDelay            fm175xx.o
    0x080065a8   0x080065a8   0x00000044   Code   RO         3713    i.main              main.o
    0x080065ec   0x080065ec   0x00000040   Code   RO         4903    i.powerCtrl         stateupdate.o
    0x0800662c   0x0800662c   0x00000088   Code   RO         6029    i.prvAddCurrentTaskToDelayedList  tasks.o
    0x080066b4   0x080066b4   0x000000ac   Code   RO         6030    i.prvAddNewTaskToReadyList  tasks.o
    0x08006760   0x08006760   0x00000050   Code   RO         6444    i.prvCheckForValidListAndQueue  timers.o
    0x080067b0   0x080067b0   0x00000048   Code   RO         6031    i.prvCheckTasksWaitingTermination  tasks.o
    0x080067f8   0x080067f8   0x0000002c   Code   RO         5786    i.prvCopyDataFromQueue  queue.o
    0x08006824   0x08006824   0x00000080   Code   RO         5787    i.prvCopyDataToQueue  queue.o
    0x080068a4   0x080068a4   0x00000012   Code   RO         6032    i.prvDeleteTCB      tasks.o
    0x080068b6   0x080068b6   0x00000002   PAD
    0x080068b8   0x080068b8   0x00000050   Code   RO         6033    i.prvGetExpectedIdleTime  tasks.o
    0x08006908   0x08006908   0x0000002c   Code   RO         6445    i.prvGetNextExpireTime  timers.o
    0x08006934   0x08006934   0x0000007c   Code   RO         5654    i.prvHeapInit       heap_4.o
    0x080069b0   0x080069b0   0x00000050   Code   RO         6034    i.prvIdleTask       tasks.o
    0x08006a00   0x08006a00   0x00000030   Code   RO         5790    i.prvInitialiseNewQueue  queue.o
    0x08006a30   0x08006a30   0x000000c0   Code   RO         6035    i.prvInitialiseNewTask  tasks.o
    0x08006af0   0x08006af0   0x00000064   Code   RO         6036    i.prvInitialiseTaskLists  tasks.o
    0x08006b54   0x08006b54   0x00000068   Code   RO         5655    i.prvInsertBlockIntoFreeList  heap_4.o
    0x08006bbc   0x08006bbc   0x00000054   Code   RO         6447    i.prvInsertTimerInActiveList  timers.o
    0x08006c10   0x08006c10   0x0000001c   Code   RO         5791    i.prvIsQueueEmpty   queue.o
    0x08006c2c   0x08006c2c   0x0000001e   Code   RO         5792    i.prvIsQueueFull    queue.o
    0x08006c4a   0x08006c4a   0x00000076   Code   RO         5793    i.prvNotifyQueueSetContainer  queue.o
    0x08006cc0   0x08006cc0   0x00000068   Code   RO         6448    i.prvProcessExpiredTimer  timers.o
    0x08006d28   0x08006d28   0x00000144   Code   RO         6449    i.prvProcessReceivedCommands  timers.o
    0x08006e6c   0x08006e6c   0x0000006c   Code   RO         6450    i.prvProcessTimerOrBlockTask  timers.o
    0x08006ed8   0x08006ed8   0x00000038   Code   RO         6038    i.prvResetNextTaskUnblockTime  tasks.o
    0x08006f10   0x08006f10   0x0000002c   Code   RO         6451    i.prvSampleTimeNow  timers.o
    0x08006f3c   0x08006f3c   0x00000094   Code   RO         6452    i.prvSwitchTimerLists  timers.o
    0x08006fd0   0x08006fd0   0x00000024   Code   RO         5712    i.prvTaskExitError  port.o
    0x08006ff4   0x08006ff4   0x0000001a   Code   RO         6453    i.prvTimerTask      timers.o
    0x0800700e   0x0800700e   0x000000a4   Code   RO         5794    i.prvUnlockQueue    queue.o
    0x080070b2   0x080070b2   0x00000002   PAD
    0x080070b4   0x080070b4   0x0000012c   Code   RO         5656    i.pvPortMalloc      heap_4.o
    0x080071e0   0x080071e0   0x00000020   Code   RO         5713    i.pxPortInitialiseStack  port.o
    0x08007200   0x08007200   0x000000a4   Code   RO         3714    i.start_task        main.o
    0x080072a4   0x080072a4   0x000001dc   Code   RO         4940    i.turnLightProcess  turnlightprocess.o
    0x08007480   0x08007480   0x00000016   Code   RO         5176    i.uDelay            reader_api.o
    0x08007496   0x08007496   0x00000028   Code   RO         5618    i.uxListRemove      list.o
    0x080074be   0x080074be   0x0000001a   Code   RO         5619    i.vListInitialise   list.o
    0x080074d8   0x080074d8   0x00000006   Code   RO         5620    i.vListInitialiseItem  list.o
    0x080074de   0x080074de   0x00000036   Code   RO         5621    i.vListInsert       list.o
    0x08007514   0x08007514   0x00000018   Code   RO         5622    i.vListInsertEnd    list.o
    0x0800752c   0x0800752c   0x0000001c   Code   RO         5715    i.vPortEnterCritical  port.o
    0x08007548   0x08007548   0x00000028   Code   RO         5716    i.vPortExitCritical  port.o
    0x08007570   0x08007570   0x00000090   Code   RO         5657    i.vPortFree         heap_4.o
    0x08007600   0x08007600   0x00000060   Code   RO         5717    i.vPortSetupTimerInterrupt  port.o
    0x08007660   0x08007660   0x00000144   Code   RO         5718    i.vPortSuppressTicksAndSleep  port.o
    0x080077a4   0x080077a4   0x00000018   Code   RO         5719    i.vPortYield        port.o
    0x080077bc   0x080077bc   0x0000004c   Code   RO         5802    i.vQueueWaitForMessageRestricted  queue.o
    0x08007808   0x08007808   0x00000044   Code   RO         6053    i.vTaskDelay        tasks.o
    0x0800784c   0x0800784c   0x000000b4   Code   RO         6055    i.vTaskDelete       tasks.o
    0x08007900   0x08007900   0x00000018   Code   RO         6058    i.vTaskInternalSetTimeOutState  tasks.o
    0x08007918   0x08007918   0x0000000c   Code   RO         6059    i.vTaskMissedYield  tasks.o
    0x08007924   0x08007924   0x0000002c   Code   RO         6061    i.vTaskPlaceOnEventList  tasks.o
    0x08007950   0x08007950   0x00000034   Code   RO         6062    i.vTaskPlaceOnEventListRestricted  tasks.o
    0x08007984   0x08007984   0x00000078   Code   RO         6070    i.vTaskStartScheduler  tasks.o
    0x080079fc   0x080079fc   0x00000034   Code   RO         6071    i.vTaskStepTick     tasks.o
    0x08007a30   0x08007a30   0x00000010   Code   RO         6073    i.vTaskSuspendAll   tasks.o
    0x08007a40   0x08007a40   0x00000080   Code   RO         6074    i.vTaskSwitchContext  tasks.o
    0x08007ac0   0x08007ac0   0x00000038   Code   RO         5720    i.xPortStartScheduler  port.o
    0x08007af8   0x08007af8   0x0000004c   Code   RO         5807    i.xQueueGenericCreate  queue.o
    0x08007b44   0x08007b44   0x00000082   Code   RO         5808    i.xQueueGenericReset  queue.o
    0x08007bc6   0x08007bc6   0x0000017e   Code   RO         5809    i.xQueueGenericSend  queue.o
    0x08007d44   0x08007d44   0x000000e4   Code   RO         5810    i.xQueueGenericSendFromISR  queue.o
    0x08007e28   0x08007e28   0x00000138   Code   RO         5819    i.xQueueReceive     queue.o
    0x08007f60   0x08007f60   0x00000090   Code   RO         6077    i.xTaskCheckForTimeOut  tasks.o
    0x08007ff0   0x08007ff0   0x0000005c   Code   RO         6078    i.xTaskCreate       tasks.o
    0x0800804c   0x0800804c   0x00000024   Code   RO         6084    i.xTaskGetSchedulerState  tasks.o
    0x08008070   0x08008070   0x0000000c   Code   RO         6085    i.xTaskGetTickCount  tasks.o
    0x0800807c   0x0800807c   0x0000013c   Code   RO         6087    i.xTaskIncrementTick  tasks.o
    0x080081b8   0x080081b8   0x00000088   Code   RO         6090    i.xTaskPriorityDisinherit  tasks.o
    0x08008240   0x08008240   0x0000008c   Code   RO         6092    i.xTaskRemoveFromEventList  tasks.o
    0x080082cc   0x080082cc   0x000000f0   Code   RO         6093    i.xTaskResumeAll    tasks.o
    0x080083bc   0x080083bc   0x00000048   Code   RO         6461    i.xTimerCreateTimerTask  timers.o
    0x08008404   0x08008404   0x00000074   Code   RO         6462    i.xTimerGenericCommand  timers.o
    0x08008478   0x08008478   0x0000001f   Data   RO         5178    .constdata          reader_api.o
    0x08008497   0x08008497   0x00000001   PAD
    0x08008498   0x08008498   0x00000020   Data   RO         6634    Region$$Table       anon$$obj.o


    Execution Region RW_IRAM1 (Exec base: 0x200000c0, Load base: 0x080084b8, Size: 0x00002c08, Max: 0x00004000, ABSOLUTE, COMPRESSED[0x0000012c])

    Exec Addr    Load Addr    Size         Type   Attr      Idx    E Section Name        Object

    0x200000c0   COMPRESSED   0x00000008   Data   RW          535    .data               stm32f0xx_flash.o
    0x200000c8   COMPRESSED   0x00000010   Data   RW         1268    .data               stm32f0xx_rcc.o
    0x200000d8   COMPRESSED   0x00000014   Data   RW         3679    .data               system_stm32f0xx.o
    0x200000ec   COMPRESSED   0x00000010   Data   RW         3716    .data               main.o
    0x200000fc   COMPRESSED   0x00000005   Data   RW         4012    .data               system_config.o
    0x20000101   COMPRESSED   0x00000003   PAD
    0x20000104   COMPRESSED   0x000000e0   Data   RW         4211    .data               gpio.o
    0x200001e4   COMPRESSED   0x00000005   Data   RW         4296    .data               user_com_task.o
    0x200001e9   COMPRESSED   0x00000003   PAD
    0x200001ec   COMPRESSED   0x00000014   Data   RW         4342    .data               uart_3.o
    0x20000200   COMPRESSED   0x00000005   Data   RW         4420    .data               dis_task.o
    0x20000205   COMPRESSED   0x00000001   PAD
    0x20000206   COMPRESSED   0x0000000b   Data   RW         4463    .data               led_others.o
    0x20000211   COMPRESSED   0x00000001   PAD
    0x20000212   COMPRESSED   0x0000000a   Data   RW         4529    .data               ambient_light_app.o
    0x2000021c   COMPRESSED   0x00000007   Data   RW         4605    .data               iic.o
    0x20000223   COMPRESSED   0x00000001   PAD
    0x20000224   COMPRESSED   0x0000006a   Data   RW         4694    .data               control_task.o
    0x2000028e   COMPRESSED   0x00000002   PAD
    0x20000290   COMPRESSED   0x0000001c   Data   RW         4806    .data               iap.o
    0x200002ac   COMPRESSED   0x0000006c   Data   RW         4866    .data               handletemperature.o
    0x20000318   COMPRESSED   0x00000004   Data   RW         4905    .data               stateupdate.o
    0x2000031c   COMPRESSED   0x0000000a   Data   RW         4942    .data               turnlightprocess.o
    0x20000326   COMPRESSED   0x000000e3   Data   RW         5068    .data               mifare.o
    0x20000409   COMPRESSED   0x00000003   PAD
    0x2000040c   COMPRESSED   0x00000014   Data   RW         5179    .data               reader_api.o
    0x20000420   COMPRESSED   0x0000000a   Data   RW         5475    .data               variable.o
    0x2000042a   COMPRESSED   0x00000002   PAD
    0x2000042c   COMPRESSED   0x00000020   Data   RW         5663    .data               heap_4.o
    0x2000044c   COMPRESSED   0x00000010   Data   RW         5721    .data               port.o
    0x2000045c   COMPRESSED   0x0000003c   Data   RW         6096    .data               tasks.o
    0x20000498   COMPRESSED   0x00000014   Data   RW         6470    .data               timers.o
    0x200004ac        -       0x00000060   Zero   RW         4131    .bss                universal_init.o
    0x2000050c        -       0x000003b6   Zero   RW         4340    .bss                uart_3.o
    0x200008c2        -       0x00000058   Zero   RW         4461    .bss                led_others.o
    0x2000091a   COMPRESSED   0x00000002   PAD
    0x2000091c        -       0x00000028   Zero   RW         4527    .bss                ambient_light_app.o
    0x20000944        -       0x00000018   Zero   RW         4603    .bss                iic.o
    0x2000095c        -       0x000000fc   Zero   RW         4804    .bss                iap.o
    0x20000a58        -       0x00000020   Zero   RW         5066    .bss                mifare.o
    0x20000a78        -       0x00000056   Zero   RW         5177    .bss                reader_api.o
    0x20000ace        -       0x000000a6   Zero   RW         5473    .bss                variable.o
    0x20000b74        -       0x00001400   Zero   RW         5662    .bss                heap_4.o
    0x20001f74        -       0x0000012c   Zero   RW         6095    .bss                tasks.o
    0x200020a0        -       0x00000028   Zero   RW         6469    .bss                timers.o
    0x200020c8        -       0x00000c00   Zero   RW            1    STACK               startup_stm32f072.o


==============================================================================

Image component sizes


      Code (inc. data)   RO Data    RW Data    ZI Data      Debug   Object Name

       860         52          0         10         40       6560   ambient_light_app.o
      1010        102          0        106          0       5211   control_task.o
       508         32          0          5          0       2002   dis_task.o
       296          0          0          0          0       4045   flash.o
       852         32          0          0          0       7089   fm175xx.o
       268         28          0        224          0       3372   gpio.o
       350         16          0        108          0       4039   handletemperature.o
       672         72          0         32       5120       4319   heap_4.o
      1290        114         16         28        252       6331   iap.o
      1052         66          0          7         24       7360   iic.o
      1134         84          0         11         88       5663   led_others.o
       150          0          0          0          0       3138   list.o
       232         90          0         16          0     229906   main.o
       432          0          0        227         32       3711   mifare.o
       622         14          0          0          0       3542   parseframe.o
       794         92          0         16          0       8140   port.o
      1764          0          0          0          0      14955   queue.o
      3572        176         31         20         86      26213   reader_api.o
       308         22          0          0          0       1620   spi.o
        28          8        192          0       3072        716   startup_stm32f072.o
       324         38          0          4          0       2041   stateupdate.o
       298          8          0          0          0       6330   stm32f0xx_adc.o
         0          0          0          0          0     228076   stm32f0xx_crc.o
       410         36          0          0          0       6125   stm32f0xx_dma.o
       176         16          0          0          0       2116   stm32f0xx_exti.o
       424         46          0          8          0       4821   stm32f0xx_flash.o
       284          4          0          0          0       4666   stm32f0xx_gpio.o
       148         10          0          0          0       1490   stm32f0xx_misc.o
       712         52          0         16          0       5283   stm32f0xx_rcc.o
       184         20          0          0          0       4576   stm32f0xx_spi.o
        92          8          0          0          0       1223   stm32f0xx_syscfg.o
      1158        170          0          0          0      13121   stm32f0xx_tim.o
       424         34          0          0          0       3865   stm32f0xx_usart.o
      1208        124          0          5          0      10260   system_config.o
       292         34          0         20          0       1889   system_stm32f0xx.o
      2782        422          0         60        300      24862   tasks.o
      1150        102          0         20         40      11747   timers.o
       476         34          0         10          0       1691   turnlightprocess.o
      1304        146          0         20        950       7757   uart_3.o
      1076         78          0          0         96       5612   universal_init.o
       120         18          0          5          0       6701   user_com_task.o
         0          0          0         10        166       4916   variable.o

    ----------------------------------------------------------------------
     29272       2400        272       1004      10268     707100   Object Totals
         0          0         32          0          0          0   (incl. Generated)
        36          0          1         16          2          0   (incl. Padding)

    ----------------------------------------------------------------------

      Code (inc. data)   RO Data    RW Data    ZI Data      Debug   Library Member Name

        86          0          0          0          0          0   __dczerorl2.o
         0          0          0          0          0          0   entry.o
         0          0          0          0          0          0   entry10a.o
         0          0          0          0          0          0   entry11a.o
         4          0          0          0          0          0   entry12b.o
         8          4          0          0          0          0   entry2.o
         4          0          0          0          0          0   entry5.o
         0          0          0          0          0          0   entry7b.o
         0          0          0          0          0          0   entry8b.o
         8          4          0          0          0          0   entry9a.o
        30          0          0          0          0          0   handlers.o
        40          0          0          0          0         72   idiv.o
        36          8          0          0          0         68   init.o
        36          0          0          0          0         60   memcpya.o
        36          0          0          0          0        100   memseta.o
        44          0          0          0          0         72   uidiv.o

    ----------------------------------------------------------------------
       336         16          0          0          0        372   Library Totals
         4          0          0          0          0          0   (incl. Padding)

    ----------------------------------------------------------------------

      Code (inc. data)   RO Data    RW Data    ZI Data      Debug   Library Name

       332         16          0          0          0        372   mc_p.l

    ----------------------------------------------------------------------
       336         16          0          0          0        372   Library Totals

    ----------------------------------------------------------------------

==============================================================================


      Code (inc. data)   RO Data    RW Data    ZI Data      Debug   

     29608       2416        272       1004      10268     694092   Grand Totals
     29608       2416        272        300      10268     694092   ELF Image Totals (compressed)
     29608       2416        272        300          0          0   ROM Totals

==============================================================================

    Total RO  Size (Code + RO Data)                29880 (  29.18kB)
    Total RW  Size (RW Data + ZI Data)             11272 (  11.01kB)
    Total ROM Size (Code + RO Data + RW Data)      30180 (  29.47kB)

==============================================================================

