Component: ARM Compiler 5.06 update 7 (build 960) Tool: armlink [4d3601]

==============================================================================

Section Cross References

    startup_stm32f072.o(RESET) refers to startup_stm32f072.o(STACK) for __initial_sp
    startup_stm32f072.o(RESET) refers to startup_stm32f072.o(.text) for Reset_Handler
    startup_stm32f072.o(RESET) refers to port.o(i.SVC_Handler) for SVC_Handler
    startup_stm32f072.o(RESET) refers to port.o(.emb_text) for PendSV_Handler
    startup_stm32f072.o(RESET) refers to port.o(i.SysTick_Handler) for SysTick_Handler
    startup_stm32f072.o(RESET) refers to spi.o(i.EXTI2_3_IRQHandler) for EXTI2_3_IRQHandler
    startup_stm32f072.o(RESET) refers to uart_3.o(i.DMA1_Channel2_3_IRQHandler) for DMA1_Channel2_3_IRQHandler
    startup_stm32f072.o(RESET) refers to led_others.o(i.DMA1_Channel4_5_6_7_IRQHandler) for DMA1_Channel4_5_6_7_IRQHandler
    startup_stm32f072.o(RESET) refers to universal_init.o(i.TIM2_IRQHandler) for TIM2_IRQHandler
    startup_stm32f072.o(.text) refers to system_stm32f0xx.o(i.SystemInit) for SystemInit
    startup_stm32f072.o(.text) refers to entry.o(.ARM.Collect$$$$00000000) for __main
    stm32f0xx_dac.o(i.DAC_DeInit) refers to stm32f0xx_rcc.o(i.RCC_APB1PeriphResetCmd) for RCC_APB1PeriphResetCmd
    stm32f0xx_flash.o(i.FLASH_EraseAllPages) refers to stm32f0xx_flash.o(i.FLASH_WaitForLastOperation) for FLASH_WaitForLastOperation
    stm32f0xx_flash.o(i.FLASH_ErasePage) refers to stm32f0xx_flash.o(i.FLASH_WaitForLastOperation) for FLASH_WaitForLastOperation
    stm32f0xx_flash.o(i.FLASH_ErasePage) refers to stm32f0xx_flash.o(.data) for temp_address
    stm32f0xx_flash.o(i.FLASH_OB_BOOT0Config) refers to stm32f0xx_flash.o(i.FLASH_WaitForLastOperation) for FLASH_WaitForLastOperation
    stm32f0xx_flash.o(i.FLASH_OB_BOOT0SWConfig) refers to stm32f0xx_flash.o(i.FLASH_WaitForLastOperation) for FLASH_WaitForLastOperation
    stm32f0xx_flash.o(i.FLASH_OB_BOOTConfig) refers to stm32f0xx_flash.o(i.FLASH_WaitForLastOperation) for FLASH_WaitForLastOperation
    stm32f0xx_flash.o(i.FLASH_OB_EnableWRP) refers to stm32f0xx_flash.o(i.FLASH_WaitForLastOperation) for FLASH_WaitForLastOperation
    stm32f0xx_flash.o(i.FLASH_OB_Erase) refers to stm32f0xx_flash.o(i.FLASH_OB_GetRDP) for FLASH_OB_GetRDP
    stm32f0xx_flash.o(i.FLASH_OB_Erase) refers to stm32f0xx_flash.o(i.FLASH_WaitForLastOperation) for FLASH_WaitForLastOperation
    stm32f0xx_flash.o(i.FLASH_OB_ProgramData) refers to stm32f0xx_flash.o(i.FLASH_WaitForLastOperation) for FLASH_WaitForLastOperation
    stm32f0xx_flash.o(i.FLASH_OB_RDPConfig) refers to stm32f0xx_flash.o(i.FLASH_WaitForLastOperation) for FLASH_WaitForLastOperation
    stm32f0xx_flash.o(i.FLASH_OB_SRAMParityConfig) refers to stm32f0xx_flash.o(i.FLASH_WaitForLastOperation) for FLASH_WaitForLastOperation
    stm32f0xx_flash.o(i.FLASH_OB_UserConfig) refers to stm32f0xx_flash.o(i.FLASH_WaitForLastOperation) for FLASH_WaitForLastOperation
    stm32f0xx_flash.o(i.FLASH_OB_VDDAConfig) refers to stm32f0xx_flash.o(i.FLASH_WaitForLastOperation) for FLASH_WaitForLastOperation
    stm32f0xx_flash.o(i.FLASH_OB_WriteUser) refers to stm32f0xx_flash.o(i.FLASH_WaitForLastOperation) for FLASH_WaitForLastOperation
    stm32f0xx_flash.o(i.FLASH_ProgramHalfWord) refers to stm32f0xx_flash.o(i.FLASH_WaitForLastOperation) for FLASH_WaitForLastOperation
    stm32f0xx_flash.o(i.FLASH_ProgramWord) refers to stm32f0xx_flash.o(i.FLASH_WaitForLastOperation) for FLASH_WaitForLastOperation
    stm32f0xx_flash.o(i.FLASH_ProgramWord) refers to stm32f0xx_flash.o(.data) for temp_Address
    stm32f0xx_flash.o(i.FLASH_WaitForLastOperation) refers to stm32f0xx_flash.o(i.FLASH_GetStatus) for FLASH_GetStatus
    stm32f0xx_gpio.o(i.GPIO_DeInit) refers to stm32f0xx_rcc.o(i.RCC_AHBPeriphResetCmd) for RCC_AHBPeriphResetCmd
    stm32f0xx_i2c.o(i.I2C_DeInit) refers to stm32f0xx_rcc.o(i.RCC_APB1PeriphResetCmd) for RCC_APB1PeriphResetCmd
    stm32f0xx_pwr.o(i.PWR_DeInit) refers to stm32f0xx_rcc.o(i.RCC_APB1PeriphResetCmd) for RCC_APB1PeriphResetCmd
    stm32f0xx_rcc.o(i.RCC_GetClocksFreq) refers to uidiv.o(.text) for __aeabi_uidivmod
    stm32f0xx_rcc.o(i.RCC_GetClocksFreq) refers to stm32f0xx_rcc.o(.data) for APBAHBPrescTable
    stm32f0xx_rcc.o(i.RCC_WaitForHSEStartUp) refers to stm32f0xx_rcc.o(i.RCC_GetFlagStatus) for RCC_GetFlagStatus
    stm32f0xx_rtc.o(i.RTC_DeInit) refers to stm32f0xx_rtc.o(i.RTC_EnterInitMode) for RTC_EnterInitMode
    stm32f0xx_rtc.o(i.RTC_DeInit) refers to stm32f0xx_rtc.o(i.RTC_WaitForSynchro) for RTC_WaitForSynchro
    stm32f0xx_rtc.o(i.RTC_GetAlarm) refers to stm32f0xx_rtc.o(i.RTC_Bcd2ToByte) for RTC_Bcd2ToByte
    stm32f0xx_rtc.o(i.RTC_GetDate) refers to stm32f0xx_rtc.o(i.RTC_Bcd2ToByte) for RTC_Bcd2ToByte
    stm32f0xx_rtc.o(i.RTC_GetTime) refers to stm32f0xx_rtc.o(i.RTC_Bcd2ToByte) for RTC_Bcd2ToByte
    stm32f0xx_rtc.o(i.RTC_GetTimeStamp) refers to stm32f0xx_rtc.o(i.RTC_Bcd2ToByte) for RTC_Bcd2ToByte
[...]
    xNumberOfSuccessfulFrees                 0x20000434   Data           4  heap_4.o(.data)
    xBlockAllocatedBit                       0x20000438   Data           4  heap_4.o(.data)
    .data                                    0x2000043c   Section       16  port.o(.data)
    uxCriticalNesting                        0x2000043c   Data           4  port.o(.data)
    ulTimerCountsForOneTick                  0x20000440   Data           4  port.o(.data)
    xMaximumPossibleSuppressedTicks          0x20000444   Data           4  port.o(.data)
    ulStoppedTimerCompensation               0x20000448   Data           4  port.o(.data)
    .data                                    0x2000044c   Section       60  tasks.o(.data)
    pxDelayedTaskList                        0x20000450   Data           4  tasks.o(.data)
    pxOverflowDelayedTaskList                0x20000454   Data           4  tasks.o(.data)
    uxDeletedTasksWaitingCleanUp             0x20000458   Data           4  tasks.o(.data)
    uxCurrentNumberOfTasks                   0x2000045c   Data           4  tasks.o(.data)
    xTickCount                               0x20000460   Data           4  tasks.o(.data)
    uxTopReadyPriority                       0x20000464   Data           4  tasks.o(.data)
    xSchedulerRunning                        0x20000468   Data           4  tasks.o(.data)
    xPendedTicks                             0x2000046c   Data           4  tasks.o(.data)
    xYieldPending                            0x20000470   Data           4  tasks.o(.data)
    xNumOfOverflows                          0x20000474   Data           4  tasks.o(.data)
    uxTaskNumber                             0x20000478   Data           4  tasks.o(.data)
    xNextTaskUnblockTime                     0x2000047c   Data           4  tasks.o(.data)
    xIdleTaskHandle                          0x20000480   Data           4  tasks.o(.data)
    uxSchedulerSuspended                     0x20000484   Data           4  tasks.o(.data)
    .data                                    0x20000488   Section       20  timers.o(.data)
    pxCurrentTimerList                       0x20000488   Data           4  timers.o(.data)
    pxOverflowTimerList                      0x2000048c   Data           4  timers.o(.data)
    xTimerQueue                              0x20000490   Data           4  timers.o(.data)
    xTimerTaskHandle                         0x20000494   Data           4  timers.o(.data)
    xLastTime                                0x20000498   Data           4  timers.o(.data)
    .bss                                     0x2000049c   Section       96  universal_init.o(.bss)
    .bss                                     0x200004fc   Section      950  uart_3.o(.bss)
    Uart3SendDMAInitStructure                0x200007f0   Data          44  uart_3.o(.bss)
    s_RXBuf                                  0x2000081c   Data         150  uart_3.o(.bss)
    .bss                                     0x200008b2   Section      136  led_others.o(.bss)
    m_LED_DMABuff                            0x200008b2   Data         136  led_others.o(.bss)
    .bss                                     0x2000093c   Section       40  ambient_light_app.o(.bss)
    .bss                                     0x20000964   Section       24  iic.o(.bss)
    .bss                                     0x2000097c   Section      252  iap.o(.bss)
    .bss                                     0x20000a78   Section       32  mifare.o(.bss)
    .bss                                     0x20000a98   Section       86  reader_api.o(.bss)
    .bss                                     0x20000aee   Section      155  variable.o(.bss)
    .bss                                     0x20000b89   Section     5120  heap_4.o(.bss)
    ucHeap                                   0x20000b89   Data        5120  heap_4.o(.bss)
    .bss                                     0x20001f8c   Section      300  tasks.o(.bss)
    pxReadyTasksLists                        0x20001f8c   Data         200  tasks.o(.bss)
    xDelayedTaskList1                        0x20002054   Data          20  tasks.o(.bss)
    xDelayedTaskList2                        0x20002068   Data          20  tasks.o(.bss)
    xPendingReadyList                        0x2000207c   Data          20  tasks.o(.bss)
    xTasksWaitingTermination                 0x20002090   Data          20  tasks.o(.bss)
    xSuspendedTaskList                       0x200020a4   Data          20  tasks.o(.bss)
    .bss                                     0x200020b8   Section       40  timers.o(.bss)
    xActiveTimerList1                        0x200020b8   Data          20  timers.o(.bss)
    xActiveTimerList2                        0x200020cc   Data          20  timers.o(.bss)
    STACK                                    0x200020e0   Section     3072  startup_stm32f072.o(STACK)

    Global Symbols

    Symbol Name                              Value     Ov Type        Size  Object(Section)

    BuildAttributes$$THM_ISAv3M$S$PE$A:L22$X:L11$S22$IEEE1$IW$USESV6$~STKCKD$USESV7$~SHL$OSPACE$EBA8$MICROLIB$REQ8$PRES8$EABIv2 0x00000000   Number         0  anon$$obj.o ABSOLUTE
    __ARM_use_no_argv                        0x00000000   Number         0  main.o ABSOLUTE
    __arm_fini_                               - Undefined Weak Reference
    __cpp_initialize__aeabi_                  - Undefined Weak Reference
    __cxa_finalize                            - Undefined Weak Reference
    _clock_init                               - Undefined Weak Reference
    _microlib_exit                            - Undefined Weak Reference
    __Vectors_Size                           0x000000c0   Number         0  startup_stm32f072.o ABSOLUTE
    __Vectors                                0x08001000   Data           4  startup_stm32f072.o(RESET)
    __Vectors_End                            0x080010c0   Data           0  startup_stm32f072.o(RESET)
    __main                                   0x080010c1   Thumb Code     0  entry.o(.ARM.Collect$$$$00000000)
    _main_stk                                0x080010c1   Thumb Code     0  entry2.o(.ARM.Collect$$$$00000001)
    _main_scatterload                        0x080010c5   Thumb Code     0  entry5.o(.ARM.Collect$$$$00000004)
    __main_after_scatterload                 0x080010c9   Thumb Code     0  entry5.o(.ARM.Collect$$$$00000004)
    _main_clock                              0x080010c9   Thumb Code     0  entry7b.o(.ARM.Collect$$$$00000008)
    _main_cpp_init                           0x080010c9   Thumb Code     0  entry8b.o(.ARM.Collect$$$$0000000A)
    _main_init                               0x080010c9   Thumb Code     0  entry9a.o(.ARM.Collect$$$$0000000B)
    __rt_lib_shutdown_fini                   0x080010d1   Thumb Code     0  entry12b.o(.ARM.Collect$$$$0000000E)
    __rt_final_cpp                           0x080010d5   Thumb Code     0  entry10a.o(.ARM.Collect$$$$0000000F)
    __rt_final_exit                          0x080010d5   Thumb Code     0  entry11a.o(.ARM.Collect$$$$00000011)
    Reset_Handler                            0x080010d9   Thumb Code     8  startup_stm32f072.o(.text)
    NMI_Handler                              0x080010e1   Thumb Code     2  startup_stm32f072.o(.text)
    HardFault_Handler                        0x080010e3   Thumb Code     2  startup_stm32f072.o(.text)
    ADC1_COMP_IRQHandler                     0x080010eb   Thumb Code     0  startup_stm32f072.o(.text)
    CEC_CAN_IRQHandler                       0x080010eb   Thumb Code     0  startup_stm32f072.o(.text)
    DMA1_Channel1_IRQHandler                 0x080010eb   Thumb Code     0  startup_stm32f072.o(.text)
    EXTI0_1_IRQHandler                       0x080010eb   Thumb Code     0  startup_stm32f072.o(.text)
    EXTI4_15_IRQHandler                      0x080010eb   Thumb Code     0  startup_stm32f072.o(.text)
    FLASH_IRQHandler                         0x080010eb   Thumb Code     0  startup_stm32f072.o(.text)
    I2C1_IRQHandler                          0x080010eb   Thumb Code     0  startup_stm32f072.o(.text)
    I2C2_IRQHandler                          0x080010eb   Thumb Code     0  startup_stm32f072.o(.text)
    PVD_VDDIO2_IRQHandler                    0x080010eb   Thumb Code     0  startup_stm32f072.o(.text)
    RCC_CRS_IRQHandler                       0x080010eb   Thumb Code     0  startup_stm32f072.o(.text)
    RTC_IRQHandler                           0x080010eb   Thumb Code     0  startup_stm32f072.o(.text)
    SPI1_IRQHandler                          0x080010eb   Thumb Code     0  startup_stm32f072.o(.text)
    SPI2_IRQHandler                          0x080010eb   Thumb Code     0  startup_stm32f072.o(.text)
    TIM14_IRQHandler                         0x080010eb   Thumb Code     0  startup_stm32f072.o(.text)
    TIM15_IRQHandler                         0x080010eb   Thumb Code     0  startup_stm32f072.o(.text)
    TIM16_IRQHandler                         0x080010eb   Thumb Code     0  startup_stm32f072.o(.text)
    TIM17_IRQHandler                         0x080010eb   Thumb Code     0  startup_stm32f072.o(.text)
    TIM1_BRK_UP_TRG_COM_IRQHandler           0x080010eb   Thumb Code     0  startup_stm32f072.o(.text)
    TIM1_CC_IRQHandler                       0x080010eb   Thumb Code     0  startup_stm32f072.o(.text)
    TIM3_IRQHandler                          0x080010eb   Thumb Code     0  startup_stm32f072.o(.text)
    TIM6_DAC_IRQHandler                      0x080010eb   Thumb Code     0  startup_stm32f072.o(.text)
    TIM7_IRQHandler                          0x080010eb   Thumb Code     0  startup_stm32f072.o(.text)
    TSC_IRQHandler                           0x080010eb   Thumb Code     0  startup_stm32f072.o(.text)
    USART1_IRQHandler                        0x080010eb   Thumb Code     0  startup_stm32f072.o(.text)
    USART2_IRQHandler                        0x080010eb   Thumb Code     0  startup_stm32f072.o(.text)
    USART3_4_IRQHandler                      0x080010eb   Thumb Code     0  startup_stm32f072.o(.text)
    USB_IRQHandler                           0x080010eb   Thumb Code     0  startup_stm32f072.o(.text)
    WWDG_IRQHandler                          0x080010eb   Thumb Code     0  startup_stm32f072.o(.text)
    ADC_StartOfConversion                    0x080010f5   Thumb Code    10  stm32f0xx_adc.o(i.ADC_StartOfConversion)
    ALL_RGB_OFF                              0x080010ff   Thumb Code     2  led_others.o(i.ALL_RGB_OFF)
    __asm___6_port_c_39a90d8d__prvPortStartFirstTask 0x08001111   Thumb Code    36  port.o(.emb_text)
    ulSetInterruptMaskFromISR                0x08001139   Thumb Code     8  port.o(.emb_text)
    vClearInterruptMaskFromISR               0x08001141   Thumb Code     6  port.o(.emb_text)
    PendSV_Handler                           0x08001147   Thumb Code    62  port.o(.emb_text)
    __aeabi_uidiv                            0x08001189   Thumb Code     0  uidiv.o(.text)
    __aeabi_uidivmod                         0x08001189   Thumb Code    44  uidiv.o(.text)
    __aeabi_idiv                             0x080011b5   Thumb Code     0  idiv.o(.text)
    __aeabi_idivmod                          0x080011b5   Thumb Code    40  idiv.o(.text)
    __aeabi_memcpy                           0x080011dd   Thumb Code    36  memcpya.o(.text)
    __aeabi_memcpy4                          0x080011dd   Thumb Code     0  memcpya.o(.text)
    __aeabi_memcpy8                          0x080011dd   Thumb Code     0  memcpya.o(.text)
    __aeabi_memset                           0x08001201   Thumb Code    14  memseta.o(.text)
    __aeabi_memset4                          0x08001201   Thumb Code     0  memseta.o(.text)
    __aeabi_memset8                          0x08001201   Thumb Code     0  memseta.o(.text)
    __aeabi_memclr                           0x0800120f   Thumb Code     4  memseta.o(.text)
    __aeabi_memclr4                          0x0800120f   Thumb Code     0  memseta.o(.text)
    __aeabi_memclr8                          0x0800120f   Thumb Code     0  memseta.o(.text)
    _memset$wrapper                          0x08001213   Thumb Code    18  memseta.o(.text)
    __scatterload                            0x08001225   Thumb Code    28  init.o(.text)
    __scatterload_rt2                        0x08001225   Thumb Code     0  init.o(.text)
    __decompress                             0x08001249   Thumb Code     0  __dczerorl2.o(.text)
    __decompress1                            0x08001249   Thumb Code    86  __dczerorl2.o(.text)
    ADCDMAConfiguration                      0x080012a1   Thumb Code    74  universal_init.o(i.ADCDMAConfiguration)
    ADC_ChannelConfig                        0x080012f9   Thumb Code    24  stm32f0xx_adc.o(i.ADC_ChannelConfig)
    ADC_Cmd                                  0x08001311   Thumb Code    24  stm32f0xx_adc.o(i.ADC_Cmd)
    ADC_DMACmd                               0x08001329   Thumb Code    24  stm32f0xx_adc.o(i.ADC_DMACmd)
    ADC_DMARequestModeConfig                 0x08001341   Thumb Code    16  stm32f0xx_adc.o(i.ADC_DMARequestModeConfig)
    ADC_DeInit                               0x08001351   Thumb Code    28  stm32f0xx_adc.o(i.ADC_DeInit)
    ADC_GetCalibrationFactor                 0x08001371   Thumb Code    60  stm32f0xx_adc.o(i.ADC_GetCalibrationFactor)
    ADC_GetFlagStatus                        0x080013ad   Thumb Code    48  stm32f0xx_adc.o(i.ADC_GetFlagStatus)
    ADC_Get_ConversionValue                  0x080013dd   Thumb Code    40  universal_init.o(i.ADC_Get_ConversionValue)
    ADC_Init                                 0x08001409   Thumb Code    40  stm32f0xx_adc.o(i.ADC_Init)
    ADC_Int                                  0x08001435   Thumb Code   282  universal_init.o(i.ADC_Int)
    ADC_StructInit                           0x08001561   Thumb Code    16  stm32f0xx_adc.o(i.ADC_StructInit)
    Ambient_ClearColor                       0x08001571   Thumb Code    10  ambient_light_app.o(i.Ambient_ClearColor)
    Ambient_Light_ALL_Pro                    0x0800157d   Thumb Code   262  ambient_light_app.o(i.Ambient_Light_ALL_Pro)
    Ambient_Light_Breathe_Pro                0x08001691   Thumb Code   272  ambient_light_app.o(i.Ambient_Light_Breathe_Pro)
    Ambient_Light_Changliang                 0x080017a9   Thumb Code    94  ambient_light_app.o(i.Ambient_Light_Changliang)
    Ambient_Light_Malloc_Init                0x0800180d   Thumb Code    58  ambient_light_app.o(i.Ambient_Light_Malloc_Init)
    Ambient_Light_Set                        0x08001851   Thumb Code    68  ambient_light_app.o(i.Ambient_Light_Set)
    Ambient_Timer_Cmp_Update                 0x0800189d   Thumb Code    30  ambient_light_app.o(i.Ambient_Timer_Cmp_Update)
    Ambient_Timer_Init                       0x080018c1   Thumb Code   188  universal_init.o(i.Ambient_Timer_Init)
    Ambient_light_Start                      0x08001989   Thumb Code    10  ambient_light_app.o(i.Ambient_light_Start)
    Ambientlight_breath                      0x08001995   Thumb Code   150  led_others.o(i.Ambientlight_breath)
    Beep_Ctrl_Pro                            0x08001a39   Thumb Code   222  control_task.o(i.Beep_Ctrl_Pro)
    COM1_Task                                0x08001b2d   Thumb Code   102  user_com_task.o(i.COM1_Task)
    CheckSum                                 0x08001c93   Thumb Code    30  parseframe.o(i.CheckSum)
    Check_Device_Status                      0x08001cb1   Thumb Code    52  stateupdate.o(i.Check_Device_Status)
    Check_IAP_Mode                           0x08001ced   Thumb Code    56  stateupdate.o(i.Check_IAP_Mode)
    ClearErrorByte                           0x08001d31   Thumb Code    16  system_config.o(i.ClearErrorByte)
    Clear_FIFO                               0x08001d45   Thumb Code    32  fm175xx.o(i.Clear_FIFO)
    Command_Execute                          0x08001d65   Thumb Code   572  reader_api.o(i.Command_Execute)
    Control_Task                             0x08001fa1   Thumb Code    18  control_task.o(i.Control_Task)
    DMA1_Channel2_3_IRQHandler               0x08001fb5   Thumb Code    72  uart_3.o(i.DMA1_Channel2_3_IRQHandler)
    DMA1_Channel4_5_6_7_IRQHandler           0x08002009   Thumb Code    32  led_others.o(i.DMA1_Channel4_5_6_7_IRQHandler)
    DMA_ClearFlag                            0x08002029   Thumb Code     6  stm32f0xx_dma.o(i.DMA_ClearFlag)
    DMA_ClearITPendingBit                    0x08002035   Thumb Code     6  stm32f0xx_dma.o(i.DMA_ClearITPendingBit)
    DMA_Cmd                                  0x08002041   Thumb Code    24  stm32f0xx_dma.o(i.DMA_Cmd)
    DMA_DeInit                               0x0800205d   Thumb Code   208  stm32f0xx_dma.o(i.DMA_DeInit)
    DMA_GetITStatus                          0x08002135   Thumb Code    22  stm32f0xx_dma.o(i.DMA_GetITStatus)
    DMA_ITConfig                             0x08002151   Thumb Code    20  stm32f0xx_dma.o(i.DMA_ITConfig)
    DMA_Init                                 0x08002165   Thumb Code    58  stm32f0xx_dma.o(i.DMA_Init)
    DMA_SetCurrDataCounter                   0x080021a5   Thumb Code     4  stm32f0xx_dma.o(i.DMA_SetCurrDataCounter)
    DMA_StructInit                           0x080021a9   Thumb Code    26  stm32f0xx_dma.o(i.DMA_StructInit)
    Dis_4LED                                 0x080021c5   Thumb Code   392  dis_task.o(i.Dis_4LED)
    Disable_Interrupt                        0x0800235d   Thumb Code     4  system_config.o(i.Disable_Interrupt)
    Display_Task                             0x08002361   Thumb Code    70  dis_task.o(i.Display_Task)
    EXTI2_3_IRQHandler                       0x080023b5   Thumb Code    26  spi.o(i.EXTI2_3_IRQHandler)
    EXTI_ClearITPendingBit                   0x080023d5   Thumb Code     6  stm32f0xx_exti.o(i.EXTI_ClearITPendingBit)
    EXTI_Config                              0x080023e1   Thumb Code    62  spi.o(i.EXTI_Config)
    EXTI_GetITStatus                         0x08002425   Thumb Code    22  stm32f0xx_exti.o(i.EXTI_GetITStatus)
    EXTI_Init                                0x08002441   Thumb Code   132  stm32f0xx_exti.o(i.EXTI_Init)
    Enable_Interrupt                         0x080024c9   Thumb Code     4  system_config.o(i.Enable_Interrupt)
    FLASH_ErasePage                          0x080024cd   Thumb Code    76  stm32f0xx_flash.o(i.FLASH_ErasePage)
    FLASH_GetStatus                          0x08002521   Thumb Code    54  stm32f0xx_flash.o(i.FLASH_GetStatus)
    FLASH_Lock                               0x0800255d   Thumb Code    14  stm32f0xx_flash.o(i.FLASH_Lock)
    FLASH_ProgramHalfWord                    0x08002571   Thumb Code    62  stm32f0xx_flash.o(i.FLASH_ProgramHalfWord)
    FLASH_ProgramWord                        0x080025b5   Thumb Code   108  stm32f0xx_flash.o(i.FLASH_ProgramWord)
    FLASH_Unlock                             0x08002629   Thumb Code    24  stm32f0xx_flash.o(i.FLASH_Unlock)
    FLASH_WaitForLastOperation               0x0800264d   Thumb Code    40  stm32f0xx_flash.o(i.FLASH_WaitForLastOperation)
    FM175XX_HPD                              0x08002675   Thumb Code    40  fm175xx.o(i.FM175XX_HPD)
    FM175XX_HardReset                        0x080026a1   Thumb Code    56  fm175xx.o(i.FM175XX_HardReset)
    FM175XX_Initial_ReaderA                  0x080026dd   Thumb Code    78  reader_api.o(i.FM175XX_Initial_ReaderA)
    FM175XX_Polling                          0x0800272b   Thumb Code    56  reader_api.o(i.FM175XX_Polling)
    Flash_PagesMask                          0x08002763   Thumb Code    24  flash.o(i.Flash_PagesMask)
    Flash_Prepared                           0x0800277b   Thumb Code    74  flash.o(i.Flash_Prepared)
    Flash_Read                               0x080027c5   Thumb Code    20  flash.o(i.Flash_Read)
    Flash_Write                              0x080027d9   Thumb Code    80  flash.o(i.Flash_Write)
    Flash_Write_Word                         0x08002829   Thumb Code    98  flash.o(i.Flash_Write_Word)
    FormatFrame                              0x0800288b   Thumb Code   134  parseframe.o(i.FormatFrame)
    GPIO_Init                                0x08002911   Thumb Code   144  stm32f0xx_gpio.o(i.GPIO_Init)
    GPIO_PinAFConfig                         0x080029a1   Thumb Code    68  stm32f0xx_gpio.o(i.GPIO_PinAFConfig)
    GPIO_ReadInputDataBit                    0x080029e5   Thumb Code    20  stm32f0xx_gpio.o(i.GPIO_ReadInputDataBit)
    GPIO_ReadOutputDataBit                   0x080029f9   Thumb Code    20  stm32f0xx_gpio.o(i.GPIO_ReadOutputDataBit)
    GPIO_ResetBits                           0x08002a0d   Thumb Code     4  stm32f0xx_gpio.o(i.GPIO_ResetBits)
    GPIO_SetBits                             0x08002a11   Thumb Code     4  stm32f0xx_gpio.o(i.GPIO_SetBits)
    GPIO_StructInit                          0x08002a15   Thumb Code    20  stm32f0xx_gpio.o(i.GPIO_StructInit)
    GetReg                                   0x08002a2d   Thumb Code   124  fm175xx.o(i.GetReg)
    GetReg_Ext                               0x08002aad   Thumb Code    28  fm175xx.o(i.GetReg_Ext)
    Get_RealVaule                            0x08002ac9   Thumb Code   188  universal_init.o(i.Get_RealVaule)
    Handle_RGB_Control                       0x08002b99   Thumb Code   146  led_others.o(i.Handle_RGB_Control)
    Handle_Temp_Ctr                          0x08002c31   Thumb Code   200  handletemperature.o(i.Handle_Temp_Ctr)
    Handle_Temp_Set                          0x08002cfd   Thumb Code    28  universal_init.o(i.Handle_Temp_Set)
    Handle_Timer_Init                        0x08002d1d   Thumb Code   142  universal_init.o(i.Handle_Timer_Init)
    IAP_EraseSWFlash                         0x08002db5   Thumb Code    30  iap.o(i.IAP_EraseSWFlash)
    IAP_Init                                 0x08002dd5   Thumb Code    42  iap.o(i.IAP_Init)
    IAP_ParseFrame                           0x08002e0d   Thumb Code   806  iap.o(i.IAP_ParseFrame)
    IAP_Reset                                0x08003165   Thumb Code    64  iap.o(i.IAP_Reset)
    IAP_SaveFCtrlmap                         0x080031c5   Thumb Code    42  iap.o(i.IAP_SaveFCtrlmap)
    IAP_decrypt                              0x080031f9   Thumb Code   192  iap.o(i.IAP_decrypt)
    IIC_Init                                 0x080032c1   Thumb Code    38  iic.o(i.IIC_Init)
    IIC_PushFrame                            0x080032ed   Thumb Code    56  iic.o(i.IIC_PushFrame)
    IIC_Send_Byte                            0x08003329   Thumb Code   182  iic.o(i.IIC_Send_Byte)
    IicProcess                               0x0800366d   Thumb Code    80  iic.o(i.IicProcess)
    InitAllPeripherals                       0x080036c1   Thumb Code   118  system_config.o(i.InitAllPeripherals)
    JUDGE                                    0x0800377d   Thumb Code    34  reader_api.o(i.JUDGE)
    LED_DMA_Refresh                          0x080037a1   Thumb Code    66  led_others.o(i.LED_DMA_Refresh)
    LPCD_Read                                0x080037f1   Thumb Code   298  reader_api.o(i.LPCD_Read)
    Lpcd_Calibrate_Driver                    0x08003979   Thumb Code   228  reader_api.o(i.Lpcd_Calibrate_Driver)
    Lpcd_Calibrate_Reference                 0x08003a6d   Thumb Code   116  reader_api.o(i.Lpcd_Calibrate_Reference)
    Lpcd_Calibration_Backup                  0x08003ae9   Thumb Code    20  reader_api.o(i.Lpcd_Calibration_Backup)
    Lpcd_Calibration_Event                   0x08003b01   Thumb Code    52  reader_api.o(i.Lpcd_Calibration_Event)
    Lpcd_Calibration_Restore                 0x08003b35   Thumb Code    64  reader_api.o(i.Lpcd_Calibration_Restore)
    Lpcd_Get_Calibration_Value               0x08003b85   Thumb Code    74  reader_api.o(i.Lpcd_Get_Calibration_Value)
    Lpcd_Get_IRQ                             0x08003bcf   Thumb Code    16  reader_api.o(i.Lpcd_Get_IRQ)
    Lpcd_Get_Value                           0x08003bdf   Thumb Code    48  reader_api.o(i.Lpcd_Get_Value)
    Lpcd_IRQ_Event                           0x08003c0f   Thumb Code    14  reader_api.o(i.Lpcd_IRQ_Event)
    Lpcd_Init_Register                       0x08003c1d   Thumb Code    42  reader_api.o(i.Lpcd_Init_Register)
    Lpcd_Reset_Status                        0x08003c47   Thumb Code    22  reader_api.o(i.Lpcd_Reset_Status)
    Lpcd_Set_Driver                          0x08003c5d   Thumb Code    94  reader_api.o(i.Lpcd_Set_Driver)
    Lpcd_Set_Gain                            0x08003cbb   Thumb Code    20  reader_api.o(i.Lpcd_Set_Gain)
    Lpcd_Set_IE                              0x08003ccf   Thumb Code    28  reader_api.o(i.Lpcd_Set_IE)
    Lpcd_Set_IRQ_pin                         0x08003ceb   Thumb Code    20  reader_api.o(i.Lpcd_Set_IRQ_pin)
    Lpcd_Set_Mode                            0x08003cff   Thumb Code    34  reader_api.o(i.Lpcd_Set_Mode)
    Lpcd_Set_Reference                       0x08003d21   Thumb Code    42  reader_api.o(i.Lpcd_Set_Reference)
    Lpcd_Set_Threshold                       0x08003d4b   Thumb Code    56  reader_api.o(i.Lpcd_Set_Threshold)
    Lpcd_Set_Timer                           0x08003d85   Thumb Code   178  reader_api.o(i.Lpcd_Set_Timer)
    Lpcd_WaitFor_Irq                         0x08003e3d   Thumb Code    58  reader_api.o(i.Lpcd_WaitFor_Irq)
    Mifare_Auth                              0x08003e77   Thumb Code   182  mifare.o(i.Mifare_Auth)
    Mifare_Blockread                         0x08003f2d   Thumb Code    98  mifare.o(i.Mifare_Blockread)
    Mifare_Blockwrite                        0x08003f8f   Thumb Code   152  mifare.o(i.Mifare_Blockwrite)
    ModifyReg                                0x08004027   Thumb Code    50  fm175xx.o(i.ModifyReg)
    ModifyReg_Ext                            0x08004059   Thumb Code    50  fm175xx.o(i.ModifyReg_Ext)
    NVIC_Configuration                       0x0800415d   Thumb Code    60  system_config.o(i.NVIC_Configuration)
    NVIC_Init                                0x08004199   Thumb Code   106  stm32f0xx_misc.o(i.NVIC_Init)
    Normal_Tasks_Remarks                     0x08004239   Thumb Code    72  control_task.o(i.Normal_Tasks_Remarks)
    ParseFrame                               0x08004285   Thumb Code   154  parseframe.o(i.ParseFrame)
    Peripherals_Clock_Init                   0x08004329   Thumb Code   158  system_config.o(i.Peripherals_Clock_Init)
    PowerON_RGB                              0x080043c9   Thumb Code   150  led_others.o(i.PowerON_RGB)
    PushMiniFrame                            0x08004469   Thumb Code    34  parseframe.o(i.PushMiniFrame)
    Query_Send_Data_Pro                      0x0800448d   Thumb Code   160  stateupdate.o(i.Query_Send_Data_Pro)
    RCC_ADCCLKConfig                         0x08004539   Thumb Code    52  stm32f0xx_rcc.o(i.RCC_ADCCLKConfig)
    RCC_AHBPeriphClockCmd                    0x08004571   Thumb Code    28  stm32f0xx_rcc.o(i.RCC_AHBPeriphClockCmd)
    RCC_APB1PeriphClockCmd                   0x08004591   Thumb Code    28  stm32f0xx_rcc.o(i.RCC_APB1PeriphClockCmd)
    RCC_APB1PeriphResetCmd                   0x080045b1   Thumb Code    28  stm32f0xx_rcc.o(i.RCC_APB1PeriphResetCmd)
    RCC_APB2PeriphClockCmd                   0x080045d1   Thumb Code    28  stm32f0xx_rcc.o(i.RCC_APB2PeriphClockCmd)
    RCC_APB2PeriphResetCmd                   0x080045f1   Thumb Code    28  stm32f0xx_rcc.o(i.RCC_APB2PeriphResetCmd)
    RCC_GetClocksFreq                        0x08004611   Thumb Code   468  stm32f0xx_rcc.o(i.RCC_GetClocksFreq)
    RE_LPCD_CALIBRATION                      0x08004801   Thumb Code     2  reader_api.o(i.RE_LPCD_CALIBRATION)
    RGB_Bit_Set                              0x08004805   Thumb Code   236  led_others.o(i.RGB_Bit_Set)
    RGB_Buff_Init                            0x08004901   Thumb Code    50  led_others.o(i.RGB_Buff_Init)
    RGB_Time_Init                            0x08004939   Thumb Code   254  led_others.o(i.RGB_Time_Init)
    ReadUniqueID                             0x08004a45   Thumb Code    64  system_config.o(i.ReadUniqueID)
    ReaderA_AntiColl                         0x08004a8d   Thumb Code   182  reader_api.o(i.ReaderA_AntiColl)
    ReaderA_CardActivate                     0x08004b4d   Thumb Code   122  reader_api.o(i.ReaderA_CardActivate)
    ReaderA_Select                           0x08004bcd   Thumb Code   162  reader_api.o(i.ReaderA_Select)
    ReaderA_Wakeup                           0x08004c79   Thumb Code    90  reader_api.o(i.ReaderA_Wakeup)
    SPI1_Configuration                       0x08004cd9   Thumb Code   198  spi.o(i.SPI1_Configuration)
    SPI_Cmd                                  0x08004da9   Thumb Code    24  stm32f0xx_spi.o(i.SPI_Cmd)
    SPI_I2S_ClearFlag                        0x08004dc5   Thumb Code     6  stm32f0xx_spi.o(i.SPI_I2S_ClearFlag)
    SPI_I2S_GetFlagStatus                    0x08004dcb   Thumb Code    20  stm32f0xx_spi.o(i.SPI_I2S_GetFlagStatus)
    SPI_Init                                 0x08004de1   Thumb Code    76  stm32f0xx_spi.o(i.SPI_Init)
    SPI_Read_FIFO                            0x08004e39   Thumb Code   142  fm175xx.o(i.SPI_Read_FIFO)
    SPI_ReceiveData8                         0x08004ecd   Thumb Code    12  stm32f0xx_spi.o(i.SPI_ReceiveData8)
    SPI_RxFIFOThresholdConfig                0x08004ed9   Thumb Code    16  stm32f0xx_spi.o(i.SPI_RxFIFOThresholdConfig)
    SPI_SendData8                            0x08004eed   Thumb Code    10  stm32f0xx_spi.o(i.SPI_SendData8)
    SPI_Write_FIFO                           0x08004ef9   Thumb Code   106  fm175xx.o(i.SPI_Write_FIFO)
    SVC_Handler                              0x08004f69   Thumb Code     2  port.o(i.SVC_Handler)
    SYSCFG_EXTILineConfig                    0x08004f6d   Thumb Code    60  stm32f0xx_syscfg.o(i.SYSCFG_EXTILineConfig)
    SYSCFG_MemoryRemapConfig                 0x08004fad   Thumb Code    24  stm32f0xx_syscfg.o(i.SYSCFG_MemoryRemapConfig)
    SaveFDatamap                             0x08004fc9   Thumb Code   234  system_config.o(i.SaveFDatamap)
    SetErrorByte                             0x080050cd   Thumb Code    22  system_config.o(i.SetErrorByte)
    SetReceiveCRC                            0x080050e9   Thumb Code    32  reader_api.o(i.SetReceiveCRC)
    SetReg                                   0x08005109   Thumb Code   108  fm175xx.o(i.SetReg)
    SetReg_Ext                               0x08005179   Thumb Code    32  fm175xx.o(i.SetReg_Ext)
    SetRf                                    0x08005199   Thumb Code    88  reader_api.o(i.SetRf)
    SetSendCRC                               0x080051f5   Thumb Code    32  reader_api.o(i.SetSendCRC)
    SetTimeOut                               0x08005215   Thumb Code    96  reader_api.o(i.SetTimeOut)
    SysTick_CLKSourceConfig                  0x08005281   Thumb Code    32  stm32f0xx_misc.o(i.SysTick_CLKSourceConfig)
    SysTick_Handler                          0x080052a5   Thumb Code    32  port.o(i.SysTick_Handler)
    SystemCoreClockConfigure                 0x080052c9   Thumb Code   206  system_config.o(i.SystemCoreClockConfigure)
    SystemCoreClockUpdate                    0x080053a1   Thumb Code   154  system_stm32f0xx.o(i.SystemCoreClockUpdate)
    SystemInit                               0x08005451   Thumb Code   104  system_stm32f0xx.o(i.SystemInit)
    TIM2_IRQHandler                          0x080054c5   Thumb Code    28  universal_init.o(i.TIM2_IRQHandler)
    TIM_ARRPreloadConfig                     0x080054e1   Thumb Code    24  stm32f0xx_tim.o(i.TIM_ARRPreloadConfig)
    TIM_ClearFlag                            0x080054fd   Thumb Code     6  stm32f0xx_tim.o(i.TIM_ClearFlag)
    TIM_ClearITPendingBit                    0x08005503   Thumb Code     6  stm32f0xx_tim.o(i.TIM_ClearITPendingBit)
    TIM_Cmd                                  0x08005509   Thumb Code    24  stm32f0xx_tim.o(i.TIM_Cmd)
    TIM_CtrlPWMOutputs                       0x08005525   Thumb Code    34  stm32f0xx_tim.o(i.TIM_CtrlPWMOutputs)
    TIM_DMACmd                               0x08005547   Thumb Code    20  stm32f0xx_tim.o(i.TIM_DMACmd)
    TIM_DeInit                               0x0800555d   Thumb Code   228  stm32f0xx_tim.o(i.TIM_DeInit)
    TIM_GetITStatus                          0x08005661   Thumb Code    38  stm32f0xx_tim.o(i.TIM_GetITStatus)
    TIM_ITConfig                             0x08005687   Thumb Code    20  stm32f0xx_tim.o(i.TIM_ITConfig)
    TIM_OC1Init                              0x0800569d   Thumb Code   122  stm32f0xx_tim.o(i.TIM_OC1Init)
    TIM_OC1PreloadConfig                     0x08005731   Thumb Code    20  stm32f0xx_tim.o(i.TIM_OC1PreloadConfig)
    TIM_OC2Init                              0x08005749   Thumb Code   142  stm32f0xx_tim.o(i.TIM_OC2Init)
    TIM_OC2PreloadConfig                     0x080057f5   Thumb Code    20  stm32f0xx_tim.o(i.TIM_OC2PreloadConfig)
    TIM_OC3Init                              0x0800580d   Thumb Code   124  stm32f0xx_tim.o(i.TIM_OC3Init)
    TIM_OC3PreloadConfig                     0x080058a5   Thumb Code    20  stm32f0xx_tim.o(i.TIM_OC3PreloadConfig)
    TIM_OCStructInit                         0x080058bd   Thumb Code    20  stm32f0xx_tim.o(i.TIM_OCStructInit)
    TIM_SetCompare1                          0x080058d1   Thumb Code     4  stm32f0xx_tim.o(i.TIM_SetCompare1)
    TIM_SetCompare2                          0x080058d5   Thumb Code     4  stm32f0xx_tim.o(i.TIM_SetCompare2)
    TIM_SetCompare3                          0x080058d9   Thumb Code     4  stm32f0xx_tim.o(i.TIM_SetCompare3)
    TIM_TimeBaseInit                         0x080058dd   Thumb Code    90  stm32f0xx_tim.o(i.TIM_TimeBaseInit)
    TIM_TimeBaseStructInit                   0x08005959   Thumb Code    18  stm32f0xx_tim.o(i.TIM_TimeBaseStructInit)
    TYPE_A_EVENT                             0x0800596d   Thumb Code   272  reader_api.o(i.TYPE_A_EVENT)
    Timer2Init                               0x08005aa1   Thumb Code    56  universal_init.o(i.Timer2Init)
    UART3_CheckReceive                       0x08005ad9   Thumb Code   120  uart_3.o(i.UART3_CheckReceive)
    UART3_CheckSend                          0x08005b65   Thumb Code    76  uart_3.o(i.UART3_CheckSend)
    UART3_DMAConfiguration                   0x08005bc5   Thumb Code   192  uart_3.o(i.UART3_DMAConfiguration)
    UART3_InitVariables                      0x08005cc5   Thumb Code     8  uart_3.o(i.UART3_InitVariables)
    UART3_Int                                0x08005cd1   Thumb Code   136  uart_3.o(i.UART3_Int)
    UART3_ParseData                          0x08005d61   Thumb Code   256  uart_3.o(i.UART3_ParseData)
    UART3_PushFrame                          0x08005e79   Thumb Code   148  uart_3.o(i.UART3_PushFrame)
    USART_Cmd                                0x08005f9d   Thumb Code    24  stm32f0xx_usart.o(i.USART_Cmd)
    USART_DMACmd                             0x08005fb5   Thumb Code    20  stm32f0xx_usart.o(i.USART_DMACmd)
    USART_DeInit                             0x08005fc9   Thumb Code   108  stm32f0xx_usart.o(i.USART_DeInit)
    USART_HalfDuplexCmd                      0x08006045   Thumb Code    24  stm32f0xx_usart.o(i.USART_HalfDuplexCmd)
    USART_Init                               0x0800605d   Thumb Code   214  stm32f0xx_usart.o(i.USART_Init)
    Variables_Init                           0x08006145   Thumb Code    78  system_config.o(i.Variables_Init)
    Wireless_Power_Ctr_Handler               0x080061ad   Thumb Code   272  control_task.o(i.Wireless_Power_Ctr_Handler)
    __ARM_common_switch8                     0x080062e5   Thumb Code    28  iic.o(i.__ARM_common_switch8)
    __scatterload_copy                       0x08006301   Thumb Code    14  handlers.o(i.__scatterload_copy)
    __scatterload_null                       0x0800630f   Thumb Code     2  handlers.o(i.__scatterload_null)
    __scatterload_zeroinit                   0x08006311   Thumb Code    14  handlers.o(i.__scatterload_zeroinit)
    check_NFC_key                            0x08006321   Thumb Code    32  reader_api.o(i.check_NFC_key)
    delay_init                               0x0800634d   Thumb Code    62  system_config.o(i.delay_init)
    delay_us                                 0x080063a1   Thumb Code    62  system_config.o(i.delay_us)
    eTaskConfirmSleepModeStatus              0x080063e9   Thumb Code    46  tasks.o(i.eTaskConfirmSleepModeStatus)
    gpioGetInput                             0x08006429   Thumb Code    74  gpio.o(i.gpioGetInput)
    gpioGetOutput                            0x08006479   Thumb Code    34  gpio.o(i.gpioGetOutput)
    gpioInitialize                           0x080064a1   Thumb Code    34  gpio.o(i.gpioInitialize)
    gpioSetOutput                            0x080064c9   Thumb Code    54  gpio.o(i.gpioSetOutput)
    gpioSetToggle                            0x08006505   Thumb Code    44  gpio.o(i.gpioSetToggle)
    mDelay                                   0x08006535   Thumb Code    52  fm175xx.o(i.mDelay)
    main                                     0x0800656d   Thumb Code    46  main.o(i.main)
    pvPortMalloc                             0x08007081   Thumb Code   274  heap_4.o(i.pvPortMalloc)
    pxPortInitialiseStack                    0x080071ad   Thumb Code    26  port.o(i.pxPortInitialiseStack)
    start_task                               0x080071cd   Thumb Code    96  main.o(i.start_task)
    turnLightProcess                         0x08007271   Thumb Code   442  turnlightprocess.o(i.turnLightProcess)
    uDelay                                   0x0800744d   Thumb Code    22  reader_api.o(i.uDelay)
    uxListRemove                             0x08007463   Thumb Code    40  list.o(i.uxListRemove)
    vListInitialise                          0x0800748b   Thumb Code    26  list.o(i.vListInitialise)
    vListInitialiseItem                      0x080074a5   Thumb Code     6  list.o(i.vListInitialiseItem)
    vListInsert                              0x080074ab   Thumb Code    54  list.o(i.vListInsert)
    vListInsertEnd                           0x080074e1   Thumb Code    24  list.o(i.vListInsertEnd)
    vPortEnterCritical                       0x080074f9   Thumb Code    22  port.o(i.vPortEnterCritical)
    vPortExitCritical                        0x08007515   Thumb Code    36  port.o(i.vPortExitCritical)
    vPortFree                                0x0800753d   Thumb Code   130  heap_4.o(i.vPortFree)
    vPortSetupTimerInterrupt                 0x080075cd   Thumb Code    70  port.o(i.vPortSetupTimerInterrupt)
    vPortSuppressTicksAndSleep               0x0800762d   Thumb Code   306  port.o(i.vPortSuppressTicksAndSleep)
    vPortYield                               0x08007771   Thumb Code    18  port.o(i.vPortYield)
    vQueueWaitForMessageRestricted           0x08007789   Thumb Code    76  queue.o(i.vQueueWaitForMessageRestricted)
    vTaskDelay                               0x080077d5   Thumb Code    62  tasks.o(i.vTaskDelay)
    vTaskDelete                              0x08007819   Thumb Code   150  tasks.o(i.vTaskDelete)
    vTaskInternalSetTimeOutState             0x080078cd   Thumb Code    14  tasks.o(i.vTaskInternalSetTimeOutState)
    vTaskMissedYield                         0x080078e5   Thumb Code     8  tasks.o(i.vTaskMissedYield)
    vTaskPlaceOnEventList                    0x080078f1   Thumb Code    38  tasks.o(i.vTaskPlaceOnEventList)
    vTaskPlaceOnEventListRestricted          0x0800791d   Thumb Code    48  tasks.o(i.vTaskPlaceOnEventListRestricted)
    vTaskStartScheduler                      0x08007951   Thumb Code    90  tasks.o(i.vTaskStartScheduler)
    vTaskStepTick                            0x080079c9   Thumb Code    42  tasks.o(i.vTaskStepTick)
    vTaskSuspendAll                          0x080079fd   Thumb Code    12  tasks.o(i.vTaskSuspendAll)
    vTaskSwitchContext                       0x08007a0d   Thumb Code   108  tasks.o(i.vTaskSwitchContext)
    xPortStartScheduler                      0x08007a8d   Thumb Code    48  port.o(i.xPortStartScheduler)
    xQueueGenericCreate                      0x08007ac5   Thumb Code    76  queue.o(i.xQueueGenericCreate)
    xQueueGenericReset                       0x08007b11   Thumb Code   130  queue.o(i.xQueueGenericReset)
    xQueueGenericSend                        0x08007b93   Thumb Code   382  queue.o(i.xQueueGenericSend)
    xQueueGenericSendFromISR                 0x08007d11   Thumb Code   228  queue.o(i.xQueueGenericSendFromISR)
    xQueueReceive                            0x08007df5   Thumb Code   312  queue.o(i.xQueueReceive)
    xTaskCheckForTimeOut                     0x08007f2d   Thumb Code   132  tasks.o(i.xTaskCheckForTimeOut)
    xTaskCreate                              0x08007fbd   Thumb Code    92  tasks.o(i.xTaskCreate)
    xTaskGetSchedulerState                   0x08008019   Thumb Code    28  tasks.o(i.xTaskGetSchedulerState)
    xTaskGetTickCount                        0x0800803d   Thumb Code     6  tasks.o(i.xTaskGetTickCount)
    xTaskIncrementTick                       0x08008049   Thumb Code   270  tasks.o(i.xTaskIncrementTick)
    xTaskPriorityDisinherit                  0x08008185   Thumb Code   124  tasks.o(i.xTaskPriorityDisinherit)
    xTaskRemoveFromEventList                 0x0800820d   Thumb Code   116  tasks.o(i.xTaskRemoveFromEventList)
    xTaskResumeAll                           0x08008299   Thumb Code   206  tasks.o(i.xTaskResumeAll)
    xTimerCreateTimerTask                    0x08008389   Thumb Code    52  timers.o(i.xTimerCreateTimerTask)
    xTimerGenericCommand                     0x080083d1   Thumb Code   110  timers.o(i.xTimerGenericCommand)
    Region$$Table$$Base                      0x08008464   Number         0  anon$$obj.o(Region$$Table)
    Region$$Table$$Limit                     0x08008484   Number         0  anon$$obj.o(Region$$Table)
    temp_address                             0x200000c0   Data           4  stm32f0xx_flash.o(.data)
    temp_Address                             0x200000c4   Data           4  stm32f0xx_flash.o(.data)
    SystemCoreClock                          0x200000d8   Data           4  system_stm32f0xx.o(.data)
    AHBPrescTable                            0x200000dc   Data          16  system_stm32f0xx.o(.data)
    StartTask_Handler                        0x200000ec   Data           4  main.o(.data)
    Task1Task_Handler                        0x200000f0   Data           4  main.o(.data)
    Task2Task_Handler                        0x200000f4   Data           4  main.o(.data)
    Task3Task_Handler                        0x200000f8   Data           4  main.o(.data)
    COM1_Message_Queue                       0x200001e4   Data           4  user_com_task.o(.data)
    m_EUART3_TxFrm_Tail                      0x200001ec   Data           1  uart_3.o(.data)
    m_EUART3_TxFrm_Head                      0x200001ed   Data           1  uart_3.o(.data)
    m_EUART3_TxFrm_FreeFrmLen                0x200001ee   Data           1  uart_3.o(.data)
    m_EUART3_DMA_RXPtr                       0x200001f0   Data           4  uart_3.o(.data)
    m_bEUART3PushingFrms                     0x200001f4   Data           1  uart_3.o(.data)
    m_bEUART3CheckingRec                     0x200001f5   Data           1  uart_3.o(.data)
    m_bEUART3CheckingSend                    0x200001f6   Data           1  uart_3.o(.data)
    m_bEUART3TxEn                            0x200001f7   Data           1  uart_3.o(.data)
    g_FCtrlMap_Default                       0x20000284   Data          12  iap.o(.data)
    m_BinOldSliceForDecr                     0x20000290   Data           8  iap.o(.data)
    m_BinNewSliceForDecr                     0x20000298   Data           8  iap.o(.data)
    X_Temp_Handle                            0x200002a0   Data          48  handletemperature.o(.data)
    Y_Res_Handle                             0x200002d0   Data          48  handletemperature.o(.data)
    _temperature_object                      0x20000300   Data          12  handletemperature.o(.data)
    NFC_SECTOR                               0x2000031a   Data           1  mifare.o(.data)
    NFC_BLOCK                                0x2000031b   Data           1  mifare.o(.data)
    NFC_BLOCK_NUM                            0x2000031c   Data           1  mifare.o(.data)
    BLOCK_DATA                               0x2000031d   Data          16  mifare.o(.data)
    BLOCK_DATA_W                             0x2000032d   Data          16  mifare.o(.data)
    KEY_A                                    0x2000033d   Data          96  mifare.o(.data)
    KEY_B                                    0x2000039d   Data          96  mifare.o(.data)
    succeed                                  0x20000400   Data           1  reader_api.o(.data)
    NFC_INT                                  0x20000401   Data           1  reader_api.o(.data)
    NFC_set                                  0x20000402   Data           2  reader_api.o(.data)
    _my_id                                   0x20000404   Data           8  reader_api.o(.data)
    Lpcd_Debug_Info                          0x2000040c   Data           1  reader_api.o(.data)
    Lpcd_Debug_Test                          0x2000040d   Data           1  reader_api.o(.data)
    s_error_cnt                              0x2000040e   Data           1  reader_api.o(.data)
    g_Clear_error_cnt                        0x20000414   Data           2  variable.o(.data)
    g_ErrorByte                              0x20000416   Data           1  variable.o(.data)
    g_wireless_charger_vol                   0x20000417   Data           1  variable.o(.data)
    g_12V_vol                                0x20000418   Data           1  variable.o(.data)
    pxCurrentTCB                             0x2000044c   Data           4  tasks.o(.data)
    m_ADCValue                               0x2000049c   Data          96  universal_init.o(.bss)
    m_EUART3_TxFrames                        0x200004fc   Data         604  uart_3.o(.bss)
    m_EUART3_DMA_RXBuf                       0x20000758   Data         150  uart_3.o(.bss)
    Ambient_light_object                     0x2000093c   Data          40  ambient_light_app.o(.bss)
    iic_t                                    0x20000964   Data          24  iic.o(.bss)
    g_FCtrlMap                               0x2000097c   Data          12  iap.o(.bss)
    m_key                                    0x20000988   Data          16  iap.o(.bss)
    g_DecryptDataBuf                         0x20000998   Data         200  iap.o(.bss)
    iap_state                                0x20000a60   Data          24  iap.o(.bss)
    BLOCK_DATA_R                             0x20000a78   Data          16  mifare.o(.bss)
    DATA_W_RAND                              0x20000a88   Data          16  mifare.o(.bss)
    PICC_A                                   0x20000a98   Data          25  reader_api.o(.bss)
    PICC_B                                   0x20000ab1   Data          41  reader_api.o(.bss)
    Lpcd                                     0x20000ada   Data          20  reader_api.o(.bss)
    g_NBCmdMap                               0x20000aee   Data          32  variable.o(.bss)
    g_myself_data                            0x20000b0e   Data          97  variable.o(.bss)
    g_bool                                   0x20000b6f   Data          26  variable.o(.bss)
    __initial_sp                             0x20002ce0   Data           0  startup_stm32f072.o(STACK)



==============================================================================

Memory Map of the image

  Image Entry point : 0x080010c1

  Load Region LR_IROM1 (Base: 0x08001000, Size: 0x00007860, Max: 0x00020000, ABSOLUTE, COMPRESSED[0x000075a0])

    Execution Region ER_IROM1 (Exec base: 0x08001000, Load base: 0x08001000, Size: 0x00007484, Max: 0x00020000, ABSOLUTE)

    Exec Addr    Load Addr    Size         Type   Attr      Idx    E Section Name        Object

    0x08001000   0x08001000   0x000000c0   Data   RO            3    RESET               startup_stm32f072.o
    0x080010c0   0x080010c0   0x00000000   Code   RO         6515  * .ARM.Collect$$$$00000000  mc_p.l(entry.o)
    0x080010c0   0x080010c0   0x00000004   Code   RO         6530    .ARM.Collect$$$$00000001  mc_p.l(entry2.o)
    0x080010c4   0x080010c4   0x00000004   Code   RO         6533    .ARM.Collect$$$$00000004  mc_p.l(entry5.o)
    0x080010c8   0x080010c8   0x00000000   Code   RO         6535    .ARM.Collect$$$$00000008  mc_p.l(entry7b.o)
    0x080010c8   0x080010c8   0x00000000   Code   RO         6537    .ARM.Collect$$$$0000000A  mc_p.l(entry8b.o)
    0x080010c8   0x080010c8   0x00000008   Code   RO         6538    .ARM.Collect$$$$0000000B  mc_p.l(entry9a.o)
    0x080010d0   0x080010d0   0x00000004   Code   RO         6545    .ARM.Collect$$$$0000000E  mc_p.l(entry12b.o)
    0x080010d4   0x080010d4   0x00000000   Code   RO         6540    .ARM.Collect$$$$0000000F  mc_p.l(entry10a.o)
    0x080010d4   0x080010d4   0x00000000   Code   RO         6542    .ARM.Collect$$$$00000011  mc_p.l(entry11a.o)
    0x080010d4   0x080010d4   0x00000004   Code   RO         6531    .ARM.Collect$$$$00002712  mc_p.l(entry2.o)
    0x080010d8   0x080010d8   0x0000001c   Code   RO            4    .text               startup_stm32f072.o
    0x080010f4   0x080010f4   0x0000000a   Code   RO         2734    i.ADC_StartOfConversion  stm32f0xx_adc.o
    0x080010fe   0x080010fe   0x00000002   Code   RO         4377    i.ALL_RGB_OFF       led_others.o
    0x08001100   0x08001100   0x00000010   Data   RO         4727    .ARM.__AT_0x08001100  iap.o
    0x08001110   0x08001110   0x00000078   Code   RO         5623    .emb_text           port.o
    0x08001188   0x08001188   0x0000002c   Code   RO         6518    .text               mc_p.l(uidiv.o)
    0x080011b4   0x080011b4   0x00000028   Code   RO         6520    .text               mc_p.l(idiv.o)
    0x080011dc   0x080011dc   0x00000024   Code   RO         6522    .text               mc_p.l(memcpya.o)
    0x08001200   0x08001200   0x00000024   Code   RO         6524    .text               mc_p.l(memseta.o)
    0x08001224   0x08001224   0x00000024   Code   RO         6546    .text               mc_p.l(init.o)
    0x08001248   0x08001248   0x00000056   Code   RO         6556    .text               mc_p.l(__dczerorl2.o)
    0x0800129e   0x0800129e   0x00000002   PAD
    0x080012a0   0x080012a0   0x00000058   Code   RO         4044    i.ADCDMAConfiguration  universal_init.o
    0x080012f8   0x080012f8   0x00000018   Code   RO         2716    i.ADC_ChannelConfig  stm32f0xx_adc.o
    0x08001310   0x08001310   0x00000018   Code   RO         2720    i.ADC_Cmd           stm32f0xx_adc.o
    0x08001328   0x08001328   0x00000018   Code   RO         2722    i.ADC_DMACmd        stm32f0xx_adc.o
    0x08001340   0x08001340   0x00000010   Code   RO         2723    i.ADC_DMARequestModeConfig  stm32f0xx_adc.o
    0x08001350   0x08001350   0x00000020   Code   RO         2724    i.ADC_DeInit        stm32f0xx_adc.o
    0x08001370   0x08001370   0x0000003c   Code   RO         2726    i.ADC_GetCalibrationFactor  stm32f0xx_adc.o
    0x080013ac   0x080013ac   0x00000030   Code   RO         2728    i.ADC_GetFlagStatus  stm32f0xx_adc.o
    0x080013dc   0x080013dc   0x0000002c   Code   RO         4045    i.ADC_Get_ConversionValue  universal_init.o
    0x08001408   0x08001408   0x0000002c   Code   RO         2731    i.ADC_Init          stm32f0xx_adc.o
    0x08001434   0x08001434   0x0000012c   Code   RO         4046    i.ADC_Int           universal_init.o
    0x08001560   0x08001560   0x00000010   Code   RO         2736    i.ADC_StructInit    stm32f0xx_adc.o
    0x08001570   0x08001570   0x0000000a   Code   RO         4449    i.Ambient_ClearColor  ambient_light_app.o
    0x0800157a   0x0800157a   0x00000002   PAD
    0x0800157c   0x0800157c   0x00000114   Code   RO         4450    i.Ambient_Light_ALL_Pro  ambient_light_app.o
    0x08001690   0x08001690   0x00000118   Code   RO         4451    i.Ambient_Light_Breathe_Pro  ambient_light_app.o
    0x080017a8   0x080017a8   0x00000064   Code   RO         4452    i.Ambient_Light_Changliang  ambient_light_app.o
    0x0800180c   0x0800180c   0x00000044   Code   RO         4453    i.Ambient_Light_Malloc_Init  ambient_light_app.o
    0x08001850   0x08001850   0x0000004c   Code   RO         4454    i.Ambient_Light_Set  ambient_light_app.o
    0x0800189c   0x0800189c   0x00000024   Code   RO         4455    i.Ambient_Timer_Cmp_Update  ambient_light_app.o
    0x080018c0   0x080018c0   0x000000c8   Code   RO         4047    i.Ambient_Timer_Init  universal_init.o
    0x08001988   0x08001988   0x0000000a   Code   RO         4456    i.Ambient_light_Start  ambient_light_app.o
    0x08001992   0x08001992   0x00000002   PAD
    0x08001994   0x08001994   0x000000a4   Code   RO         4378    i.Ambientlight_breath  led_others.o
    0x08001a38   0x08001a38   0x000000f4   Code   RO         4615    i.Beep_Ctrl_Pro     control_task.o
    0x08001b2c   0x08001b2c   0x00000078   Code   RO         4218    i.COM1_Task         user_com_task.o
    0x08001ba4   0x08001ba4   0x0000005c   Code   RO         4616    i.COM_Overtime_Check_Pro  control_task.o
    0x08001c00   0x08001c00   0x00000092   Code   RO         4785    i.Calculate_Value_By_Linertable  handletemperature.o
    0x08001c92   0x08001c92   0x0000001e   Code   RO         4176    i.CheckSum          parseframe.o
    0x08001cb0   0x08001cb0   0x0000003c   Code   RO         4824    i.Check_Device_Status  stateupdate.o
    0x08001cec   0x08001cec   0x00000044   Code   RO         4825    i.Check_IAP_Mode    stateupdate.o
    0x08001d30   0x08001d30   0x00000014   Code   RO         3909    i.ClearErrorByte    system_config.o
    0x08001d44   0x08001d44   0x00000020   Code   RO         4887    i.Clear_FIFO        fm175xx.o
    0x08001d64   0x08001d64   0x0000023c   Code   RO         5057    i.Command_Execute   reader_api.o
    0x08001fa0   0x08001fa0   0x00000012   Code   RO         4617    i.Control_Task      control_task.o
    0x08001fb2   0x08001fb2   0x00000002   PAD
    0x08001fb4   0x08001fb4   0x00000054   Code   RO         4252    i.DMA1_Channel2_3_IRQHandler  uart_3.o
    0x08002008   0x08002008   0x00000020   Code   RO         4379    i.DMA1_Channel4_5_6_7_IRQHandler  led_others.o
    0x08002028   0x08002028   0x0000000c   Code   RO          362    i.DMA_ClearFlag     stm32f0xx_dma.o
    0x08002034   0x08002034   0x0000000c   Code   RO          363    i.DMA_ClearITPendingBit  stm32f0xx_dma.o
    0x08002040   0x08002040   0x0000001c   Code   RO          364    i.DMA_Cmd           stm32f0xx_dma.o
    0x0800205c   0x0800205c   0x000000d8   Code   RO          365    i.DMA_DeInit        stm32f0xx_dma.o
    0x08002134   0x08002134   0x0000001c   Code   RO          368    i.DMA_GetITStatus   stm32f0xx_dma.o
    0x08002150   0x08002150   0x00000014   Code   RO          369    i.DMA_ITConfig      stm32f0xx_dma.o
    0x08002164   0x08002164   0x00000040   Code   RO          370    i.DMA_Init          stm32f0xx_dma.o
    0x080021a4   0x080021a4   0x00000004   Code   RO          371    i.DMA_SetCurrDataCounter  stm32f0xx_dma.o
    0x080021a8   0x080021a8   0x0000001a   Code   RO          372    i.DMA_StructInit    stm32f0xx_dma.o
    0x080021c2   0x080021c2   0x00000002   PAD
    0x080021c4   0x080021c4   0x00000198   Code   RO         4340    i.Dis_4LED          dis_task.o
    0x0800235c   0x0800235c   0x00000004   Code   RO         3910    i.Disable_Interrupt  system_config.o
    0x08002360   0x08002360   0x00000054   Code   RO         4341    i.Display_Task      dis_task.o
    0x080023b4   0x080023b4   0x00000020   Code   RO         5363    i.EXTI2_3_IRQHandler  spi.o
    0x080023d4   0x080023d4   0x0000000c   Code   RO          443    i.EXTI_ClearITPendingBit  stm32f0xx_exti.o
    0x080023e0   0x080023e0   0x00000044   Code   RO         5364    i.EXTI_Config       spi.o
    0x08002424   0x08002424   0x0000001c   Code   RO          447    i.EXTI_GetITStatus  stm32f0xx_exti.o
    0x08002440   0x08002440   0x00000088   Code   RO          448    i.EXTI_Init         stm32f0xx_exti.o
    0x080024c8   0x080024c8   0x00000004   Code   RO         3911    i.Enable_Interrupt  system_config.o
    0x080024cc   0x080024cc   0x00000054   Code   RO          506    i.FLASH_ErasePage   stm32f0xx_flash.o
    0x08002520   0x08002520   0x0000003c   Code   RO          509    i.FLASH_GetStatus   stm32f0xx_flash.o
    0x0800255c   0x0800255c   0x00000014   Code   RO          511    i.FLASH_Lock        stm32f0xx_flash.o
    0x08002570   0x08002570   0x00000044   Code   RO          530    i.FLASH_ProgramHalfWord  stm32f0xx_flash.o
    0x080025b4   0x080025b4   0x00000074   Code   RO          531    i.FLASH_ProgramWord  stm32f0xx_flash.o
    0x08002628   0x08002628   0x00000024   Code   RO          533    i.FLASH_Unlock      stm32f0xx_flash.o
    0x0800264c   0x0800264c   0x00000028   Code   RO          534    i.FLASH_WaitForLastOperation  stm32f0xx_flash.o
    0x08002674   0x08002674   0x0000002c   Code   RO         4888    i.FM175XX_HPD       fm175xx.o
    0x080026a0   0x080026a0   0x0000003c   Code   RO         4889    i.FM175XX_HardReset  fm175xx.o
    0x080026dc   0x080026dc   0x0000004e   Code   RO         5058    i.FM175XX_Initial_ReaderA  reader_api.o
    0x0800272a   0x0800272a   0x00000038   Code   RO         5060    i.FM175XX_Polling   reader_api.o
    0x08002762   0x08002762   0x00000018   Code   RO         4674    i.Flash_PagesMask   flash.o
    0x0800277a   0x0800277a   0x0000004a   Code   RO         4675    i.Flash_Prepared    flash.o
    0x080027c4   0x080027c4   0x00000014   Code   RO         4676    i.Flash_Read        flash.o
    0x080027d8   0x080027d8   0x00000050   Code   RO         4677    i.Flash_Write       flash.o
    0x08002828   0x08002828   0x00000062   Code   RO         4678    i.Flash_Write_Word  flash.o
    0x0800288a   0x0800288a   0x00000086   Code   RO         4177    i.FormatFrame       parseframe.o
    0x08002910   0x08002910   0x00000090   Code   RO          708    i.GPIO_Init         stm32f0xx_gpio.o
    0x080029a0   0x080029a0   0x00000044   Code   RO          709    i.GPIO_PinAFConfig  stm32f0xx_gpio.o
    0x080029e4   0x080029e4   0x00000014   Code   RO          712    i.GPIO_ReadInputDataBit  stm32f0xx_gpio.o
    0x080029f8   0x080029f8   0x00000014   Code   RO          714    i.GPIO_ReadOutputDataBit  stm32f0xx_gpio.o
    0x08002a0c   0x08002a0c   0x00000004   Code   RO          715    i.GPIO_ResetBits    stm32f0xx_gpio.o
    0x08002a10   0x08002a10   0x00000004   Code   RO          716    i.GPIO_SetBits      stm32f0xx_gpio.o
    0x08002a14   0x08002a14   0x00000018   Code   RO          717    i.GPIO_StructInit   stm32f0xx_gpio.o
    0x08002a2c   0x08002a2c   0x00000080   Code   RO         4891    i.GetReg            fm175xx.o
    0x08002aac   0x08002aac   0x0000001c   Code   RO         4892    i.GetReg_Ext        fm175xx.o
    0x08002ac8   0x08002ac8   0x000000d0   Code   RO         4048    i.Get_RealVaule     universal_init.o
    0x08002b98   0x08002b98   0x00000098   Code   RO         4380    i.Handle_RGB_Control  led_others.o
    0x08002c30   0x08002c30   0x000000cc   Code   RO         4786    i.Handle_Temp_Ctr   handletemperature.o
    0x08002cfc   0x08002cfc   0x00000020   Code   RO         4051    i.Handle_Temp_Set   universal_init.o
    0x08002d1c   0x08002d1c   0x00000098   Code   RO         4052    i.Handle_Timer_Init  universal_init.o
    0x08002db4   0x08002db4   0x0000001e   Code   RO         4720    i.IAP_EraseSWFlash  iap.o
    0x08002dd2   0x08002dd2   0x00000002   PAD
    0x08002dd4   0x08002dd4   0x00000038   Code   RO         4721    i.IAP_Init          iap.o
    0x08002e0c   0x08002e0c   0x00000358   Code   RO         4722    i.IAP_ParseFrame    iap.o
    0x08003164   0x08003164   0x00000060   Code   RO         4723    i.IAP_Reset         iap.o
    0x080031c4   0x080031c4   0x00000034   Code   RO         4724    i.IAP_SaveFCtrlmap  iap.o
    0x080031f8   0x080031f8   0x000000c8   Code   RO         4725    i.IAP_decrypt       iap.o
    0x080032c0   0x080032c0   0x0000002c   Code   RO         4520    i.IIC_Init          iic.o
    0x080032ec   0x080032ec   0x0000003c   Code   RO         4522    i.IIC_PushFrame     iic.o
    0x08003328   0x08003328   0x000000c4   Code   RO         4525    i.IIC_Send_Byte     iic.o
    0x080033ec   0x080033ec   0x0000008c   Code   RO         4526    i.IIC_Send_Bytes    iic.o
    0x08003478   0x08003478   0x00000048   Code   RO         4527    i.IIC_Send_Command  iic.o
    0x080034c0   0x080034c0   0x0000008c   Code   RO         4528    i.IIC_Start         iic.o
    0x0800354c   0x0800354c   0x0000008c   Code   RO         4529    i.IIC_Stop          iic.o
    0x080035d8   0x080035d8   0x00000094   Code   RO         4530    i.IIC_Wait_Ack      iic.o
    0x0800366c   0x0800366c   0x00000054   Code   RO         4532    i.IicProcess        iic.o
    0x080036c0   0x080036c0   0x00000084   Code   RO         3912    i.InitAllPeripherals  system_config.o
    0x08003744   0x08003744   0x00000038   Code   RO         4342    i.Init_Show_Process  dis_task.o
    0x0800377c   0x0800377c   0x00000022   Code   RO         5061    i.JUDGE             reader_api.o
    0x0800379e   0x0800379e   0x00000002   PAD
    0x080037a0   0x080037a0   0x00000050   Code   RO         4381    i.LED_DMA_Refresh   led_others.o
    0x080037f0   0x080037f0   0x00000148   Code   RO         5062    i.LPCD_Read         reader_api.o
    0x08003938   0x08003938   0x00000040   Code   RO         4787    i.Linear_Table      handletemperature.o
    0x08003978   0x08003978   0x000000f4   Code   RO         5063    i.Lpcd_Calibrate_Driver  reader_api.o
    0x08003a6c   0x08003a6c   0x0000007c   Code   RO         5064    i.Lpcd_Calibrate_Reference  reader_api.o
    0x08003ae8   0x08003ae8   0x00000018   Code   RO         5065    i.Lpcd_Calibration_Backup  reader_api.o
    0x08003b00   0x08003b00   0x00000034   Code   RO         5066    i.Lpcd_Calibration_Event  reader_api.o
    0x08003b34   0x08003b34   0x00000050   Code   RO         5067    i.Lpcd_Calibration_Restore  reader_api.o
    0x08003b84   0x08003b84   0x0000004a   Code   RO         5068    i.Lpcd_Get_Calibration_Value  reader_api.o
    0x08003bce   0x08003bce   0x00000010   Code   RO         5069    i.Lpcd_Get_IRQ      reader_api.o
    0x08003bde   0x08003bde   0x00000030   Code   RO         5070    i.Lpcd_Get_Value    reader_api.o
    0x08003c0e   0x08003c0e   0x0000000e   Code   RO         5071    i.Lpcd_IRQ_Event    reader_api.o
    0x08003c1c   0x08003c1c   0x0000002a   Code   RO         5072    i.Lpcd_Init_Register  reader_api.o
    0x08003c46   0x08003c46   0x00000016   Code   RO         5073    i.Lpcd_Reset_Status  reader_api.o
    0x08003c5c   0x08003c5c   0x0000005e   Code   RO         5074    i.Lpcd_Set_Driver   reader_api.o
    0x08003cba   0x08003cba   0x00000014   Code   RO         5075    i.Lpcd_Set_Gain     reader_api.o
    0x08003cce   0x08003cce   0x0000001c   Code   RO         5076    i.Lpcd_Set_IE       reader_api.o
    0x08003cea   0x08003cea   0x00000014   Code   RO         5077    i.Lpcd_Set_IRQ_pin  reader_api.o
    0x08003cfe   0x08003cfe   0x00000022   Code   RO         5078    i.Lpcd_Set_Mode     reader_api.o
    0x08003d20   0x08003d20   0x0000002a   Code   RO         5079    i.Lpcd_Set_Reference  reader_api.o
    0x08003d4a   0x08003d4a   0x00000038   Code   RO         5080    i.Lpcd_Set_Threshold  reader_api.o
    0x08003d82   0x08003d82   0x00000002   PAD
    0x08003d84   0x08003d84   0x000000b8   Code   RO         5081    i.Lpcd_Set_Timer    reader_api.o
    0x08003e3c   0x08003e3c   0x0000003a   Code   RO         5082    i.Lpcd_WaitFor_Irq  reader_api.o
    0x08003e76   0x08003e76   0x000000b6   Code   RO         4981    i.Mifare_Auth       mifare.o
    0x08003f2c   0x08003f2c   0x00000062   Code   RO         4984    i.Mifare_Blockread  mifare.o
    0x08003f8e   0x08003f8e   0x00000098   Code   RO         4986    i.Mifare_Blockwrite  mifare.o
    0x08004026   0x08004026   0x00000032   Code   RO         4893    i.ModifyReg         fm175xx.o
    0x08004058   0x08004058   0x00000032   Code   RO         4894    i.ModifyReg_Ext     fm175xx.o
    0x0800408a   0x0800408a   0x00000002   PAD
    0x0800408c   0x0800408c   0x00000088   Code   RO         4618    i.NFC_Card_ID_Pro   control_task.o
    0x08004114   0x08004114   0x00000048   Code   RO         4788    i.NTC_GET_Temperature  handletemperature.o
    0x0800415c   0x0800415c   0x0000003c   Code   RO         3914    i.NVIC_Configuration  system_config.o
    0x08004198   0x08004198   0x00000070   Code   RO         1121    i.NVIC_Init         stm32f0xx_misc.o
    0x08004208   0x08004208   0x00000030   Code   RO         4619    i.Normal_Tasks_Process  control_task.o
    0x08004238   0x08004238   0x0000004c   Code   RO         4620    i.Normal_Tasks_Remarks  control_task.o
    0x08004284   0x08004284   0x000000a4   Code   RO         4178    i.ParseFrame        parseframe.o
    0x08004328   0x08004328   0x0000009e   Code   RO         3916    i.Peripherals_Clock_Init  system_config.o
    0x080043c6   0x080043c6   0x00000002   PAD
    0x080043c8   0x080043c8   0x000000a0   Code   RO         4382    i.PowerON_RGB       led_others.o
    0x08004468   0x08004468   0x00000022   Code   RO         4179    i.PushMiniFrame     parseframe.o
    0x0800448a   0x0800448a   0x00000002   PAD
    0x0800448c   0x0800448c   0x000000ac   Code   RO         4826    i.Query_Send_Data_Pro  stateupdate.o
    0x08004538   0x08004538   0x00000038   Code   RO         1227    i.RCC_ADCCLKConfig  stm32f0xx_rcc.o
    0x08004570   0x08004570   0x00000020   Code   RO         1228    i.RCC_AHBPeriphClockCmd  stm32f0xx_rcc.o
    0x08004590   0x08004590   0x00000020   Code   RO         1230    i.RCC_APB1PeriphClockCmd  stm32f0xx_rcc.o
    0x080045b0   0x080045b0   0x00000020   Code   RO         1231    i.RCC_APB1PeriphResetCmd  stm32f0xx_rcc.o
    0x080045d0   0x080045d0   0x00000020   Code   RO         1232    i.RCC_APB2PeriphClockCmd  stm32f0xx_rcc.o
    0x080045f0   0x080045f0   0x00000020   Code   RO         1233    i.RCC_APB2PeriphResetCmd  stm32f0xx_rcc.o
    0x08004610   0x08004610   0x000001f0   Code   RO         1242    i.RCC_GetClocksFreq  stm32f0xx_rcc.o
    0x08004800   0x08004800   0x00000002   Code   RO         5083    i.RE_LPCD_CALIBRATION  reader_api.o
    0x08004802   0x08004802   0x00000002   PAD
    0x08004804   0x08004804   0x000000fc   Code   RO         4383    i.RGB_Bit_Set       led_others.o
    0x08004900   0x08004900   0x00000038   Code   RO         4384    i.RGB_Buff_Init     led_others.o
    0x08004938   0x08004938   0x0000010c   Code   RO         4385    i.RGB_Time_Init     led_others.o
    0x08004a44   0x08004a44   0x00000048   Code   RO         3917    i.ReadUniqueID      system_config.o
    0x08004a8c   0x08004a8c   0x000000c0   Code   RO         5084    i.ReaderA_AntiColl  reader_api.o
    0x08004b4c   0x08004b4c   0x00000080   Code   RO         5085    i.ReaderA_CardActivate  reader_api.o
    0x08004bcc   0x08004bcc   0x000000ac   Code   RO         5088    i.ReaderA_Select    reader_api.o
    0x08004c78   0x08004c78   0x00000060   Code   RO         5089    i.ReaderA_Wakeup    reader_api.o
    0x08004cd8   0x08004cd8   0x000000d0   Code   RO         5365    i.SPI1_Configuration  spi.o
    0x08004da8   0x08004da8   0x0000001c   Code   RO         1825    i.SPI_Cmd           stm32f0xx_spi.o
    0x08004dc4   0x08004dc4   0x00000006   Code   RO         1831    i.SPI_I2S_ClearFlag  stm32f0xx_spi.o
    0x08004dca   0x08004dca   0x00000014   Code   RO         1834    i.SPI_I2S_GetFlagStatus  stm32f0xx_spi.o
    0x08004dde   0x08004dde   0x00000002   PAD
    0x08004de0   0x08004de0   0x00000058   Code   RO         1839    i.SPI_Init          stm32f0xx_spi.o
    0x08004e38   0x08004e38   0x00000094   Code   RO         4895    i.SPI_Read_FIFO     fm175xx.o
    0x08004ecc   0x08004ecc   0x0000000c   Code   RO         1843    i.SPI_ReceiveData8  stm32f0xx_spi.o
    0x08004ed8   0x08004ed8   0x00000014   Code   RO         1844    i.SPI_RxFIFOThresholdConfig  stm32f0xx_spi.o
    0x08004eec   0x08004eec   0x0000000a   Code   RO         1846    i.SPI_SendData8     stm32f0xx_spi.o
    0x08004ef6   0x08004ef6   0x00000002   PAD
    0x08004ef8   0x08004ef8   0x00000070   Code   RO         4896    i.SPI_Write_FIFO    fm175xx.o
    0x08004f68   0x08004f68   0x00000002   Code   RO         5624    i.SVC_Handler       port.o
    0x08004f6a   0x08004f6a   0x00000002   PAD
    0x08004f6c   0x08004f6c   0x00000040   Code   RO         2023    i.SYSCFG_EXTILineConfig  stm32f0xx_syscfg.o
    0x08004fac   0x08004fac   0x0000001c   Code   RO         2026    i.SYSCFG_MemoryRemapConfig  stm32f0xx_syscfg.o
    0x08004fc8   0x08004fc8   0x00000104   Code   RO         3918    i.SaveFDatamap      system_config.o
    0x080050cc   0x080050cc   0x0000001c   Code   RO         3919    i.SetErrorByte      system_config.o
    0x080050e8   0x080050e8   0x00000020   Code   RO         5094    i.SetReceiveCRC     reader_api.o
    0x08005108   0x08005108   0x00000070   Code   RO         4897    i.SetReg            fm175xx.o
    0x08005178   0x08005178   0x00000020   Code   RO         4898    i.SetReg_Ext        fm175xx.o
    0x08005198   0x08005198   0x0000005c   Code   RO         5095    i.SetRf             reader_api.o
    0x080051f4   0x080051f4   0x00000020   Code   RO         5096    i.SetSendCRC        reader_api.o
    0x08005214   0x08005214   0x0000006c   Code   RO         5097    i.SetTimeOut        reader_api.o
    0x08005280   0x08005280   0x00000024   Code   RO         1123    i.SysTick_CLKSourceConfig  stm32f0xx_misc.o
    0x080052a4   0x080052a4   0x00000024   Code   RO         5625    i.SysTick_Handler   port.o
    0x080052c8   0x080052c8   0x000000d8   Code   RO         3920    i.SystemCoreClockConfigure  system_config.o
    0x080053a0   0x080053a0   0x000000b0   Code   RO         3677    i.SystemCoreClockUpdate  system_stm32f0xx.o
    0x08005450   0x08005450   0x00000074   Code   RO         3678    i.SystemInit        system_stm32f0xx.o
    0x080054c4   0x080054c4   0x0000001c   Code   RO         4053    i.TIM2_IRQHandler   universal_init.o
    0x080054e0   0x080054e0   0x0000001c   Code   RO         2085    i.TIM_ARRPreloadConfig  stm32f0xx_tim.o
    0x080054fc   0x080054fc   0x00000006   Code   RO         2091    i.TIM_ClearFlag     stm32f0xx_tim.o
    0x08005502   0x08005502   0x00000006   Code   RO         2092    i.TIM_ClearITPendingBit  stm32f0xx_tim.o
    0x08005508   0x08005508   0x0000001c   Code   RO         2097    i.TIM_Cmd           stm32f0xx_tim.o
    0x08005524   0x08005524   0x00000022   Code   RO         2099    i.TIM_CtrlPWMOutputs  stm32f0xx_tim.o
    0x08005546   0x08005546   0x00000014   Code   RO         2100    i.TIM_DMACmd        stm32f0xx_tim.o
    0x0800555a   0x0800555a   0x00000002   PAD
    0x0800555c   0x0800555c   0x00000104   Code   RO         2102    i.TIM_DeInit        stm32f0xx_tim.o
    0x08005660   0x08005660   0x00000026   Code   RO         2118    i.TIM_GetITStatus   stm32f0xx_tim.o
    0x08005686   0x08005686   0x00000014   Code   RO         2122    i.TIM_ITConfig      stm32f0xx_tim.o
    0x0800569a   0x0800569a   0x00000002   PAD
    0x0800569c   0x0800569c   0x00000094   Code   RO         2126    i.TIM_OC1Init       stm32f0xx_tim.o
    0x08005730   0x08005730   0x00000018   Code   RO         2129    i.TIM_OC1PreloadConfig  stm32f0xx_tim.o
    0x08005748   0x08005748   0x000000ac   Code   RO         2131    i.TIM_OC2Init       stm32f0xx_tim.o
    0x080057f4   0x080057f4   0x00000018   Code   RO         2134    i.TIM_OC2PreloadConfig  stm32f0xx_tim.o
    0x0800580c   0x0800580c   0x00000098   Code   RO         2136    i.TIM_OC3Init       stm32f0xx_tim.o
    0x080058a4   0x080058a4   0x00000018   Code   RO         2139    i.TIM_OC3PreloadConfig  stm32f0xx_tim.o
    0x080058bc   0x080058bc   0x00000014   Code   RO         2144    i.TIM_OCStructInit  stm32f0xx_tim.o
    0x080058d0   0x080058d0   0x00000004   Code   RO         2160    i.TIM_SetCompare1   stm32f0xx_tim.o
    0x080058d4   0x080058d4   0x00000004   Code   RO         2161    i.TIM_SetCompare2   stm32f0xx_tim.o
    0x080058d8   0x080058d8   0x00000004   Code   RO         2162    i.TIM_SetCompare3   stm32f0xx_tim.o
    0x080058dc   0x080058dc   0x0000007c   Code   RO         2170    i.TIM_TimeBaseInit  stm32f0xx_tim.o
    0x08005958   0x08005958   0x00000012   Code   RO         2171    i.TIM_TimeBaseStructInit  stm32f0xx_tim.o
    0x0800596a   0x0800596a   0x00000002   PAD
    0x0800596c   0x0800596c   0x00000134   Code   RO         5098    i.TYPE_A_EVENT      reader_api.o
    0x08005aa0   0x08005aa0   0x00000038   Code   RO         4054    i.Timer2Init        universal_init.o
    0x08005ad8   0x08005ad8   0x0000008c   Code   RO         4253    i.UART3_CheckReceive  uart_3.o
    0x08005b64   0x08005b64   0x00000060   Code   RO         4254    i.UART3_CheckSend   uart_3.o
    0x08005bc4   0x08005bc4   0x000000d4   Code   RO         4255    i.UART3_DMAConfiguration  uart_3.o
    0x08005c98   0x08005c98   0x0000002c   Code   RO         4256    i.UART3_DmaSend     uart_3.o
    0x08005cc4   0x08005cc4   0x0000000c   Code   RO         4257    i.UART3_InitVariables  uart_3.o
    0x08005cd0   0x08005cd0   0x00000090   Code   RO         4258    i.UART3_Int         uart_3.o
    0x08005d60   0x08005d60   0x00000118   Code   RO         4259    i.UART3_ParseData   uart_3.o
    0x08005e78   0x08005e78   0x000000a4   Code   RO         4261    i.UART3_PushFrame   uart_3.o
    0x08005f1c   0x08005f1c   0x00000040   Code   RO         4262    i.UART3_SetPinToRx  uart_3.o
    0x08005f5c   0x08005f5c   0x00000040   Code   RO         4263    i.UART3_SetPinToTx  uart_3.o
    0x08005f9c   0x08005f9c   0x00000018   Code   RO         3375    i.USART_Cmd         stm32f0xx_usart.o
    0x08005fb4   0x08005fb4   0x00000014   Code   RO         3378    i.USART_DMACmd      stm32f0xx_usart.o
    0x08005fc8   0x08005fc8   0x0000007c   Code   RO         3381    i.USART_DeInit      stm32f0xx_usart.o
    0x08006044   0x08006044   0x00000018   Code   RO         3385    i.USART_HalfDuplexCmd  stm32f0xx_usart.o
    0x0800605c   0x0800605c   0x000000e8   Code   RO         3387    i.USART_Init        stm32f0xx_usart.o
    0x08006144   0x08006144   0x00000068   Code   RO         3921    i.Variables_Init    system_config.o
    0x080061ac   0x080061ac   0x00000138   Code   RO         4621    i.Wireless_Power_Ctr_Handler  control_task.o
    0x080062e4   0x080062e4   0x0000001c   Code   RO         4608    i.__ARM_common_switch8  iic.o
    0x08006300   0x08006300   0x0000000e   Code   RO         6550    i.__scatterload_copy  mc_p.l(handlers.o)
    0x0800630e   0x0800630e   0x00000002   Code   RO         6551    i.__scatterload_null  mc_p.l(handlers.o)
    0x08006310   0x08006310   0x0000000e   Code   RO         6552    i.__scatterload_zeroinit  mc_p.l(handlers.o)
    0x0800631e   0x0800631e   0x00000002   PAD
    0x08006320   0x08006320   0x0000002c   Code   RO         5099    i.check_NFC_key     reader_api.o
    0x0800634c   0x0800634c   0x00000054   Code   RO         3922    i.delay_init        system_config.o
    0x080063a0   0x080063a0   0x00000048   Code   RO         3924    i.delay_us          system_config.o
    0x080063e8   0x080063e8   0x00000040   Code   RO         5940    i.eTaskConfirmSleepModeStatus  tasks.o
    0x08006428   0x08006428   0x00000050   Code   RO         4129    i.gpioGetInput      gpio.o
    0x08006478   0x08006478   0x00000028   Code   RO         4130    i.gpioGetOutput     gpio.o
    0x080064a0   0x080064a0   0x00000028   Code   RO         4131    i.gpioInitialize    gpio.o
    0x080064c8   0x080064c8   0x0000003c   Code   RO         4132    i.gpioSetOutput     gpio.o
    0x08006504   0x08006504   0x00000030   Code   RO         4133    i.gpioSetToggle     gpio.o
    0x08006534   0x08006534   0x00000038   Code   RO         4899    i.mDelay            fm175xx.o
    0x0800656c   0x0800656c   0x00000044   Code   RO         3713    i.main              main.o
    0x080065b0   0x080065b0   0x00000048   Code   RO         4827    i.powerCtrl         stateupdate.o
    0x080065f8   0x080065f8   0x00000088   Code   RO         5943    i.prvAddCurrentTaskToDelayedList  tasks.o
    0x08006680   0x08006680   0x000000ac   Code   RO         5944    i.prvAddNewTaskToReadyList  tasks.o
    0x0800672c   0x0800672c   0x00000050   Code   RO         6358    i.prvCheckForValidListAndQueue  timers.o
    0x0800677c   0x0800677c   0x00000048   Code   RO         5945    i.prvCheckTasksWaitingTermination  tasks.o
    0x080067c4   0x080067c4   0x0000002c   Code   RO         5700    i.prvCopyDataFromQueue  queue.o
    0x080067f0   0x080067f0   0x00000080   Code   RO         5701    i.prvCopyDataToQueue  queue.o
    0x08006870   0x08006870   0x00000012   Code   RO         5946    i.prvDeleteTCB      tasks.o
    0x08006882   0x08006882   0x00000002   PAD
    0x08006884   0x08006884   0x00000050   Code   RO         5947    i.prvGetExpectedIdleTime  tasks.o
    0x080068d4   0x080068d4   0x0000002c   Code   RO         6359    i.prvGetNextExpireTime  timers.o
    0x08006900   0x08006900   0x0000007c   Code   RO         5568    i.prvHeapInit       heap_4.o
    0x0800697c   0x0800697c   0x00000050   Code   RO         5948    i.prvIdleTask       tasks.o
    0x080069cc   0x080069cc   0x00000030   Code   RO         5704    i.prvInitialiseNewQueue  queue.o
    0x080069fc   0x080069fc   0x000000c0   Code   RO         5949    i.prvInitialiseNewTask  tasks.o
    0x08006abc   0x08006abc   0x00000064   Code   RO         5950    i.prvInitialiseTaskLists  tasks.o
    0x08006b20   0x08006b20   0x00000068   Code   RO         5569    i.prvInsertBlockIntoFreeList  heap_4.o
    0x08006b88   0x08006b88   0x00000054   Code   RO         6361    i.prvInsertTimerInActiveList  timers.o
    0x08006bdc   0x08006bdc   0x0000001c   Code   RO         5705    i.prvIsQueueEmpty   queue.o
    0x08006bf8   0x08006bf8   0x0000001e   Code   RO         5706    i.prvIsQueueFull    queue.o
    0x08006c16   0x08006c16   0x00000076   Code   RO         5707    i.prvNotifyQueueSetContainer  queue.o
    0x08006c8c   0x08006c8c   0x00000068   Code   RO         6362    i.prvProcessExpiredTimer  timers.o
    0x08006cf4   0x08006cf4   0x00000144   Code   RO         6363    i.prvProcessReceivedCommands  timers.o
    0x08006e38   0x08006e38   0x0000006c   Code   RO         6364    i.prvProcessTimerOrBlockTask  timers.o
    0x08006ea4   0x08006ea4   0x00000038   Code   RO         5952    i.prvResetNextTaskUnblockTime  tasks.o
    0x08006edc   0x08006edc   0x0000002c   Code   RO         6365    i.prvSampleTimeNow  timers.o
    0x08006f08   0x08006f08   0x00000094   Code   RO         6366    i.prvSwitchTimerLists  timers.o
    0x08006f9c   0x08006f9c   0x00000024   Code   RO         5626    i.prvTaskExitError  port.o
    0x08006fc0   0x08006fc0   0x0000001a   Code   RO         6367    i.prvTimerTask      timers.o
    0x08006fda   0x08006fda   0x000000a4   Code   RO         5708    i.prvUnlockQueue    queue.o
    0x0800707e   0x0800707e   0x00000002   PAD
    0x08007080   0x08007080   0x0000012c   Code   RO         5570    i.pvPortMalloc      heap_4.o
    0x080071ac   0x080071ac   0x00000020   Code   RO         5627    i.pxPortInitialiseStack  port.o
    0x080071cc   0x080071cc   0x000000a4   Code   RO         3714    i.start_task        main.o
    0x08007270   0x08007270   0x000001dc   Code   RO         4864    i.turnLightProcess  turnlightprocess.o
    0x0800744c   0x0800744c   0x00000016   Code   RO         5100    i.uDelay            reader_api.o
    0x08007462   0x08007462   0x00000028   Code   RO         5532    i.uxListRemove      list.o
    0x0800748a   0x0800748a   0x0000001a   Code   RO         5533    i.vListInitialise   list.o
    0x080074a4   0x080074a4   0x00000006   Code   RO         5534    i.vListInitialiseItem  list.o
    0x080074aa   0x080074aa   0x00000036   Code   RO         5535    i.vListInsert       list.o
    0x080074e0   0x080074e0   0x00000018   Code   RO         5536    i.vListInsertEnd    list.o
    0x080074f8   0x080074f8   0x0000001c   Code   RO         5629    i.vPortEnterCritical  port.o
    0x08007514   0x08007514   0x00000028   Code   RO         5630    i.vPortExitCritical  port.o
    0x0800753c   0x0800753c   0x00000090   Code   RO         5571    i.vPortFree         heap_4.o
    0x080075cc   0x080075cc   0x00000060   Code   RO         5631    i.vPortSetupTimerInterrupt  port.o
    0x0800762c   0x0800762c   0x00000144   Code   RO         5632    i.vPortSuppressTicksAndSleep  port.o
    0x08007770   0x08007770   0x00000018   Code   RO         5633    i.vPortYield        port.o
    0x08007788   0x08007788   0x0000004c   Code   RO         5716    i.vQueueWaitForMessageRestricted  queue.o
    0x080077d4   0x080077d4   0x00000044   Code   RO         5967    i.vTaskDelay        tasks.o
    0x08007818   0x08007818   0x000000b4   Code   RO         5969    i.vTaskDelete       tasks.o
    0x080078cc   0x080078cc   0x00000018   Code   RO         5972    i.vTaskInternalSetTimeOutState  tasks.o
    0x080078e4   0x080078e4   0x0000000c   Code   RO         5973    i.vTaskMissedYield  tasks.o
    0x080078f0   0x080078f0   0x0000002c   Code   RO         5975    i.vTaskPlaceOnEventList  tasks.o
    0x0800791c   0x0800791c   0x00000034   Code   RO         5976    i.vTaskPlaceOnEventListRestricted  tasks.o
    0x08007950   0x08007950   0x00000078   Code   RO         5984    i.vTaskStartScheduler  tasks.o
    0x080079c8   0x080079c8   0x00000034   Code   RO         5985    i.vTaskStepTick     tasks.o
    0x080079fc   0x080079fc   0x00000010   Code   RO         5987    i.vTaskSuspendAll   tasks.o
    0x08007a0c   0x08007a0c   0x00000080   Code   RO         5988    i.vTaskSwitchContext  tasks.o
    0x08007a8c   0x08007a8c   0x00000038   Code   RO         5634    i.xPortStartScheduler  port.o
    0x08007ac4   0x08007ac4   0x0000004c   Code   RO         5721    i.xQueueGenericCreate  queue.o
    0x08007b10   0x08007b10   0x00000082   Code   RO         5722    i.xQueueGenericReset  queue.o
    0x08007b92   0x08007b92   0x0000017e   Code   RO         5723    i.xQueueGenericSend  queue.o
    0x08007d10   0x08007d10   0x000000e4   Code   RO         5724    i.xQueueGenericSendFromISR  queue.o
    0x08007df4   0x08007df4   0x00000138   Code   RO         5733    i.xQueueReceive     queue.o
    0x08007f2c   0x08007f2c   0x00000090   Code   RO         5991    i.xTaskCheckForTimeOut  tasks.o
    0x08007fbc   0x08007fbc   0x0000005c   Code   RO         5992    i.xTaskCreate       tasks.o
    0x08008018   0x08008018   0x00000024   Code   RO         5998    i.xTaskGetSchedulerState  tasks.o
    0x0800803c   0x0800803c   0x0000000c   Code   RO         5999    i.xTaskGetTickCount  tasks.o
    0x08008048   0x08008048   0x0000013c   Code   RO         6001    i.xTaskIncrementTick  tasks.o
    0x08008184   0x08008184   0x00000088   Code   RO         6004    i.xTaskPriorityDisinherit  tasks.o
    0x0800820c   0x0800820c   0x0000008c   Code   RO         6006    i.xTaskRemoveFromEventList  tasks.o
    0x08008298   0x08008298   0x000000f0   Code   RO         6007    i.xTaskResumeAll    tasks.o
    0x08008388   0x08008388   0x00000048   Code   RO         6375    i.xTimerCreateTimerTask  timers.o
    0x080083d0   0x080083d0   0x00000074   Code   RO         6376    i.xTimerGenericCommand  timers.o
    0x08008444   0x08008444   0x0000001f   Data   RO         5102    .constdata          reader_api.o
    0x08008463   0x08008463   0x00000001   PAD
    0x08008464   0x08008464   0x00000020   Data   RO         6548    Region$$Table       anon$$obj.o


    Execution Region RW_IRAM1 (Exec base: 0x200000c0, Load base: 0x08008484, Size: 0x00002c20, Max: 0x00004000, ABSOLUTE, COMPRESSED[0x0000011c])

    Exec Addr    Load Addr    Size         Type   Attr      Idx    E Section Name        Object

    0x200000c0   COMPRESSED   0x00000008   Data   RW          535    .data               stm32f0xx_flash.o
    0x200000c8   COMPRESSED   0x00000010   Data   RW         1268    .data               stm32f0xx_rcc.o
    0x200000d8   COMPRESSED   0x00000014   Data   RW         3679    .data               system_stm32f0xx.o
    0x200000ec   COMPRESSED   0x00000010   Data   RW         3716    .data               main.o
    0x200000fc   COMPRESSED   0x00000005   Data   RW         3926    .data               system_config.o
    0x20000101   COMPRESSED   0x00000003   PAD
    0x20000104   COMPRESSED   0x000000e0   Data   RW         4135    .data               gpio.o
    0x200001e4   COMPRESSED   0x00000005   Data   RW         4220    .data               user_com_task.o
    0x200001e9   COMPRESSED   0x00000003   PAD
    0x200001ec   COMPRESSED   0x00000014   Data   RW         4266    .data               uart_3.o
    0x20000200   COMPRESSED   0x00000005   Data   RW         4344    .data               dis_task.o
    0x20000205   COMPRESSED   0x00000001   PAD
    0x20000206   COMPRESSED   0x0000000f   Data   RW         4388    .data               led_others.o
    0x20000215   COMPRESSED   0x00000001   PAD
    0x20000216   COMPRESSED   0x0000000a   Data   RW         4459    .data               ambient_light_app.o
    0x20000220   COMPRESSED   0x00000007   Data   RW         4535    .data               iic.o
    0x20000227   COMPRESSED   0x00000001   PAD
    0x20000228   COMPRESSED   0x0000005a   Data   RW         4623    .data               control_task.o
    0x20000282   COMPRESSED   0x00000002   PAD
    0x20000284   COMPRESSED   0x0000001c   Data   RW         4730    .data               iap.o
    0x200002a0   COMPRESSED   0x0000006c   Data   RW         4790    .data               handletemperature.o
    0x2000030c   COMPRESSED   0x00000004   Data   RW         4829    .data               stateupdate.o
    0x20000310   COMPRESSED   0x0000000a   Data   RW         4866    .data               turnlightprocess.o
    0x2000031a   COMPRESSED   0x000000e3   Data   RW         4992    .data               mifare.o
    0x200003fd   COMPRESSED   0x00000003   PAD
    0x20000400   COMPRESSED   0x00000014   Data   RW         5103    .data               reader_api.o
    0x20000414   COMPRESSED   0x00000005   Data   RW         5399    .data               variable.o
    0x20000419   COMPRESSED   0x00000003   PAD
    0x2000041c   COMPRESSED   0x00000020   Data   RW         5577    .data               heap_4.o
    0x2000043c   COMPRESSED   0x00000010   Data   RW         5635    .data               port.o
    0x2000044c   COMPRESSED   0x0000003c   Data   RW         6010    .data               tasks.o
    0x20000488   COMPRESSED   0x00000014   Data   RW         6384    .data               timers.o
    0x2000049c        -       0x00000060   Zero   RW         4055    .bss                universal_init.o
    0x200004fc        -       0x000003b6   Zero   RW         4264    .bss                uart_3.o
    0x200008b2        -       0x00000088   Zero   RW         4386    .bss                led_others.o
    0x2000093a   COMPRESSED   0x00000002   PAD
    0x2000093c        -       0x00000028   Zero   RW         4457    .bss                ambient_light_app.o
    0x20000964        -       0x00000018   Zero   RW         4533    .bss                iic.o
    0x2000097c        -       0x000000fc   Zero   RW         4728    .bss                iap.o
    0x20000a78        -       0x00000020   Zero   RW         4990    .bss                mifare.o
    0x20000a98        -       0x00000056   Zero   RW         5101    .bss                reader_api.o
    0x20000aee        -       0x0000009b   Zero   RW         5397    .bss                variable.o
    0x20000b89        -       0x00001400   Zero   RW         5576    .bss                heap_4.o
    0x20001f89   COMPRESSED   0x00000003   PAD
    0x20001f8c        -       0x0000012c   Zero   RW         6009    .bss                tasks.o
    0x200020b8        -       0x00000028   Zero   RW         6383    .bss                timers.o
    0x200020e0        -       0x00000c00   Zero   RW            1    STACK               startup_stm32f072.o


==============================================================================

Image component sizes


      Code (inc. data)   RO Data    RW Data    ZI Data      Debug   Object Name

       856         52          0         10         40       6440   ambient_light_app.o
       926         94          0         90          0       4607   control_task.o
       548         36          0          5          0       2006   dis_task.o
       296          0          0          0          0       3973   flash.o
       852         32          0          0          0       6937   fm175xx.o
       268         28          0        224          0       3300   gpio.o
       486         14          0        108          0       4083   handletemperature.o
       672         72          0         32       5120       4319   heap_4.o
      1290        114         16         28        252       6235   iap.o
      1052         66          0          7         24       7216   iic.o
      1166         80          0         15        136       6024   led_others.o
       150          0          0          0          0       3138   list.o
       232         90          0         16          0      18586   main.o
       432          0          0        227         32       3659   mifare.o
       362         10          0          0          0       3394   parseframe.o
       794         92          0         16          0       8140   port.o
      1764          0          0          0          0      14955   queue.o
      3572        176         31         20         86      25777   reader_api.o
       308         22          0          0          0       1588   spi.o
        28          8        192          0       3072        704   startup_stm32f072.o
       372         32          0          4          0       2013   stateupdate.o
       298          8          0          0          0       6330   stm32f0xx_adc.o
         0          0          0          0          0     228076   stm32f0xx_crc.o
       410         36          0          0          0       6125   stm32f0xx_dma.o
       176         16          0          0          0       2116   stm32f0xx_exti.o
       424         46          0          8          0       4821   stm32f0xx_flash.o
       284          4          0          0          0       4666   stm32f0xx_gpio.o
       148         10          0          0          0       1490   stm32f0xx_misc.o
       712         52          0         16          0       5283   stm32f0xx_rcc.o
       184         20          0          0          0       4576   stm32f0xx_spi.o
        92          8          0          0          0       1223   stm32f0xx_syscfg.o
      1158        170          0          0          0      13121   stm32f0xx_tim.o
       424         34          0          0          0       3865   stm32f0xx_usart.o
      1214        126          0          5          0      10112   system_config.o
       292         34          0         20          0       1889   system_stm32f0xx.o
      2782        422          0         60        300      24862   tasks.o
      1150        102          0         20         40      11747   timers.o
       476         34          0         10          0       1655   turnlightprocess.o
      1304        146          0         20        950       7613   uart_3.o
      1108         82          0          0         96       5894   universal_init.o
       120         18          0          5          0       6669   user_com_task.o
         0          0          0          5        155       6134   variable.o

    ----------------------------------------------------------------------
     29220       2386        272        988      10308     495361   Object Totals
         0          0         32          0          0          0   (incl. Generated)
        38          0          1         17          5          0   (incl. Padding)

    ----------------------------------------------------------------------

      Code (inc. data)   RO Data    RW Data    ZI Data      Debug   Library Member Name

        86          0          0          0          0          0   __dczerorl2.o
         0          0          0          0          0          0   entry.o
         0          0          0          0          0          0   entry10a.o
         0          0          0          0          0          0   entry11a.o
         4          0          0          0          0          0   entry12b.o
         8          4          0          0          0          0   entry2.o
         4          0          0          0          0          0   entry5.o
         0          0          0          0          0          0   entry7b.o
         0          0          0          0          0          0   entry8b.o
         8          4          0          0          0          0   entry9a.o
        30          0          0          0          0          0   handlers.o
        40          0          0          0          0         72   idiv.o
        36          8          0          0          0         68   init.o
        36          0          0          0          0         60   memcpya.o
        36          0          0          0          0        100   memseta.o
        44          0          0          0          0         72   uidiv.o

    ----------------------------------------------------------------------
       336         16          0          0          0        372   Library Totals
         4          0          0          0          0          0   (incl. Padding)

    ----------------------------------------------------------------------

      Code (inc. data)   RO Data    RW Data    ZI Data      Debug   Library Name

       332         16          0          0          0        372   mc_p.l

    ----------------------------------------------------------------------
       336         16          0          0          0        372   Library Totals

    ----------------------------------------------------------------------

==============================================================================


      Code (inc. data)   RO Data    RW Data    ZI Data      Debug   

     29556       2402        272        988      10308     482309   Grand Totals
     29556       2402        272        284      10308     482309   ELF Image Totals (compressed)
     29556       2402        272        284          0          0   ROM Totals

==============================================================================

    Total RO  Size (Code + RO Data)                29828 (  29.13kB)
    Total RW  Size (RW Data + ZI Data)             11296 (  11.03kB)
    Total ROM Size (Code + RO Data + RW Data)      30112 (  29.41kB)

==============================================================================

